src/pages/Employees.tsx(295,55): error TS2345: Argument of type 'string' is not assignable to parameter of type 'Department'.
src/pages/Employees.tsx(296,57): error TS2345: Argument of type 'string' is not assignable to parameter of type 'Position'.
src/pages/Employees.tsx(349,25): error TS2345: Argument of type 'string' is not assignable to parameter of type 'Department'.
src/pages/Employees.tsx(353,23): error TS2345: Argument of type 'string' is not assignable to parameter of type 'Position'.
src/pages/Settings.tsx(55,42): error TS2339: Property 'isElectron' does not exist on type '{ db?: { login: (username: string, password: string) => Promise<{ success: boolean; user?: any; message?: string; }>; createUser: (userData: { name: string; username: string; password: string; role: string; email?: string; }) => Promise<...>; ... 73 more ...; clearTable: (tableName: string) => Promise<...>; }; windo...'.
src/pages/Settings.tsx(83,43): error TS2339: Property 'getVersion' does not exist on type '{ db?: { login: (username: string, password: string) => Promise<{ success: boolean; user?: any; message?: string; }>; createUser: (userData: { name: string; username: string; password: string; role: string; email?: string; }) => Promise<...>; ... 73 more ...; clearTable: (tableName: string) => Promise<...>; }; windo...'.
src/pages/Settings.tsx(84,26): error TS2339: Property 'getVersion' does not exist on type '{ db?: { login: (username: string, password: string) => Promise<{ success: boolean; user?: any; message?: string; }>; createUser: (userData: { name: string; username: string; password: string; role: string; email?: string; }) => Promise<...>; ... 73 more ...; clearTable: (tableName: string) => Promise<...>; }; windo...'.
src/pages/Settings.tsx(277,43): error TS2339: Property 'checkForUpdates' does not exist on type '{ db?: { login: (username: string, password: string) => Promise<{ success: boolean; user?: any; message?: string; }>; createUser: (userData: { name: string; username: string; password: string; role: string; email?: string; }) => Promise<...>; ... 73 more ...; clearTable: (tableName: string) => Promise<...>; }; windo...'.
src/pages/Settings.tsx(279,26): error TS2339: Property 'checkForUpdates' does not exist on type '{ db?: { login: (username: string, password: string) => Promise<{ success: boolean; user?: any; message?: string; }>; createUser: (userData: { name: string; username: string; password: string; role: string; email?: string; }) => Promise<...>; ... 73 more ...; clearTable: (tableName: string) => Promise<...>; }; windo...'.
temp_genesis/capacitor.config.ts(1,38): error TS2307: Cannot find module '@capacitor/cli' or its corresponding type declarations.
temp_genesis/scripts/migrate-users.ts(92,68): error TS2339: Property 'email' does not exist on type 'never'.
temp_genesis/src/App.tsx(2,25): error TS2307: Cannot find module '@/components/ui/toaster' or its corresponding type declarations.
temp_genesis/src/App.tsx(3,35): error TS2307: Cannot find module '@/components/ui/sonner' or its corresponding type declarations.
temp_genesis/src/App.tsx(5,33): error TS2307: Cannot find module '@/components/ui/tooltip' or its corresponding type declarations.
temp_genesis/src/App.tsx(6,29): error TS2307: Cannot find module '@tanstack/react-query' or its corresponding type declarations.
temp_genesis/src/App.tsx(7,44): error TS2307: Cannot find module '@tanstack/react-query-persist-client' or its corresponding type declarations.
temp_genesis/src/App.tsx(10,31): error TS2307: Cannot find module 'next-themes' or its corresponding type declarations.
temp_genesis/src/App.tsx(30,27): error TS2307: Cannot find module '@capacitor/core' or its corresponding type declarations.
temp_genesis/src/App.tsx(127,45): error TS2307: Cannot find module '@/integrations/supabase/client' or its corresponding type declarations.
temp_genesis/src/App.tsx(157,14): error TS2307: Cannot find module '@capacitor/app' or its corresponding type declarations.
temp_genesis/src/components/ai/AIAssistantChat.tsx(2,75): error TS2307: Cannot find module '@/components/ui/card' or its corresponding type declarations.
temp_genesis/src/components/ai/AIAssistantChat.tsx(3,24): error TS2307: Cannot find module '@/components/ui/button' or its corresponding type declarations.
temp_genesis/src/components/ai/AIAssistantChat.tsx(4,23): error TS2307: Cannot find module '@/components/ui/input' or its corresponding type declarations.
temp_genesis/src/components/ai/AIAssistantChat.tsx(5,28): error TS2307: Cannot find module '@/components/ui/scroll-area' or its corresponding type declarations.
temp_genesis/src/components/ai/AIAssistantChat.tsx(6,23): error TS2307: Cannot find module '@/components/ui/badge' or its corresponding type declarations.
temp_genesis/src/components/ai/AIAssistantChat.tsx(7,32): error TS2307: Cannot find module '@/contexts/AIAssistantContext' or its corresponding type declarations.
temp_genesis/src/components/ai/AIAssistantChat.tsx(9,20): error TS2307: Cannot find module '@/lib/utils' or its corresponding type declarations.
temp_genesis/src/components/assets/AddAssetForm.tsx(2,58): error TS2307: Cannot find module '@/components/ui/card' or its corresponding type declarations.
temp_genesis/src/components/assets/AddAssetForm.tsx(3,24): error TS2307: Cannot find module '@/components/ui/button' or its corresponding type declarations.
temp_genesis/src/components/assets/AddAssetForm.tsx(4,23): error TS2307: Cannot find module '@/components/ui/input' or its corresponding type declarations.
temp_genesis/src/components/assets/AddAssetForm.tsx(5,23): error TS2307: Cannot find module '@/components/ui/label' or its corresponding type declarations.
temp_genesis/src/components/assets/AddAssetForm.tsx(6,26): error TS2307: Cannot find module '@/components/ui/textarea' or its corresponding type declarations.
temp_genesis/src/components/assets/AddAssetForm.tsx(7,79): error TS2307: Cannot find module '@/components/ui/select' or its corresponding type declarations.
temp_genesis/src/components/assets/AddAssetForm.tsx(8,26): error TS2307: Cannot find module '@/components/ui/combobox' or its corresponding type declarations.
temp_genesis/src/components/assets/AddAssetForm.tsx(9,29): error TS2307: Cannot find module '@/types/asset' or its corresponding type declarations.
temp_genesis/src/components/assets/AdvancedFilterSheet.tsx(2,24): error TS2307: Cannot find module '@/components/ui/button' or its corresponding type declarations.
temp_genesis/src/components/assets/AdvancedFilterSheet.tsx(3,23): error TS2307: Cannot find module '@/components/ui/input' or its corresponding type declarations.
temp_genesis/src/components/assets/AdvancedFilterSheet.tsx(4,23): error TS2307: Cannot find module '@/components/ui/label' or its corresponding type declarations.
temp_genesis/src/components/assets/AdvancedFilterSheet.tsx(5,26): error TS2307: Cannot find module '@/components/ui/checkbox' or its corresponding type declarations.
temp_genesis/src/components/assets/AdvancedFilterSheet.tsx(6,79): error TS2307: Cannot find module '@/components/ui/select' or its corresponding type declarations.
temp_genesis/src/components/assets/AdvancedFilterSheet.tsx(7,93): error TS2307: Cannot find module '@/components/ui/sheet' or its corresponding type declarations.
temp_genesis/src/components/assets/AdvancedFilterSheet.tsx(8,23): error TS2307: Cannot find module '@/components/ui/badge' or its corresponding type declarations.
temp_genesis/src/components/assets/AdvancedFilterSheet.tsx(9,27): error TS2307: Cannot find module '@/components/ui/separator' or its corresponding type declarations.
temp_genesis/src/components/assets/AdvancedFilterSheet.tsx(11,22): error TS2307: Cannot find module '@/types/asset' or its corresponding type declarations.
temp_genesis/src/components/assets/AssetAnalyticsDialog.tsx(2,24): error TS2307: Cannot find module '@/lib/logger' or its corresponding type declarations.
temp_genesis/src/components/assets/AssetAnalyticsDialog.tsx(8,8): error TS2307: Cannot find module '@/components/ui/dialog' or its corresponding type declarations.
temp_genesis/src/components/assets/AssetAnalyticsDialog.tsx(9,23): error TS2307: Cannot find module '@/components/ui/badge' or its corresponding type declarations.
temp_genesis/src/components/assets/AssetAnalyticsDialog.tsx(10,58): error TS2307: Cannot find module '@/components/ui/card' or its corresponding type declarations.
temp_genesis/src/components/assets/AssetAnalyticsDialog.tsx(11,44): error TS2307: Cannot find module '@/types/asset' or its corresponding type declarations.
temp_genesis/src/components/assets/AssetAnalyticsDialog.tsx(12,30): error TS2307: Cannot find module '@/types/equipment' or its corresponding type declarations.
temp_genesis/src/components/assets/AssetAnalyticsDialog.tsx(13,32): error TS2307: Cannot find module '@/types/maintenance' or its corresponding type declarations.
temp_genesis/src/components/assets/AssetAnalyticsDialog.tsx(15,58): error TS2307: Cannot find module '@/components/ui/tabs' or its corresponding type declarations.
temp_genesis/src/components/assets/AssetAnalyticsDialog.tsx(16,28): error TS2307: Cannot find module '@/contexts/AppDataContext' or its corresponding type declarations.
temp_genesis/src/components/assets/AssetAnalyticsDialog.tsx(709,27): error TS2365: Operator '<=' cannot be applied to types 'unknown' and 'number'.
temp_genesis/src/components/assets/AssetList.tsx(2,58): error TS2307: Cannot find module '@/components/ui/card' or its corresponding type declarations.
temp_genesis/src/components/assets/AssetList.tsx(3,24): error TS2307: Cannot find module '@/components/ui/button' or its corresponding type declarations.
temp_genesis/src/components/assets/AssetList.tsx(4,23): error TS2307: Cannot find module '@/components/ui/input' or its corresponding type declarations.
temp_genesis/src/components/assets/AssetList.tsx(5,23): error TS2307: Cannot find module '@/components/ui/badge' or its corresponding type declarations.
temp_genesis/src/components/assets/AssetList.tsx(6,79): error TS2307: Cannot find module '@/components/ui/table' or its corresponding type declarations.
temp_genesis/src/components/assets/AssetList.tsx(7,79): error TS2307: Cannot find module '@/components/ui/select' or its corresponding type declarations.
temp_genesis/src/components/assets/AssetList.tsx(8,50): error TS2307: Cannot find module '@/components/ui/mobile-action-menu' or its corresponding type declarations.
temp_genesis/src/components/assets/AssetList.tsx(9,23): error TS2307: Cannot find module '@/types/asset' or its corresponding type declarations.
temp_genesis/src/components/assets/AssetTable.tsx(3,24): error TS2307: Cannot find module '@/components/ui/button' or its corresponding type declarations.
temp_genesis/src/components/assets/AssetTable.tsx(4,29): error TS2307: Cannot find module '@/hooks/use-mobile' or its corresponding type declarations.
temp_genesis/src/components/assets/AssetTable.tsx(5,23): error TS2307: Cannot find module '@/components/ui/input' or its corresponding type declarations.
temp_genesis/src/components/assets/AssetTable.tsx(6,23): error TS2307: Cannot find module '@/components/ui/badge' or its corresponding type declarations.
temp_genesis/src/components/assets/AssetTable.tsx(7,26): error TS2307: Cannot find module '@/components/ui/checkbox' or its corresponding type declarations.
temp_genesis/src/components/assets/AssetTable.tsx(8,35): error TS2307: Cannot find module '@/components/ui/card' or its corresponding type declarations.
temp_genesis/src/components/assets/AssetTable.tsx(9,79): error TS2307: Cannot find module '@/components/ui/select' or its corresponding type declarations.
temp_genesis/src/components/assets/AssetTable.tsx(10,79): error TS2307: Cannot find module '@/components/ui/table' or its corresponding type declarations.
temp_genesis/src/components/assets/AssetTable.tsx(11,90): error TS2307: Cannot find module '@/components/ui/dropdown-menu' or its corresponding type declarations.
temp_genesis/src/components/assets/AssetTable.tsx(12,50): error TS2307: Cannot find module '@/components/ui/mobile-action-menu' or its corresponding type declarations.
temp_genesis/src/components/assets/AssetTable.tsx(13,81): error TS2307: Cannot find module '@/components/ui/dialog' or its corresponding type declarations.
temp_genesis/src/components/assets/AssetTable.tsx(14,29): error TS2307: Cannot find module '@/types/asset' or its corresponding type declarations.
temp_genesis/src/components/assets/AssetTable.tsx(16,29): error TS2307: Cannot find module '@/utils/activityLogger' or its corresponding type declarations.
temp_genesis/src/components/assets/AssetTable.tsx(17,25): error TS2307: Cannot find module '@/contexts/AuthContext' or its corresponding type declarations.
temp_genesis/src/components/assets/AssetTable.tsx(18,26): error TS2307: Cannot find module '@/hooks/use-toast' or its corresponding type declarations.
temp_genesis/src/components/assets/AssetTable.tsx(19,29): error TS2307: Cannot find module '@/services/dataService' or its corresponding type declarations.
temp_genesis/src/components/assets/BulkAssetOperations.tsx(2,24): error TS2307: Cannot find module '@/components/ui/button' or its corresponding type declarations.
temp_genesis/src/components/assets/BulkAssetOperations.tsx(3,23): error TS2307: Cannot find module '@/components/ui/badge' or its corresponding type declarations.
temp_genesis/src/components/assets/BulkAssetOperations.tsx(4,26): error TS2307: Cannot find module '@/components/ui/checkbox' or its corresponding type declarations.
temp_genesis/src/components/assets/BulkAssetOperations.tsx(12,8): error TS2307: Cannot find module '@/components/ui/dialog' or its corresponding type declarations.
temp_genesis/src/components/assets/BulkAssetOperations.tsx(19,8): error TS2307: Cannot find module '@/components/ui/select' or its corresponding type declarations.
temp_genesis/src/components/assets/BulkAssetOperations.tsx(20,23): error TS2307: Cannot find module '@/components/ui/input' or its corresponding type declarations.
temp_genesis/src/components/assets/BulkAssetOperations.tsx(21,23): error TS2307: Cannot find module '@/components/ui/label' or its corresponding type declarations.
temp_genesis/src/components/assets/BulkAssetOperations.tsx(22,23): error TS2307: Cannot find module '@/types/asset' or its corresponding type declarations.
temp_genesis/src/components/assets/BulkAssetOperations.tsx(24,26): error TS2307: Cannot find module '@/hooks/use-toast' or its corresponding type declarations.
temp_genesis/src/components/assets/BulkAssetOperations.tsx(25,29): error TS2307: Cannot find module '@/utils/activityLogger' or its corresponding type declarations.
temp_genesis/src/components/assets/BulkImportAssets.tsx(2,24): error TS2307: Cannot find module '@/components/ui/button' or its corresponding type declarations.
temp_genesis/src/components/assets/BulkImportAssets.tsx(5,25): error TS2307: Cannot find module '@/contexts/AuthContext' or its corresponding type declarations.
temp_genesis/src/components/assets/BulkImportAssets.tsx(6,26): error TS2307: Cannot find module '@/hooks/use-toast' or its corresponding type declarations.
temp_genesis/src/components/assets/BulkImportAssets.tsx(7,29): error TS2307: Cannot find module '@/hooks/use-mobile' or its corresponding type declarations.
temp_genesis/src/components/assets/ExcelImportDialog.tsx(2,85): error TS2307: Cannot find module '@/components/ui/dialog' or its corresponding type declarations.
temp_genesis/src/components/assets/ExcelImportDialog.tsx(3,24): error TS2307: Cannot find module '@/components/ui/button' or its corresponding type declarations.
temp_genesis/src/components/assets/ExcelImportDialog.tsx(4,23): error TS2307: Cannot find module '@/components/ui/input' or its corresponding type declarations.
temp_genesis/src/components/assets/ExcelImportDialog.tsx(5,23): error TS2307: Cannot find module '@/components/ui/label' or its corresponding type declarations.
temp_genesis/src/components/assets/ExcelImportDialog.tsx(6,41): error TS2307: Cannot find module '@/components/ui/alert' or its corresponding type declarations.
temp_genesis/src/components/assets/ExcelImportDialog.tsx(7,26): error TS2307: Cannot find module '@/components/ui/progress' or its corresponding type declarations.
temp_genesis/src/components/assets/ExcelImportDialog.tsx(9,71): error TS2307: Cannot find module '@/utils/excelParser' or its corresponding type declarations.
temp_genesis/src/components/assets/InventoryReport.tsx(2,24): error TS2307: Cannot find module '@/components/ui/button' or its corresponding type declarations.
temp_genesis/src/components/assets/InventoryReport.tsx(3,66): error TS2307: Cannot find module '@/components/ui/dialog' or its corresponding type declarations.
temp_genesis/src/components/assets/InventoryReport.tsx(4,79): error TS2307: Cannot find module '@/components/ui/select' or its corresponding type declarations.
temp_genesis/src/components/assets/InventoryReport.tsx(5,79): error TS2307: Cannot find module '@/components/ui/table' or its corresponding type declarations.
temp_genesis/src/components/assets/InventoryReport.tsx(6,40): error TS2307: Cannot find module '@/types/asset' or its corresponding type declarations.
temp_genesis/src/components/assets/InventoryReport.tsx(8,39): error TS2307: Cannot find module '@/utils/unifiedReportGenerator' or its corresponding type declarations.
temp_genesis/src/components/assets/InventoryReport.tsx(10,27): error TS2307: Cannot find module '@capacitor/core' or its corresponding type declarations.
temp_genesis/src/components/assets/InventoryReport.tsx(11,41): error TS2307: Cannot find module '@/utils/mobilePdfUtils' or its corresponding type declarations.
temp_genesis/src/components/assets/InventoryReport.tsx(12,29): error TS2307: Cannot find module '@/hooks/use-mobile' or its corresponding type declarations.
temp_genesis/src/components/assets/PDFReportGenerator.tsx(2,24): error TS2307: Cannot find module '@/lib/logger' or its corresponding type declarations.
temp_genesis/src/components/assets/PDFReportGenerator.tsx(3,66): error TS2307: Cannot find module '@/components/ui/dialog' or its corresponding type declarations.
temp_genesis/src/components/assets/PDFReportGenerator.tsx(4,24): error TS2307: Cannot find module '@/components/ui/button' or its corresponding type declarations.
temp_genesis/src/components/assets/PDFReportGenerator.tsx(5,23): error TS2307: Cannot find module '@/components/ui/badge' or its corresponding type declarations.
temp_genesis/src/components/assets/PDFReportGenerator.tsx(6,58): error TS2307: Cannot find module '@/components/ui/card' or its corresponding type declarations.
temp_genesis/src/components/assets/PDFReportGenerator.tsx(7,40): error TS2307: Cannot find module '@/types/asset' or its corresponding type declarations.
temp_genesis/src/components/assets/PDFReportGenerator.tsx(8,56): error TS2307: Cannot find module '@/utils/pdfGenerator' or its corresponding type declarations.
temp_genesis/src/components/assets/RestockDialog.tsx(8,8): error TS2307: Cannot find module '@/components/ui/dialog' or its corresponding type declarations.
temp_genesis/src/components/assets/RestockDialog.tsx(9,24): error TS2307: Cannot find module '@/components/ui/button' or its corresponding type declarations.
temp_genesis/src/components/assets/RestockDialog.tsx(10,23): error TS2307: Cannot find module '@/components/ui/input' or its corresponding type declarations.
temp_genesis/src/components/assets/RestockDialog.tsx(11,23): error TS2307: Cannot find module '@/components/ui/label' or its corresponding type declarations.
temp_genesis/src/components/assets/RestockDialog.tsx(12,79): error TS2307: Cannot find module '@/components/ui/select' or its corresponding type declarations.
temp_genesis/src/components/assets/RestockDialog.tsx(13,23): error TS2307: Cannot find module '@/types/asset' or its corresponding type declarations.
temp_genesis/src/components/assets/RestockHistoryDialog.tsx(2,24): error TS2307: Cannot find module '@/lib/logger' or its corresponding type declarations.
temp_genesis/src/components/assets/RestockHistoryDialog.tsx(8,8): error TS2307: Cannot find module '@/components/ui/dialog' or its corresponding type declarations.
temp_genesis/src/components/assets/RestockHistoryDialog.tsx(9,23): error TS2307: Cannot find module '@/components/ui/badge' or its corresponding type declarations.
temp_genesis/src/components/assets/RestockHistoryDialog.tsx(10,35): error TS2307: Cannot find module '@/components/ui/card' or its corresponding type declarations.
temp_genesis/src/components/assets/RestockHistoryDialog.tsx(11,23): error TS2307: Cannot find module '@/types/asset' or its corresponding type declarations.
temp_genesis/src/components/checkout/EmployeeAnalyticsDialog.tsx(1,81): error TS2307: Cannot find module '@/components/ui/dialog' or its corresponding type declarations.
temp_genesis/src/components/checkout/EmployeeAnalyticsDialog.tsx(2,24): error TS2307: Cannot find module '@/components/ui/button' or its corresponding type declarations.
temp_genesis/src/components/checkout/EmployeeAnalyticsDialog.tsx(3,58): error TS2307: Cannot find module '@/components/ui/card' or its corresponding type declarations.
temp_genesis/src/components/checkout/EmployeeAnalyticsDialog.tsx(4,41): error TS2307: Cannot find module '@/types/asset' or its corresponding type declarations.
temp_genesis/src/components/checkout/EmployeeAnalyticsDialog.tsx(7,28): error TS2307: Cannot find module '@/components/ui/scroll-area' or its corresponding type declarations.
temp_genesis/src/components/checkout/EmployeeAnalyticsDialog.tsx(8,27): error TS2307: Cannot find module '@/components/ui/separator' or its corresponding type declarations.
temp_genesis/src/components/checkout/EmployeeAnalyticsPage.tsx(1,24): error TS2307: Cannot find module '@/components/ui/button' or its corresponding type declarations.
temp_genesis/src/components/checkout/EmployeeAnalyticsPage.tsx(2,58): error TS2307: Cannot find module '@/components/ui/card' or its corresponding type declarations.
temp_genesis/src/components/checkout/EmployeeAnalyticsPage.tsx(3,48): error TS2307: Cannot find module '@/types/asset' or its corresponding type declarations.
temp_genesis/src/components/checkout/EmployeeAnalyticsPage.tsx(6,28): error TS2307: Cannot find module '@/components/ui/scroll-area' or its corresponding type declarations.
temp_genesis/src/components/checkout/EmployeeAnalyticsPage.tsx(7,20): error TS2307: Cannot find module '@/lib/utils' or its corresponding type declarations.
temp_genesis/src/components/checkout/EmployeeAnalyticsPage.tsx(8,29): error TS2307: Cannot find module '@/hooks/use-mobile' or its corresponding type declarations.
temp_genesis/src/components/checkout/QuickCheckoutForm.tsx(2,58): error TS2307: Cannot find module '@/components/ui/card' or its corresponding type declarations.
temp_genesis/src/components/checkout/QuickCheckoutForm.tsx(3,24): error TS2307: Cannot find module '@/components/ui/button' or its corresponding type declarations.
temp_genesis/src/components/checkout/QuickCheckoutForm.tsx(4,23): error TS2307: Cannot find module '@/components/ui/input' or its corresponding type declarations.
temp_genesis/src/components/checkout/QuickCheckoutForm.tsx(5,26): error TS2307: Cannot find module '@/components/ui/textarea' or its corresponding type declarations.
temp_genesis/src/components/checkout/QuickCheckoutForm.tsx(6,23): error TS2307: Cannot find module '@/components/ui/label' or its corresponding type declarations.
temp_genesis/src/components/checkout/QuickCheckoutForm.tsx(7,79): error TS2307: Cannot find module '@/components/ui/select' or its corresponding type declarations.
temp_genesis/src/components/checkout/QuickCheckoutForm.tsx(8,23): error TS2307: Cannot find module '@/components/ui/badge' or its corresponding type declarations.
temp_genesis/src/components/checkout/QuickCheckoutForm.tsx(9,80): error TS2307: Cannot find module '@/components/ui/dialog' or its corresponding type declarations.
temp_genesis/src/components/checkout/QuickCheckoutForm.tsx(10,48): error TS2307: Cannot find module '@/types/asset' or its corresponding type declarations.
temp_genesis/src/components/checkout/QuickCheckoutForm.tsx(12,25): error TS2307: Cannot find module '@/contexts/AuthContext' or its corresponding type declarations.
temp_genesis/src/components/checkout/QuickCheckoutForm.tsx(13,26): error TS2307: Cannot find module '@/hooks/use-toast' or its corresponding type declarations.
temp_genesis/src/components/checkout/QuickCheckoutForm.tsx(15,29): error TS2307: Cannot find module '@/hooks/use-mobile' or its corresponding type declarations.
temp_genesis/src/components/checkout/QuickCheckoutReport.tsx(2,24): error TS2307: Cannot find module '@/lib/logger' or its corresponding type declarations.
temp_genesis/src/components/checkout/QuickCheckoutReport.tsx(3,24): error TS2307: Cannot find module '@/components/ui/button' or its corresponding type declarations.
temp_genesis/src/components/checkout/QuickCheckoutReport.tsx(4,66): error TS2307: Cannot find module '@/components/ui/dialog' or its corresponding type declarations.
temp_genesis/src/components/checkout/QuickCheckoutReport.tsx(5,79): error TS2307: Cannot find module '@/components/ui/select' or its corresponding type declarations.
temp_genesis/src/components/checkout/QuickCheckoutReport.tsx(6,79): error TS2307: Cannot find module '@/components/ui/table' or its corresponding type declarations.
temp_genesis/src/components/checkout/QuickCheckoutReport.tsx(7,23): error TS2307: Cannot find module '@/components/ui/badge' or its corresponding type declarations.
temp_genesis/src/components/checkout/QuickCheckoutReport.tsx(8,48): error TS2307: Cannot find module '@/types/asset' or its corresponding type declarations.
temp_genesis/src/components/checkout/QuickCheckoutReport.tsx(10,39): error TS2307: Cannot find module '@/utils/unifiedReportGenerator' or its corresponding type declarations.
temp_genesis/src/components/checkout/QuickCheckoutReport.tsx(12,27): error TS2307: Cannot find module '@capacitor/core' or its corresponding type declarations.
temp_genesis/src/components/checkout/QuickCheckoutReport.tsx(13,41): error TS2307: Cannot find module '@/utils/mobilePdfUtils' or its corresponding type declarations.
temp_genesis/src/components/checkout/RecentCheckoutActivityPage.tsx(2,58): error TS2307: Cannot find module '@/components/ui/card' or its corresponding type declarations.
temp_genesis/src/components/checkout/RecentCheckoutActivityPage.tsx(3,24): error TS2307: Cannot find module '@/components/ui/button' or its corresponding type declarations.
temp_genesis/src/components/checkout/RecentCheckoutActivityPage.tsx(4,23): error TS2307: Cannot find module '@/components/ui/badge' or its corresponding type declarations.
temp_genesis/src/components/checkout/RecentCheckoutActivityPage.tsx(5,79): error TS2307: Cannot find module '@/components/ui/select' or its corresponding type declarations.
temp_genesis/src/components/checkout/RecentCheckoutActivityPage.tsx(6,48): error TS2307: Cannot find module '@/types/asset' or its corresponding type declarations.
temp_genesis/src/components/checkout/RecentCheckoutActivityPage.tsx(8,29): error TS2307: Cannot find module '@/hooks/use-mobile' or its corresponding type declarations.
temp_genesis/src/components/dashboard/Dashboard.tsx(2,75): error TS2307: Cannot find module '@/components/ui/card' or its corresponding type declarations.
temp_genesis/src/components/dashboard/Dashboard.tsx(3,24): error TS2307: Cannot find module '@/components/ui/button' or its corresponding type declarations.
temp_genesis/src/components/dashboard/Dashboard.tsx(4,23): error TS2307: Cannot find module '@/components/ui/badge' or its corresponding type declarations.
temp_genesis/src/components/dashboard/Dashboard.tsx(5,66): error TS2307: Cannot find module '@/components/ui/dialog' or its corresponding type declarations.
temp_genesis/src/components/dashboard/Dashboard.tsx(6,57): error TS2307: Cannot find module '@/components/ui/popover' or its corresponding type declarations.
temp_genesis/src/components/dashboard/Dashboard.tsx(7,26): error TS2307: Cannot find module '@/components/ui/calendar' or its corresponding type declarations.
temp_genesis/src/components/dashboard/Dashboard.tsx(8,99): error TS2307: Cannot find module '@/types/asset' or its corresponding type declarations.
temp_genesis/src/components/dashboard/Dashboard.tsx(9,30): error TS2307: Cannot find module '@/types/equipment' or its corresponding type declarations.
temp_genesis/src/components/dashboard/Dashboard.tsx(10,32): error TS2307: Cannot find module '@/types/maintenance' or its corresponding type declarations.
temp_genesis/src/components/dashboard/Dashboard.tsx(12,38): error TS2307: Cannot find module '@/components/sites/SiteMachineAnalytics' or its corresponding type declarations.
temp_genesis/src/components/dashboard/Dashboard.tsx(15,56): error TS2307: Cannot find module '@/hooks/useMetricsSnapshots' or its corresponding type declarations.
temp_genesis/src/components/dashboard/Dashboard.tsx(17,26): error TS2307: Cannot find module '@/hooks/use-toast' or its corresponding type declarations.
temp_genesis/src/components/dashboard/Dashboard.tsx(18,25): error TS2307: Cannot find module '@/contexts/AuthContext' or its corresponding type declarations.
temp_genesis/src/components/dashboard/NotificationPanel.tsx(2,75): error TS2307: Cannot find module '@/components/ui/card' or its corresponding type declarations.
temp_genesis/src/components/dashboard/NotificationPanel.tsx(3,24): error TS2307: Cannot find module '@/components/ui/button' or its corresponding type declarations.
temp_genesis/src/components/dashboard/NotificationPanel.tsx(4,23): error TS2307: Cannot find module '@/components/ui/badge' or its corresponding type declarations.
temp_genesis/src/components/dashboard/NotificationPanel.tsx(5,85): error TS2307: Cannot find module '@/components/ui/dialog' or its corresponding type declarations.
temp_genesis/src/components/dashboard/NotificationPanel.tsx(6,26): error TS2307: Cannot find module '@/components/ui/calendar' or its corresponding type declarations.
temp_genesis/src/components/dashboard/NotificationPanel.tsx(7,23): error TS2307: Cannot find module '@/components/ui/input' or its corresponding type declarations.
temp_genesis/src/components/dashboard/NotificationPanel.tsx(8,23): error TS2307: Cannot find module '@/components/ui/label' or its corresponding type declarations.
temp_genesis/src/components/dashboard/NotificationPanel.tsx(9,26): error TS2307: Cannot find module '@/components/ui/textarea' or its corresponding type declarations.
temp_genesis/src/components/dashboard/NotificationPanel.tsx(10,79): error TS2307: Cannot find module '@/components/ui/select' or its corresponding type declarations.
temp_genesis/src/components/dashboard/NotificationPanel.tsx(11,26): error TS2307: Cannot find module '@/components/ui/checkbox' or its corresponding type declarations.
temp_genesis/src/components/dashboard/NotificationPanel.tsx(12,28): error TS2307: Cannot find module '@/components/ui/scroll-area' or its corresponding type declarations.
temp_genesis/src/components/dashboard/NotificationPanel.tsx(13,45): error TS2307: Cannot find module '@/components/ui/tabs' or its corresponding type declarations.
temp_genesis/src/components/dashboard/NotificationPanel.tsx(14,39): error TS2307: Cannot find module '@/types/asset' or its corresponding type declarations.
temp_genesis/src/components/dashboard/NotificationPanel.tsx(15,45): error TS2307: Cannot find module '@/types/equipment' or its corresponding type declarations.
temp_genesis/src/components/dashboard/NotificationPanel.tsx(16,32): error TS2307: Cannot find module '@/types/maintenance' or its corresponding type declarations.
temp_genesis/src/components/dashboard/NotificationPanel.tsx(19,90): error TS2307: Cannot find module '@/utils/defaultLogTemplate' or its corresponding type declarations.
temp_genesis/src/components/dashboard/NotificationPanel.tsx(20,25): error TS2307: Cannot find module '@/contexts/AuthContext' or its corresponding type declarations.
temp_genesis/src/components/dashboard/NotificationPanel.tsx(21,20): error TS2307: Cannot find module '@/lib/utils' or its corresponding type declarations.
temp_genesis/src/components/dashboard/NotificationPanel.tsx(22,26): error TS2307: Cannot find module '@/hooks/use-toast' or its corresponding type declarations.
temp_genesis/src/components/dashboard/NotificationPanel.tsx(23,29): error TS2307: Cannot find module '@/hooks/use-mobile' or its corresponding type declarations.
temp_genesis/src/components/dashboard/QuickActionsPanel.tsx(1,24): error TS2307: Cannot find module '@/components/ui/button' or its corresponding type declarations.
temp_genesis/src/components/dashboard/QuickActionsPanel.tsx(2,75): error TS2307: Cannot find module '@/components/ui/card' or its corresponding type declarations.
temp_genesis/src/components/ErrorBoundary.tsx(3,24): error TS2307: Cannot find module '@/components/ui/button' or its corresponding type declarations.
temp_genesis/src/components/ErrorBoundary.tsx(4,75): error TS2307: Cannot find module '@/components/ui/card' or its corresponding type declarations.
temp_genesis/src/components/layout/AppMenuBar.tsx(11,8): error TS2307: Cannot find module '@/components/ui/menubar' or its corresponding type declarations.
temp_genesis/src/components/layout/AppMenuBar.tsx(20,8): error TS2307: Cannot find module '@/components/ui/dropdown-menu' or its corresponding type declarations.
temp_genesis/src/components/layout/AppMenuBar.tsx(22,25): error TS2307: Cannot find module '@/contexts/AuthContext' or its corresponding type declarations.
temp_genesis/src/components/layout/AppMenuBar.tsx(24,26): error TS2307: Cannot find module 'next-themes' or its corresponding type declarations.
temp_genesis/src/components/layout/AppMenuBar.tsx(31,8): error TS2307: Cannot find module '@/components/ui/dialog' or its corresponding type declarations.
temp_genesis/src/components/layout/AppMenuBar.tsx(32,24): error TS2307: Cannot find module '@/components/ui/button' or its corresponding type declarations.
temp_genesis/src/components/layout/AppMenuBar.tsx(33,53): error TS2307: Cannot find module '@/components/ui/avatar' or its corresponding type declarations.
temp_genesis/src/components/layout/MobileBottomNav.tsx(1,20): error TS2307: Cannot find module '@/lib/utils' or its corresponding type declarations.
temp_genesis/src/components/layout/MobileBottomNav.tsx(2,24): error TS2307: Cannot find module '@/components/ui/button' or its corresponding type declarations.
temp_genesis/src/components/layout/MobileBottomNav.tsx(25,26): error TS2307: Cannot find module 'next-themes' or its corresponding type declarations.
temp_genesis/src/components/layout/MobileBottomNav.tsx(26,25): error TS2307: Cannot find module '@/contexts/AuthContext' or its corresponding type declarations.
temp_genesis/src/components/layout/MobileBottomNav.tsx(32,8): error TS2307: Cannot find module '@/components/ui/dropdown-menu' or its corresponding type declarations.
temp_genesis/src/components/layout/MobileBottomNav.tsx(39,8): error TS2307: Cannot find module '@/components/ui/drawer' or its corresponding type declarations.
temp_genesis/src/components/layout/MobileBottomNav.tsx(40,40): error TS2307: Cannot find module '@/components/ui/avatar' or its corresponding type declarations.
temp_genesis/src/components/layout/MobileBottomNav.tsx(41,27): error TS2307: Cannot find module '@/components/ui/separator' or its corresponding type declarations.
temp_genesis/src/components/layout/MobileBottomNav.tsx(42,28): error TS2307: Cannot find module '@/components/ui/scroll-area' or its corresponding type declarations.
temp_genesis/src/components/layout/PullToRefreshLayout.tsx(2,27): error TS2307: Cannot find module 'react-simple-pull-to-refresh' or its corresponding type declarations.
temp_genesis/src/components/layout/PullToRefreshLayout.tsx(3,32): error TS2307: Cannot find module '@tanstack/react-query' or its corresponding type declarations.
temp_genesis/src/components/layout/PullToRefreshLayout.tsx(4,29): error TS2307: Cannot find module '@/hooks/use-mobile' or its corresponding type declarations.
temp_genesis/src/components/layout/PullToRefreshLayout.tsx(6,28): error TS2307: Cannot find module '@/contexts/AppDataContext' or its corresponding type declarations.
temp_genesis/src/components/layout/PullToRefreshLayout.tsx(7,27): error TS2307: Cannot find module '@/contexts/AssetsContext' or its corresponding type declarations.
temp_genesis/src/components/layout/PullToRefreshLayout.tsx(8,26): error TS2307: Cannot find module '@/hooks/use-toast' or its corresponding type declarations.
temp_genesis/src/components/layout/PullToRefreshLayout.tsx(9,24): error TS2307: Cannot find module '@/lib/logger' or its corresponding type declarations.
temp_genesis/src/components/layout/Sidebar.tsx(1,20): error TS2307: Cannot find module '@/lib/utils' or its corresponding type declarations.
temp_genesis/src/components/layout/Sidebar.tsx(2,24): error TS2307: Cannot find module '@/components/ui/button' or its corresponding type declarations.
temp_genesis/src/components/layout/Sidebar.tsx(3,25): error TS2307: Cannot find module '@/contexts/AuthContext' or its corresponding type declarations.
temp_genesis/src/components/layout/Sidebar.tsx(5,26): error TS2307: Cannot find module 'next-themes' or its corresponding type declarations.
temp_genesis/src/components/layout/Sidebar.tsx(31,1): error TS2307: Cannot find module '@/components/ui/dropdown-menu' or its corresponding type declarations.
temp_genesis/src/components/layout/Sidebar.tsx(33,74): error TS2307: Cannot find module '@/components/ui/tooltip' or its corresponding type declarations.
temp_genesis/src/components/layout/Sidebar.tsx(34,27): error TS2307: Cannot find module '@/components/ui/separator' or its corresponding type declarations.
temp_genesis/src/components/layout/Sidebar.tsx(35,28): error TS2307: Cannot find module '@/components/ui/scroll-area' or its corresponding type declarations.
temp_genesis/src/components/layout/SyncStatusBanner.tsx(2,53): error TS2307: Cannot find module '@/components/ui/alert' or its corresponding type declarations.
temp_genesis/src/components/layout/SyncStatusBanner.tsx(3,24): error TS2307: Cannot find module '@/components/ui/button' or its corresponding type declarations.
temp_genesis/src/components/layout/UpdateNotificationBanner.tsx(3,24): error TS2307: Cannot find module '@/components/ui/button' or its corresponding type declarations.
temp_genesis/src/components/layout/UpdateNotificationBanner.tsx(4,30): error TS2307: Cannot find module '@/hooks/useAppUpdate' or its corresponding type declarations.
temp_genesis/src/components/layout/UpdateNotificationBanner.tsx(5,20): error TS2307: Cannot find module '@/lib/utils' or its corresponding type declarations.
temp_genesis/src/components/maintenance/MachineCard.tsx(2,75): error TS2307: Cannot find module '@/components/ui/card' or its corresponding type declarations.
temp_genesis/src/components/maintenance/MachineCard.tsx(3,23): error TS2307: Cannot find module '@/components/ui/badge' or its corresponding type declarations.
temp_genesis/src/components/maintenance/MachineCard.tsx(4,24): error TS2307: Cannot find module '@/components/ui/button' or its corresponding type declarations.
temp_genesis/src/components/maintenance/MachineCard.tsx(5,41): error TS2307: Cannot find module '@/components/ui/responsive-form-container' or its corresponding type declarations.
temp_genesis/src/components/maintenance/MachineCard.tsx(6,41): error TS2307: Cannot find module '@/types/maintenance' or its corresponding type declarations.
temp_genesis/src/components/maintenance/MachineCard.tsx(7,30): error TS2307: Cannot find module '@/types/equipment' or its corresponding type declarations.
temp_genesis/src/components/maintenance/MachineCard.tsx(8,22): error TS2307: Cannot find module '@/types/asset' or its corresponding type declarations.
temp_genesis/src/components/maintenance/MachineCard.tsx(11,20): error TS2307: Cannot find module '@/lib/utils' or its corresponding type declarations.
temp_genesis/src/components/maintenance/MachineDetailsDialog.tsx(2,75): error TS2307: Cannot find module '@/components/ui/card' or its corresponding type declarations.
temp_genesis/src/components/maintenance/MachineDetailsDialog.tsx(3,23): error TS2307: Cannot find module '@/components/ui/badge' or its corresponding type declarations.
temp_genesis/src/components/maintenance/MachineDetailsDialog.tsx(4,24): error TS2307: Cannot find module '@/components/ui/button' or its corresponding type declarations.
temp_genesis/src/components/maintenance/MachineDetailsDialog.tsx(5,58): error TS2307: Cannot find module '@/components/ui/tabs' or its corresponding type declarations.
temp_genesis/src/components/maintenance/MachineDetailsDialog.tsx(6,78): error TS2307: Cannot find module '@/components/ui/accordion' or its corresponding type declarations.
temp_genesis/src/components/maintenance/MachineDetailsDialog.tsx(7,41): error TS2307: Cannot find module '@/components/ui/responsive-form-container' or its corresponding type declarations.
temp_genesis/src/components/maintenance/MachineDetailsDialog.tsx(8,41): error TS2307: Cannot find module '@/types/maintenance' or its corresponding type declarations.
temp_genesis/src/components/maintenance/MachineDetailsDialog.tsx(11,20): error TS2307: Cannot find module '@/lib/utils' or its corresponding type declarations.
temp_genesis/src/components/maintenance/MachineMaintenancePage.tsx(2,75): error TS2307: Cannot find module '@/components/ui/card' or its corresponding type declarations.
temp_genesis/src/components/maintenance/MachineMaintenancePage.tsx(3,24): error TS2307: Cannot find module '@/components/ui/button' or its corresponding type declarations.
temp_genesis/src/components/maintenance/MachineMaintenancePage.tsx(4,23): error TS2307: Cannot find module '@/components/ui/input' or its corresponding type declarations.
temp_genesis/src/components/maintenance/MachineMaintenancePage.tsx(5,58): error TS2307: Cannot find module '@/components/ui/tabs' or its corresponding type declarations.
temp_genesis/src/components/maintenance/MachineMaintenancePage.tsx(6,23): error TS2307: Cannot find module '@/components/ui/badge' or its corresponding type declarations.
temp_genesis/src/components/maintenance/MachineMaintenancePage.tsx(7,63): error TS2307: Cannot find module '@/types/maintenance' or its corresponding type declarations.
temp_genesis/src/components/maintenance/MachineMaintenancePage.tsx(8,48): error TS2307: Cannot find module '@/types/asset' or its corresponding type declarations.
temp_genesis/src/components/maintenance/MachineMaintenancePage.tsx(9,30): error TS2307: Cannot find module '@/types/equipment' or its corresponding type declarations.
temp_genesis/src/components/maintenance/MachineMaintenancePage.tsx(16,20): error TS2307: Cannot find module '@/lib/utils' or its corresponding type declarations.
temp_genesis/src/components/maintenance/MachineMaintenancePage.tsx(17,74): error TS2307: Cannot find module '@/utils/exportUtils' or its corresponding type declarations.
temp_genesis/src/components/maintenance/MachineMaintenancePage.tsx(23,8): error TS2307: Cannot find module '@/components/ui/dropdown-menu' or its corresponding type declarations.
temp_genesis/src/components/maintenance/MachineMaintenancePage.tsx(24,28): error TS2307: Cannot find module '@/contexts/AppDataContext' or its corresponding type declarations.
temp_genesis/src/components/maintenance/MachineMaintenancePage.tsx(25,29): error TS2307: Cannot find module '@/hooks/use-mobile' or its corresponding type declarations.
temp_genesis/src/components/maintenance/MachineMaintenancePage.tsx(26,79): error TS2307: Cannot find module '@/components/ui/select' or its corresponding type declarations.
temp_genesis/src/components/maintenance/MaintenanceEntryForm.tsx(2,25): error TS2307: Cannot find module '@/types/maintenance' or its corresponding type declarations.
temp_genesis/src/components/maintenance/MaintenanceEntryForm.tsx(3,39): error TS2307: Cannot find module '@/types/asset' or its corresponding type declarations.
temp_genesis/src/components/maintenance/MaintenanceEntryForm.tsx(4,24): error TS2307: Cannot find module '@/components/ui/button' or its corresponding type declarations.
temp_genesis/src/components/maintenance/MaintenanceEntryForm.tsx(5,23): error TS2307: Cannot find module '@/components/ui/input' or its corresponding type declarations.
temp_genesis/src/components/maintenance/MaintenanceEntryForm.tsx(6,23): error TS2307: Cannot find module '@/components/ui/label' or its corresponding type declarations.
temp_genesis/src/components/maintenance/MaintenanceEntryForm.tsx(7,79): error TS2307: Cannot find module '@/components/ui/select' or its corresponding type declarations.
temp_genesis/src/components/maintenance/MaintenanceEntryForm.tsx(8,26): error TS2307: Cannot find module '@/components/ui/checkbox' or its corresponding type declarations.
temp_genesis/src/components/maintenance/MaintenanceEntryForm.tsx(9,23): error TS2307: Cannot find module '@/components/ui/badge' or its corresponding type declarations.
temp_genesis/src/components/maintenance/MaintenanceEntryForm.tsx(10,26): error TS2307: Cannot find module '@/components/ui/textarea' or its corresponding type declarations.
temp_genesis/src/components/maintenance/MaintenanceEntryForm.tsx(11,95): error TS2307: Cannot find module '@/components/ui/dialog' or its corresponding type declarations.
temp_genesis/src/components/maintenance/MaintenanceEntryForm.tsx(12,28): error TS2307: Cannot find module '@/components/ui/scroll-area' or its corresponding type declarations.
temp_genesis/src/components/maintenance/MaintenanceEntryForm.tsx(13,26): error TS2307: Cannot find module '@/components/ui/calendar' or its corresponding type declarations.
temp_genesis/src/components/maintenance/MaintenanceEntryForm.tsx(14,57): error TS2307: Cannot find module '@/components/ui/popover' or its corresponding type declarations.
temp_genesis/src/components/maintenance/MaintenanceEntryForm.tsx(15,35): error TS2307: Cannot find module '@/components/ui/card' or its corresponding type declarations.
temp_genesis/src/components/maintenance/MaintenanceEntryForm.tsx(16,20): error TS2307: Cannot find module '@/lib/utils' or its corresponding type declarations.
temp_genesis/src/components/NetworkStatus.tsx(2,34): error TS2307: Cannot find module '@/hooks/use-network-status' or its corresponding type declarations.
temp_genesis/src/components/NetworkStatus.tsx(4,20): error TS2307: Cannot find module '@/lib/utils' or its corresponding type declarations.
temp_genesis/src/components/notifications/NotificationPanel.tsx(3,22): error TS2307: Cannot find module '@/components/ui/card' or its corresponding type declarations.
temp_genesis/src/components/notifications/NotificationPanel.tsx(4,24): error TS2307: Cannot find module '@/components/ui/button' or its corresponding type declarations.
temp_genesis/src/components/notifications/NotificationPanel.tsx(5,23): error TS2307: Cannot find module '@/components/ui/badge' or its corresponding type declarations.
temp_genesis/src/components/notifications/NotificationPanel.tsx(6,28): error TS2307: Cannot find module '@/components/ui/scroll-area' or its corresponding type declarations.
temp_genesis/src/components/notifications/NotificationPanel.tsx(8,97): error TS2307: Cannot find module '@/utils/notificationTriggers' or its corresponding type declarations.
temp_genesis/src/components/PerformanceAnalysisDashboard.tsx(2,75): error TS2307: Cannot find module '@/components/ui/card' or its corresponding type declarations.
temp_genesis/src/components/PerformanceAnalysisDashboard.tsx(3,24): error TS2307: Cannot find module '@/components/ui/button' or its corresponding type declarations.
temp_genesis/src/components/PerformanceAnalysisDashboard.tsx(4,23): error TS2307: Cannot find module '@/components/ui/badge' or its corresponding type declarations.
temp_genesis/src/components/PerformanceAnalysisDashboard.tsx(5,55): error TS2307: Cannot find module '@/utils/performanceMonitor' or its corresponding type declarations.
temp_genesis/src/components/PinLockGuard.tsx(2,25): error TS2307: Cannot find module '@/contexts/AuthContext' or its corresponding type declarations.
temp_genesis/src/components/PinLockGuard.tsx(3,31): error TS2307: Cannot find module '@/components/PinLockScreen' or its corresponding type declarations.
temp_genesis/src/components/PinLockScreen.tsx(3,20): error TS2307: Cannot find module '@/lib/utils' or its corresponding type declarations.
temp_genesis/src/components/PinLockScreen.tsx(4,23): error TS2307: Cannot find module '@/components/ui/input' or its corresponding type declarations.
temp_genesis/src/components/PinLockScreen.tsx(5,24): error TS2307: Cannot find module '@/components/ui/button' or its corresponding type declarations.
temp_genesis/src/components/PinLockScreen.tsx(6,29): error TS2307: Cannot find module '@/services/dataService' or its corresponding type declarations.
temp_genesis/src/components/profile/LoginHistoryCard.tsx(2,75): error TS2307: Cannot find module '@/components/ui/card' or its corresponding type declarations.
temp_genesis/src/components/profile/LoginHistoryCard.tsx(3,23): error TS2307: Cannot find module '@/components/ui/badge' or its corresponding type declarations.
temp_genesis/src/components/profile/LoginHistoryCard.tsx(4,24): error TS2307: Cannot find module '@/components/ui/button' or its corresponding type declarations.
temp_genesis/src/components/profile/LoginHistoryCard.tsx(7,25): error TS2307: Cannot find module '@/contexts/AuthContext' or its corresponding type declarations.
temp_genesis/src/components/profile/PasswordStrengthMeter.tsx(2,26): error TS2307: Cannot find module '@/components/ui/progress' or its corresponding type declarations.
temp_genesis/src/components/profile/PermissionsCard.tsx(2,75): error TS2307: Cannot find module '@/components/ui/card' or its corresponding type declarations.
temp_genesis/src/components/profile/PermissionsCard.tsx(3,23): error TS2307: Cannot find module '@/components/ui/badge' or its corresponding type declarations.
temp_genesis/src/components/profile/PermissionsCard.tsx(5,25): error TS2307: Cannot find module '@/contexts/AuthContext' or its corresponding type declarations.
temp_genesis/src/components/profile/PersonalInfoCard.tsx(2,75): error TS2307: Cannot find module '@/components/ui/card' or its corresponding type declarations.
temp_genesis/src/components/profile/PersonalInfoCard.tsx(3,24): error TS2307: Cannot find module '@/components/ui/button' or its corresponding type declarations.
temp_genesis/src/components/profile/PersonalInfoCard.tsx(4,23): error TS2307: Cannot find module '@/components/ui/input' or its corresponding type declarations.
temp_genesis/src/components/profile/PersonalInfoCard.tsx(5,23): error TS2307: Cannot find module '@/components/ui/label' or its corresponding type declarations.
temp_genesis/src/components/profile/PersonalInfoCard.tsx(6,26): error TS2307: Cannot find module '@/components/ui/textarea' or its corresponding type declarations.
temp_genesis/src/components/profile/PersonalInfoCard.tsx(9,25): error TS2307: Cannot find module '@/contexts/AuthContext' or its corresponding type declarations.
temp_genesis/src/components/profile/PinSetupCard.tsx(2,75): error TS2307: Cannot find module '@/components/ui/card' or its corresponding type declarations.
temp_genesis/src/components/profile/PinSetupCard.tsx(3,24): error TS2307: Cannot find module '@/components/ui/button' or its corresponding type declarations.
temp_genesis/src/components/profile/PinSetupCard.tsx(4,23): error TS2307: Cannot find module '@/components/ui/input' or its corresponding type declarations.
temp_genesis/src/components/profile/PinSetupCard.tsx(5,23): error TS2307: Cannot find module '@/components/ui/label' or its corresponding type declarations.
temp_genesis/src/components/profile/PinSetupCard.tsx(6,99): error TS2307: Cannot find module '@/components/ui/dialog' or its corresponding type declarations.
temp_genesis/src/components/profile/PinSetupCard.tsx(9,25): error TS2307: Cannot find module '@/contexts/AuthContext' or its corresponding type declarations.
temp_genesis/src/components/profile/PreferencesCard.tsx(2,25): error TS2307: Cannot find module '@/contexts/AuthContext' or its corresponding type declarations.
temp_genesis/src/components/profile/PreferencesCard.tsx(3,75): error TS2307: Cannot find module '@/components/ui/card' or its corresponding type declarations.
temp_genesis/src/components/profile/PreferencesCard.tsx(4,24): error TS2307: Cannot find module '@/components/ui/button' or its corresponding type declarations.
temp_genesis/src/components/profile/PreferencesCard.tsx(5,24): error TS2307: Cannot find module '@/components/ui/switch' or its corresponding type declarations.
temp_genesis/src/components/profile/PreferencesCard.tsx(8,34): error TS2307: Cannot find module '@/utils/notifications' or its corresponding type declarations.
temp_genesis/src/components/profile/PreferencesCard.tsx(9,31): error TS2307: Cannot find module '@/components/ThemeSelector' or its corresponding type declarations.
temp_genesis/src/components/profile/ProfileHeader.tsx(2,24): error TS2307: Cannot find module '@/components/ui/button' or its corresponding type declarations.
temp_genesis/src/components/profile/ProfileHeader.tsx(3,53): error TS2307: Cannot find module '@/components/ui/avatar' or its corresponding type declarations.
temp_genesis/src/components/profile/ProfileHeader.tsx(4,23): error TS2307: Cannot find module '@/components/ui/badge' or its corresponding type declarations.
temp_genesis/src/components/profile/ProfileHeader.tsx(6,25): error TS2307: Cannot find module '@/contexts/AuthContext' or its corresponding type declarations.
temp_genesis/src/components/profile/SecurityPanel.tsx(2,75): error TS2307: Cannot find module '@/components/ui/card' or its corresponding type declarations.
temp_genesis/src/components/profile/SecurityPanel.tsx(3,24): error TS2307: Cannot find module '@/components/ui/button' or its corresponding type declarations.
temp_genesis/src/components/profile/SecurityPanel.tsx(4,23): error TS2307: Cannot find module '@/components/ui/input' or its corresponding type declarations.
temp_genesis/src/components/profile/SecurityPanel.tsx(5,23): error TS2307: Cannot find module '@/components/ui/label' or its corresponding type declarations.
temp_genesis/src/components/profile/SecurityPanel.tsx(6,24): error TS2307: Cannot find module '@/components/ui/switch' or its corresponding type declarations.
temp_genesis/src/components/profile/SecurityPanel.tsx(7,99): error TS2307: Cannot find module '@/components/ui/dialog' or its corresponding type declarations.
temp_genesis/src/components/profile/SecurityPanel.tsx(10,25): error TS2307: Cannot find module '@/contexts/AuthContext' or its corresponding type declarations.
temp_genesis/src/components/profile/SecurityPanel.tsx(11,65): error TS2307: Cannot find module '@/lib/totp' or its corresponding type declarations.
temp_genesis/src/components/profile/SecurityPanel.tsx(14,20): error TS2307: Cannot find module 'qrcode' or its corresponding type declarations.
temp_genesis/src/components/profile/SignatureUpload.tsx(2,58): error TS2307: Cannot find module '@/components/ui/card' or its corresponding type declarations.
temp_genesis/src/components/profile/SignatureUpload.tsx(3,24): error TS2307: Cannot find module '@/components/ui/button' or its corresponding type declarations.
temp_genesis/src/components/profile/SignatureUpload.tsx(4,40): error TS2307: Cannot find module '@/components/ui/avatar' or its corresponding type declarations.
temp_genesis/src/components/profile/SignatureUpload.tsx(5,99): error TS2307: Cannot find module '@/components/ui/dialog' or its corresponding type declarations.
temp_genesis/src/components/profile/SignatureUpload.tsx(6,25): error TS2307: Cannot find module '@/contexts/AuthContext' or its corresponding type declarations.
temp_genesis/src/components/profile/SignatureUpload.tsx(7,29): error TS2307: Cannot find module '@/services/dataService' or its corresponding type declarations.
temp_genesis/src/components/profile/SignatureUpload.tsx(8,20): error TS2307: Cannot find module '@/lib/utils' or its corresponding type declarations.
temp_genesis/src/components/profile/SignatureUpload.tsx(9,23): error TS2307: Cannot find module '@/hooks/use-toast' or its corresponding type declarations.
temp_genesis/src/components/profile/SignatureUpload.tsx(10,26): error TS2307: Cannot find module '@/integrations/supabase/client' or its corresponding type declarations.
temp_genesis/src/components/profile/StatCards.tsx(2,35): error TS2307: Cannot find module '@/components/ui/card' or its corresponding type declarations.
temp_genesis/src/components/profile/StatCards.tsx(4,20): error TS2307: Cannot find module '@/lib/utils' or its corresponding type declarations.
temp_genesis/src/components/ProtectedRoute.tsx(2,25): error TS2307: Cannot find module '@/contexts/AuthContext' or its corresponding type declarations.
temp_genesis/src/components/reporting/AuditCharts.tsx(5,23): error TS2307: Cannot find module '@/types/asset' or its corresponding type declarations.
temp_genesis/src/components/reporting/AuditCharts.tsx(6,30): error TS2307: Cannot find module '@/types/equipment' or its corresponding type declarations.
temp_genesis/src/components/reporting/AuditCharts.tsx(7,36): error TS2307: Cannot find module '@/types/consumable' or its corresponding type declarations.
temp_genesis/src/components/requests/PendingRequestSelector.tsx(2,81): error TS2307: Cannot find module '@/components/ui/dialog' or its corresponding type declarations.
temp_genesis/src/components/requests/PendingRequestSelector.tsx(3,24): error TS2307: Cannot find module '@/components/ui/button' or its corresponding type declarations.
temp_genesis/src/components/requests/PendingRequestSelector.tsx(4,58): error TS2307: Cannot find module '@/components/ui/card' or its corresponding type declarations.
temp_genesis/src/components/requests/PendingRequestSelector.tsx(5,23): error TS2307: Cannot find module '@/components/ui/badge' or its corresponding type declarations.
temp_genesis/src/components/requests/PendingRequestSelector.tsx(6,28): error TS2307: Cannot find module '@/components/ui/scroll-area' or its corresponding type declarations.
temp_genesis/src/components/requests/PendingRequestSelector.tsx(7,29): error TS2307: Cannot find module '@/services/dataService' or its corresponding type declarations.
temp_genesis/src/components/requests/PendingRequestSelector.tsx(8,29): error TS2307: Cannot find module '@/types/request' or its corresponding type declarations.
temp_genesis/src/components/requests/RequestBulkInput.tsx(2,24): error TS2307: Cannot find module '@/components/ui/button' or its corresponding type declarations.
temp_genesis/src/components/requests/RequestBulkInput.tsx(3,23): error TS2307: Cannot find module '@/components/ui/label' or its corresponding type declarations.
temp_genesis/src/components/requests/RequestBulkInput.tsx(4,26): error TS2307: Cannot find module '@/components/ui/textarea' or its corresponding type declarations.
temp_genesis/src/components/requests/RequestBulkInput.tsx(5,23): error TS2307: Cannot find module '@/components/ui/input' or its corresponding type declarations.
temp_genesis/src/components/requests/RequestBulkInput.tsx(6,29): error TS2307: Cannot find module '@/types/request' or its corresponding type declarations.
temp_genesis/src/components/requests/RequestForm.tsx(2,24): error TS2307: Cannot find module '@/components/ui/button' or its corresponding type declarations.
temp_genesis/src/components/requests/RequestForm.tsx(3,23): error TS2307: Cannot find module '@/components/ui/input' or its corresponding type declarations.
temp_genesis/src/components/requests/RequestForm.tsx(4,23): error TS2307: Cannot find module '@/components/ui/label' or its corresponding type declarations.
temp_genesis/src/components/requests/RequestForm.tsx(5,26): error TS2307: Cannot find module '@/components/ui/textarea' or its corresponding type declarations.
temp_genesis/src/components/requests/RequestForm.tsx(6,79): error TS2307: Cannot find module '@/components/ui/select' or its corresponding type declarations.
temp_genesis/src/components/requests/RequestForm.tsx(7,75): error TS2307: Cannot find module '@/components/ui/card' or its corresponding type declarations.
temp_genesis/src/components/requests/RequestForm.tsx(8,26): error TS2307: Cannot find module '@/hooks/use-toast' or its corresponding type declarations.
temp_genesis/src/components/requests/RequestForm.tsx(9,29): error TS2307: Cannot find module '@/services/dataService' or its corresponding type declarations.
temp_genesis/src/components/requests/RequestForm.tsx(10,28): error TS2307: Cannot find module '@/contexts/AppDataContext' or its corresponding type declarations.
temp_genesis/src/components/requests/RequestForm.tsx(11,25): error TS2307: Cannot find module '@/contexts/AuthContext' or its corresponding type declarations.
temp_genesis/src/components/requests/RequestForm.tsx(12,42): error TS2307: Cannot find module '@/types/request' or its corresponding type declarations.
temp_genesis/src/components/requests/RequestList.tsx(2,75): error TS2307: Cannot find module '@/components/ui/card' or its corresponding type declarations.
temp_genesis/src/components/requests/RequestList.tsx(3,23): error TS2307: Cannot find module '@/components/ui/badge' or its corresponding type declarations.
temp_genesis/src/components/requests/RequestList.tsx(4,24): error TS2307: Cannot find module '@/components/ui/button' or its corresponding type declarations.
temp_genesis/src/components/requests/RequestList.tsx(5,23): error TS2307: Cannot find module '@/components/ui/input' or its corresponding type declarations.
temp_genesis/src/components/requests/RequestList.tsx(6,79): error TS2307: Cannot find module '@/components/ui/select' or its corresponding type declarations.
temp_genesis/src/components/requests/RequestList.tsx(7,29): error TS2307: Cannot find module '@/types/request' or its corresponding type declarations.
temp_genesis/src/components/requests/RequestList.tsx(8,29): error TS2307: Cannot find module '@/services/dataService' or its corresponding type declarations.
temp_genesis/src/components/requests/RequestList.tsx(9,25): error TS2307: Cannot find module '@/contexts/AuthContext' or its corresponding type declarations.
temp_genesis/src/components/requests/RequestList.tsx(12,28): error TS2307: Cannot find module '@/components/ui/scroll-area' or its corresponding type declarations.
temp_genesis/src/components/settings/AppUpdateSettings.tsx(2,75): error TS2307: Cannot find module '@/components/ui/card' or its corresponding type declarations.
temp_genesis/src/components/settings/AppUpdateSettings.tsx(3,24): error TS2307: Cannot find module '@/components/ui/button' or its corresponding type declarations.
temp_genesis/src/components/settings/AppUpdateSettings.tsx(4,24): error TS2307: Cannot find module '@/components/ui/switch' or its corresponding type declarations.
temp_genesis/src/components/settings/AppUpdateSettings.tsx(5,23): error TS2307: Cannot find module '@/components/ui/label' or its corresponding type declarations.
temp_genesis/src/components/settings/AppUpdateSettings.tsx(6,23): error TS2307: Cannot find module '@/components/ui/badge' or its corresponding type declarations.
temp_genesis/src/components/settings/AppUpdateSettings.tsx(7,26): error TS2307: Cannot find module '@/components/ui/progress' or its corresponding type declarations.
temp_genesis/src/components/settings/AppUpdateSettings.tsx(8,53): error TS2307: Cannot find module '@/components/ui/alert' or its corresponding type declarations.
temp_genesis/src/components/settings/AppUpdateSettings.tsx(20,30): error TS2307: Cannot find module '@/hooks/useAppUpdate' or its corresponding type declarations.
temp_genesis/src/components/settings/AppUpdateSettings.tsx(21,29): error TS2307: Cannot find module '@/hooks/use-mobile' or its corresponding type declarations.
temp_genesis/src/components/settings/BulkImportDialog.tsx(3,24): error TS2307: Cannot find module '@/components/ui/button' or its corresponding type declarations.
temp_genesis/src/components/settings/BulkImportDialog.tsx(4,23): error TS2307: Cannot find module '@/components/ui/badge' or its corresponding type declarations.
temp_genesis/src/components/settings/BulkImportDialog.tsx(7,8): error TS2307: Cannot find module '@/components/ui/dialog' or its corresponding type declarations.
temp_genesis/src/components/settings/BulkImportDialog.tsx(9,20): error TS2307: Cannot find module '@/lib/utils' or its corresponding type declarations.
temp_genesis/src/components/settings/CompanySettings.tsx(2,24): error TS2307: Cannot find module '@/lib/logger' or its corresponding type declarations.
temp_genesis/src/components/settings/CompanySettings.tsx(3,58): error TS2307: Cannot find module '@/components/ui/card' or its corresponding type declarations.
temp_genesis/src/components/settings/CompanySettings.tsx(4,23): error TS2307: Cannot find module '@/components/ui/badge' or its corresponding type declarations.
temp_genesis/src/components/settings/CompanySettings.tsx(5,24): error TS2307: Cannot find module '@/components/ui/button' or its corresponding type declarations.
temp_genesis/src/components/settings/CompanySettings.tsx(6,23): error TS2307: Cannot find module '@/components/ui/input' or its corresponding type declarations.
temp_genesis/src/components/settings/CompanySettings.tsx(7,23): error TS2307: Cannot find module '@/components/ui/label' or its corresponding type declarations.
temp_genesis/src/components/settings/CompanySettings.tsx(8,26): error TS2307: Cannot find module '@/components/ui/textarea' or its corresponding type declarations.
temp_genesis/src/components/settings/CompanySettings.tsx(9,79): error TS2307: Cannot find module '@/components/ui/select' or its corresponding type declarations.
temp_genesis/src/components/settings/CompanySettings.tsx(10,187): error TS2307: Cannot find module '@/components/ui/alert-dialog' or its corresponding type declarations.
temp_genesis/src/components/settings/CompanySettings.tsx(11,114): error TS2307: Cannot find module '@/components/ui/dialog' or its corresponding type declarations.
temp_genesis/src/components/settings/CompanySettings.tsx(12,26): error TS2307: Cannot find module '@/components/ui/checkbox' or its corresponding type declarations.
temp_genesis/src/components/settings/CompanySettings.tsx(13,79): error TS2307: Cannot find module '@/components/ui/table' or its corresponding type declarations.
temp_genesis/src/components/settings/CompanySettings.tsx(14,58): error TS2307: Cannot find module '@/components/ui/tabs' or its corresponding type declarations.
temp_genesis/src/components/settings/CompanySettings.tsx(15,139): error TS2307: Cannot find module '@/types/asset' or its corresponding type declarations.
temp_genesis/src/components/settings/CompanySettings.tsx(18,26): error TS2307: Cannot find module '@/hooks/use-toast' or its corresponding type declarations.
temp_genesis/src/components/settings/CompanySettings.tsx(19,26): error TS2307: Cannot find module 'next-themes' or its corresponding type declarations.
temp_genesis/src/components/settings/CompanySettings.tsx(20,24): error TS2307: Cannot find module '@/components/ui/switch' or its corresponding type declarations.
temp_genesis/src/components/settings/CompanySettings.tsx(21,24): error TS2307: Cannot find module 'file-saver' or its corresponding type declarations.
temp_genesis/src/components/settings/CompanySettings.tsx(22,84): error TS2307: Cannot find module '@/utils/activityLogger' or its corresponding type declarations.
temp_genesis/src/components/settings/CompanySettings.tsx(23,41): error TS2307: Cannot find module '@/contexts/AuthContext' or its corresponding type declarations.
temp_genesis/src/components/settings/CompanySettings.tsx(25,29): error TS2307: Cannot find module '@/hooks/use-mobile' or its corresponding type declarations.
temp_genesis/src/components/settings/CompanySettings.tsx(26,29): error TS2307: Cannot find module '@/services/dataService' or its corresponding type declarations.
temp_genesis/src/components/settings/CompanySettings.tsx(27,26): error TS2307: Cannot find module '@/components/ui/combobox' or its corresponding type declarations.
temp_genesis/src/components/settings/CompanySettings.tsx(28,38): error TS2307: Cannot find module '@/pages/VehicleAnalyticsPage' or its corresponding type declarations.
temp_genesis/src/components/settings/CompanySettings.tsx(29,39): error TS2307: Cannot find module '@/components/user-management/PasswordStrengthMeter' or its corresponding type declarations.
temp_genesis/src/components/settings/CompanySettings.tsx(30,33): error TS2307: Cannot find module '@/components/user-management/AvatarGenerator' or its corresponding type declarations.
temp_genesis/src/components/settings/CompanySettings.tsx(31,34): error TS2307: Cannot find module '@/components/user-management/LastActiveStatus' or its corresponding type declarations.
temp_genesis/src/components/settings/CompanySettings.tsx(32,26): error TS2307: Cannot find module '@/components/user-management/UserCard' or its corresponding type declarations.
temp_genesis/src/components/settings/CompanySettings.tsx(33,36): error TS2307: Cannot find module '@/components/user-management/LoginHistoryDrawer' or its corresponding type declarations.
temp_genesis/src/components/settings/CompanySettings.tsx(34,36): error TS2307: Cannot find module '@/components/user-management/UserTimelineDrawer' or its corresponding type declarations.
temp_genesis/src/components/settings/CompanySettings.tsx(35,40): error TS2307: Cannot find module '@/components/user-management/RolePermissionsManager' or its corresponding type declarations.
temp_genesis/src/components/settings/CompanySettings.tsx(36,32): error TS2307: Cannot find module '@/components/user-management/BulkActionsBar' or its corresponding type declarations.
temp_genesis/src/components/settings/CompanySettings.tsx(37,28): error TS2307: Cannot find module '@/components/user-management/InviteFlow' or its corresponding type declarations.
temp_genesis/src/components/settings/EmployeeAnalytics.tsx(2,91): error TS2307: Cannot find module '@/components/ui/dialog' or its corresponding type declarations.
temp_genesis/src/components/settings/EmployeeAnalytics.tsx(3,24): error TS2307: Cannot find module '@/components/ui/button' or its corresponding type declarations.
temp_genesis/src/components/settings/EmployeeAnalytics.tsx(4,23): error TS2307: Cannot find module '@/components/ui/badge' or its corresponding type declarations.
temp_genesis/src/components/settings/EmployeeAnalytics.tsx(5,28): error TS2307: Cannot find module '@/components/ui/scroll-area' or its corresponding type declarations.
temp_genesis/src/components/settings/EmployeeAnalytics.tsx(6,79): error TS2307: Cannot find module '@/components/ui/select' or its corresponding type declarations.
temp_genesis/src/components/settings/EmployeeAnalytics.tsx(7,48): error TS2307: Cannot find module '@/types/asset' or its corresponding type declarations.
temp_genesis/src/components/settings/EmployeeAnalytics.tsx(8,58): error TS2307: Cannot find module '@/components/ui/card' or its corresponding type declarations.
temp_genesis/src/components/settings/EmployeeAnalytics.tsx(11,27): error TS2307: Cannot find module '@/components/ui/separator' or its corresponding type declarations.
temp_genesis/src/components/settings/EnhancedEmployeeManagement.tsx(2,58): error TS2307: Cannot find module '@/components/ui/card' or its corresponding type declarations.
temp_genesis/src/components/settings/EnhancedEmployeeManagement.tsx(3,23): error TS2307: Cannot find module '@/components/ui/badge' or its corresponding type declarations.
temp_genesis/src/components/settings/EnhancedEmployeeManagement.tsx(4,24): error TS2307: Cannot find module '@/components/ui/button' or its corresponding type declarations.
temp_genesis/src/components/settings/EnhancedEmployeeManagement.tsx(5,23): error TS2307: Cannot find module '@/components/ui/input' or its corresponding type declarations.
temp_genesis/src/components/settings/EnhancedEmployeeManagement.tsx(6,23): error TS2307: Cannot find module '@/components/ui/label' or its corresponding type declarations.
temp_genesis/src/components/settings/EnhancedEmployeeManagement.tsx(7,99): error TS2307: Cannot find module '@/components/ui/dialog' or its corresponding type declarations.
temp_genesis/src/components/settings/EnhancedEmployeeManagement.tsx(8,26): error TS2307: Cannot find module '@/components/ui/checkbox' or its corresponding type declarations.
temp_genesis/src/components/settings/EnhancedEmployeeManagement.tsx(9,79): error TS2307: Cannot find module '@/components/ui/table' or its corresponding type declarations.
temp_genesis/src/components/settings/EnhancedEmployeeManagement.tsx(10,26): error TS2307: Cannot find module '@/types/asset' or its corresponding type declarations.
temp_genesis/src/components/settings/EnhancedEmployeeManagement.tsx(11,26): error TS2307: Cannot find module '@/hooks/use-toast' or its corresponding type declarations.
temp_genesis/src/components/settings/EnhancedEmployeeManagement.tsx(12,29): error TS2307: Cannot find module '@/hooks/use-mobile' or its corresponding type declarations.
temp_genesis/src/components/settings/EnhancedEmployeeManagement.tsx(14,24): error TS2307: Cannot find module 'file-saver' or its corresponding type declarations.
temp_genesis/src/components/settings/EnhancedEmployeeManagement.tsx(15,29): error TS2307: Cannot find module '@/utils/activityLogger' or its corresponding type declarations.
temp_genesis/src/components/settings/EnhancedEmployeeManagement.tsx(16,26): error TS2307: Cannot find module '@/components/ui/combobox' or its corresponding type declarations.
temp_genesis/src/components/settings/EnhancedEmployeeManagement.tsx(18,29): error TS2307: Cannot find module '@/services/dataService' or its corresponding type declarations.
temp_genesis/src/components/settings/EnhancedUserManagement.tsx(2,58): error TS2307: Cannot find module '@/components/ui/card' or its corresponding type declarations.
temp_genesis/src/components/settings/EnhancedUserManagement.tsx(3,23): error TS2307: Cannot find module '@/components/ui/badge' or its corresponding type declarations.
temp_genesis/src/components/settings/EnhancedUserManagement.tsx(4,24): error TS2307: Cannot find module '@/components/ui/button' or its corresponding type declarations.
temp_genesis/src/components/settings/EnhancedUserManagement.tsx(5,23): error TS2307: Cannot find module '@/components/ui/input' or its corresponding type declarations.
temp_genesis/src/components/settings/EnhancedUserManagement.tsx(6,23): error TS2307: Cannot find module '@/components/ui/label' or its corresponding type declarations.
temp_genesis/src/components/settings/EnhancedUserManagement.tsx(7,99): error TS2307: Cannot find module '@/components/ui/dialog' or its corresponding type declarations.
temp_genesis/src/components/settings/EnhancedUserManagement.tsx(8,26): error TS2307: Cannot find module '@/components/ui/checkbox' or its corresponding type declarations.
temp_genesis/src/components/settings/EnhancedUserManagement.tsx(9,79): error TS2307: Cannot find module '@/components/ui/table' or its corresponding type declarations.
temp_genesis/src/components/settings/EnhancedUserManagement.tsx(10,32): error TS2307: Cannot find module '@/contexts/AuthContext' or its corresponding type declarations.
temp_genesis/src/components/settings/EnhancedUserManagement.tsx(11,25): error TS2307: Cannot find module '@/contexts/AuthContext' or its corresponding type declarations.
temp_genesis/src/components/settings/EnhancedUserManagement.tsx(12,26): error TS2307: Cannot find module '@/hooks/use-toast' or its corresponding type declarations.
temp_genesis/src/components/settings/EnhancedUserManagement.tsx(13,29): error TS2307: Cannot find module '@/hooks/use-mobile' or its corresponding type declarations.
temp_genesis/src/components/settings/EnhancedUserManagement.tsx(14,36): error TS2307: Cannot find module '@/types/asset' or its corresponding type declarations.
temp_genesis/src/components/settings/EnhancedUserManagement.tsx(18,79): error TS2307: Cannot find module '@/components/ui/select' or its corresponding type declarations.
temp_genesis/src/components/settings/EnhancedUserManagement.tsx(19,24): error TS2307: Cannot find module 'file-saver' or its corresponding type declarations.
temp_genesis/src/components/settings/EnhancedUserManagement.tsx(20,29): error TS2307: Cannot find module '@/utils/activityLogger' or its corresponding type declarations.
temp_genesis/src/components/settings/EnhancedUserManagement.tsx(22,39): error TS2307: Cannot find module '@/components/user-management/PasswordStrengthMeter' or its corresponding type declarations.
temp_genesis/src/components/settings/EnhancedUserManagement.tsx(23,33): error TS2307: Cannot find module '@/components/user-management/AvatarGenerator' or its corresponding type declarations.
temp_genesis/src/components/settings/EnhancedUserManagement.tsx(24,26): error TS2307: Cannot find module '@/components/user-management/UserCard' or its corresponding type declarations.
temp_genesis/src/components/settings/EnhancedUserManagement.tsx(25,36): error TS2307: Cannot find module '@/components/user-management/LoginHistoryDrawer' or its corresponding type declarations.
temp_genesis/src/components/settings/EnhancedUserManagement.tsx(26,36): error TS2307: Cannot find module '@/components/user-management/UserTimelineDrawer' or its corresponding type declarations.
temp_genesis/src/components/settings/EnhancedUserManagement.tsx(27,40): error TS2307: Cannot find module '@/components/user-management/RolePermissionsManager' or its corresponding type declarations.
temp_genesis/src/components/settings/EnhancedUserManagement.tsx(28,32): error TS2307: Cannot find module '@/components/user-management/BulkActionsBar' or its corresponding type declarations.
temp_genesis/src/components/settings/EnhancedUserManagement.tsx(29,28): error TS2307: Cannot find module '@/components/user-management/InviteFlow' or its corresponding type declarations.
temp_genesis/src/components/settings/EnhancedVehicleManagement.tsx(2,58): error TS2307: Cannot find module '@/components/ui/card' or its corresponding type declarations.
temp_genesis/src/components/settings/EnhancedVehicleManagement.tsx(3,23): error TS2307: Cannot find module '@/components/ui/badge' or its corresponding type declarations.
temp_genesis/src/components/settings/EnhancedVehicleManagement.tsx(4,24): error TS2307: Cannot find module '@/components/ui/button' or its corresponding type declarations.
temp_genesis/src/components/settings/EnhancedVehicleManagement.tsx(5,23): error TS2307: Cannot find module '@/components/ui/input' or its corresponding type declarations.
temp_genesis/src/components/settings/EnhancedVehicleManagement.tsx(6,23): error TS2307: Cannot find module '@/components/ui/label' or its corresponding type declarations.
temp_genesis/src/components/settings/EnhancedVehicleManagement.tsx(7,99): error TS2307: Cannot find module '@/components/ui/dialog' or its corresponding type declarations.
temp_genesis/src/components/settings/EnhancedVehicleManagement.tsx(8,26): error TS2307: Cannot find module '@/components/ui/checkbox' or its corresponding type declarations.
temp_genesis/src/components/settings/EnhancedVehicleManagement.tsx(9,79): error TS2307: Cannot find module '@/components/ui/table' or its corresponding type declarations.
temp_genesis/src/components/settings/EnhancedVehicleManagement.tsx(10,25): error TS2307: Cannot find module '@/types/asset' or its corresponding type declarations.
temp_genesis/src/components/settings/EnhancedVehicleManagement.tsx(11,26): error TS2307: Cannot find module '@/hooks/use-toast' or its corresponding type declarations.
temp_genesis/src/components/settings/EnhancedVehicleManagement.tsx(12,29): error TS2307: Cannot find module '@/hooks/use-mobile' or its corresponding type declarations.
temp_genesis/src/components/settings/EnhancedVehicleManagement.tsx(14,24): error TS2307: Cannot find module 'file-saver' or its corresponding type declarations.
temp_genesis/src/components/settings/EnhancedVehicleManagement.tsx(15,29): error TS2307: Cannot find module '@/utils/activityLogger' or its corresponding type declarations.
temp_genesis/src/components/settings/EnhancedVehicleManagement.tsx(17,29): error TS2307: Cannot find module '@/services/dataService' or its corresponding type declarations.
temp_genesis/src/components/settings/SyncStatusPanel.tsx(2,75): error TS2307: Cannot find module '@/components/ui/card' or its corresponding type declarations.
temp_genesis/src/components/settings/SyncStatusPanel.tsx(3,24): error TS2307: Cannot find module '@/components/ui/button' or its corresponding type declarations.
temp_genesis/src/components/settings/SyncStatusPanel.tsx(4,23): error TS2307: Cannot find module '@/components/ui/badge' or its corresponding type declarations.
temp_genesis/src/components/settings/SyncStatusPanel.tsx(5,27): error TS2307: Cannot find module '@/components/ui/separator' or its corresponding type declarations.
temp_genesis/src/components/sites/BulkLogDialog.tsx(2,41): error TS2307: Cannot find module '@/components/ui/responsive-form-container' or its corresponding type declarations.
temp_genesis/src/components/sites/BulkLogDialog.tsx(3,24): error TS2307: Cannot find module '@/components/ui/button' or its corresponding type declarations.
temp_genesis/src/components/sites/BulkLogDialog.tsx(4,23): error TS2307: Cannot find module '@/components/ui/input' or its corresponding type declarations.
temp_genesis/src/components/sites/BulkLogDialog.tsx(5,23): error TS2307: Cannot find module '@/components/ui/label' or its corresponding type declarations.
temp_genesis/src/components/sites/BulkLogDialog.tsx(6,26): error TS2307: Cannot find module '@/components/ui/textarea' or its corresponding type declarations.
temp_genesis/src/components/sites/BulkLogDialog.tsx(7,26): error TS2307: Cannot find module '@/components/ui/checkbox' or its corresponding type declarations.
temp_genesis/src/components/sites/BulkLogDialog.tsx(8,26): error TS2307: Cannot find module '@/components/ui/calendar' or its corresponding type declarations.
temp_genesis/src/components/sites/BulkLogDialog.tsx(9,79): error TS2307: Cannot find module '@/components/ui/select' or its corresponding type declarations.
temp_genesis/src/components/sites/BulkLogDialog.tsx(10,58): error TS2307: Cannot find module '@/components/ui/card' or its corresponding type declarations.
temp_genesis/src/components/sites/BulkLogDialog.tsx(11,23): error TS2307: Cannot find module '@/components/ui/badge' or its corresponding type declarations.
temp_genesis/src/components/sites/BulkLogDialog.tsx(13,57): error TS2307: Cannot find module '@/components/ui/popover' or its corresponding type declarations.
temp_genesis/src/components/sites/BulkLogDialog.tsx(14,39): error TS2307: Cannot find module '@/types/asset' or its corresponding type declarations.
temp_genesis/src/components/sites/BulkLogDialog.tsx(15,45): error TS2307: Cannot find module '@/types/equipment' or its corresponding type declarations.
temp_genesis/src/components/sites/BulkLogDialog.tsx(16,36): error TS2307: Cannot find module '@/types/consumable' or its corresponding type declarations.
temp_genesis/src/components/sites/BulkLogDialog.tsx(19,26): error TS2307: Cannot find module '@/hooks/use-toast' or its corresponding type declarations.
temp_genesis/src/components/sites/BulkLogDialog.tsx(20,20): error TS2307: Cannot find module '@/lib/utils' or its corresponding type declarations.
temp_genesis/src/components/sites/ConsumableAnalytics.tsx(1,85): error TS2307: Cannot find module '@/components/ui/dialog' or its corresponding type declarations.
temp_genesis/src/components/sites/ConsumableAnalytics.tsx(2,58): error TS2307: Cannot find module '@/components/ui/card' or its corresponding type declarations.
temp_genesis/src/components/sites/ConsumableAnalytics.tsx(3,29): error TS2307: Cannot find module '@/types/asset' or its corresponding type declarations.
temp_genesis/src/components/sites/ConsumableAnalytics.tsx(4,36): error TS2307: Cannot find module '@/types/consumable' or its corresponding type declarations.
temp_genesis/src/components/sites/ConsumableAnalytics.tsx(74,21): error TS2362: The left-hand side of an arithmetic operation must be of type 'any', 'number', 'bigint' or an enum type.
temp_genesis/src/components/sites/ConsumableAnalytics.tsx(74,34): error TS2363: The right-hand side of an arithmetic operation must be of type 'any', 'number', 'bigint' or an enum type.
temp_genesis/src/components/sites/ConsumableAnalytics.tsx(88,21): error TS2362: The left-hand side of an arithmetic operation must be of type 'any', 'number', 'bigint' or an enum type.
temp_genesis/src/components/sites/ConsumableAnalytics.tsx(88,34): error TS2363: The right-hand side of an arithmetic operation must be of type 'any', 'number', 'bigint' or an enum type.
temp_genesis/src/components/sites/ConsumableAnalyticsView.tsx(1,58): error TS2307: Cannot find module '@/components/ui/card' or its corresponding type declarations.
temp_genesis/src/components/sites/ConsumableAnalyticsView.tsx(2,46): error TS2307: Cannot find module '@/types/asset' or its corresponding type declarations.
temp_genesis/src/components/sites/ConsumableAnalyticsView.tsx(3,36): error TS2307: Cannot find module '@/types/consumable' or its corresponding type declarations.
temp_genesis/src/components/sites/ConsumableAnalyticsView.tsx(71,25): error TS2362: The left-hand side of an arithmetic operation must be of type 'any', 'number', 'bigint' or an enum type.
temp_genesis/src/components/sites/ConsumableAnalyticsView.tsx(71,38): error TS2363: The right-hand side of an arithmetic operation must be of type 'any', 'number', 'bigint' or an enum type.
temp_genesis/src/components/sites/ConsumableAnalyticsView.tsx(85,25): error TS2362: The left-hand side of an arithmetic operation must be of type 'any', 'number', 'bigint' or an enum type.
temp_genesis/src/components/sites/ConsumableAnalyticsView.tsx(85,38): error TS2363: The right-hand side of an arithmetic operation must be of type 'any', 'number', 'bigint' or an enum type.
temp_genesis/src/components/sites/ConsumablesSection.tsx(1,24): error TS2307: Cannot find module '@/lib/logger' or its corresponding type declarations.
temp_genesis/src/components/sites/ConsumablesSection.tsx(3,58): error TS2307: Cannot find module '@/components/ui/card' or its corresponding type declarations.
temp_genesis/src/components/sites/ConsumablesSection.tsx(4,24): error TS2307: Cannot find module '@/components/ui/button' or its corresponding type declarations.
temp_genesis/src/components/sites/ConsumablesSection.tsx(5,23): error TS2307: Cannot find module '@/components/ui/badge' or its corresponding type declarations.
temp_genesis/src/components/sites/ConsumablesSection.tsx(6,85): error TS2307: Cannot find module '@/components/ui/dialog' or its corresponding type declarations.
temp_genesis/src/components/sites/ConsumablesSection.tsx(7,23): error TS2307: Cannot find module '@/components/ui/input' or its corresponding type declarations.
temp_genesis/src/components/sites/ConsumablesSection.tsx(8,23): error TS2307: Cannot find module '@/components/ui/label' or its corresponding type declarations.
temp_genesis/src/components/sites/ConsumablesSection.tsx(9,26): error TS2307: Cannot find module '@/components/ui/textarea' or its corresponding type declarations.
temp_genesis/src/components/sites/ConsumablesSection.tsx(10,69): error TS2307: Cannot find module '@/components/ui/collapsible' or its corresponding type declarations.
temp_genesis/src/components/sites/ConsumablesSection.tsx(11,79): error TS2307: Cannot find module '@/components/ui/select' or its corresponding type declarations.
temp_genesis/src/components/sites/ConsumablesSection.tsx(12,26): error TS2307: Cannot find module '@/components/ui/calendar' or its corresponding type declarations.
temp_genesis/src/components/sites/ConsumablesSection.tsx(13,39): error TS2307: Cannot find module '@/types/asset' or its corresponding type declarations.
temp_genesis/src/components/sites/ConsumablesSection.tsx(14,36): error TS2307: Cannot find module '@/types/consumable' or its corresponding type declarations.
temp_genesis/src/components/sites/ConsumablesSection.tsx(15,25): error TS2307: Cannot find module '@/types/asset' or its corresponding type declarations.
temp_genesis/src/components/sites/ConsumablesSection.tsx(18,25): error TS2307: Cannot find module '@/contexts/AuthContext' or its corresponding type declarations.
temp_genesis/src/components/sites/ConsumablesSection.tsx(19,26): error TS2307: Cannot find module '@/hooks/use-toast' or its corresponding type declarations.
temp_genesis/src/components/sites/ConsumablesSection.tsx(20,29): error TS2307: Cannot find module '@/utils/activityLogger' or its corresponding type declarations.
temp_genesis/src/components/sites/ConsumablesSection.tsx(22,29): error TS2307: Cannot find module '@/hooks/use-mobile' or its corresponding type declarations.
temp_genesis/src/components/sites/MachinesSection.tsx(2,58): error TS2307: Cannot find module '@/components/ui/card' or its corresponding type declarations.
temp_genesis/src/components/sites/MachinesSection.tsx(3,24): error TS2307: Cannot find module '@/components/ui/button' or its corresponding type declarations.
temp_genesis/src/components/sites/MachinesSection.tsx(4,23): error TS2307: Cannot find module '@/components/ui/badge' or its corresponding type declarations.
temp_genesis/src/components/sites/MachinesSection.tsx(5,23): error TS2307: Cannot find module '@/components/ui/input' or its corresponding type declarations.
temp_genesis/src/components/sites/MachinesSection.tsx(6,23): error TS2307: Cannot find module '@/components/ui/label' or its corresponding type declarations.
temp_genesis/src/components/sites/MachinesSection.tsx(7,79): error TS2307: Cannot find module '@/components/ui/table' or its corresponding type declarations.
temp_genesis/src/components/sites/MachinesSection.tsx(8,39): error TS2307: Cannot find module '@/types/asset' or its corresponding type declarations.
temp_genesis/src/components/sites/MachinesSection.tsx(9,50): error TS2307: Cannot find module '@/types/equipment' or its corresponding type declarations.
temp_genesis/src/components/sites/MachinesSection.tsx(12,38): error TS2307: Cannot find module '@/utils/defaultLogTemplate' or its corresponding type declarations.
temp_genesis/src/components/sites/MachinesSection.tsx(14,26): error TS2307: Cannot find module '@/hooks/use-toast' or its corresponding type declarations.
temp_genesis/src/components/sites/MachinesSection.tsx(15,80): error TS2307: Cannot find module '@/components/ui/dialog' or its corresponding type declarations.
temp_genesis/src/components/sites/MachinesSection.tsx(16,58): error TS2307: Cannot find module '@/components/ui/tabs' or its corresponding type declarations.
temp_genesis/src/components/sites/SiteConsumablesAnalytics.tsx(1,66): error TS2307: Cannot find module '@/components/ui/dialog' or its corresponding type declarations.
temp_genesis/src/components/sites/SiteConsumablesAnalytics.tsx(2,75): error TS2307: Cannot find module '@/components/ui/card' or its corresponding type declarations.
temp_genesis/src/components/sites/SiteConsumablesAnalytics.tsx(3,23): error TS2307: Cannot find module '@/components/ui/badge' or its corresponding type declarations.
temp_genesis/src/components/sites/SiteConsumablesAnalytics.tsx(4,58): error TS2307: Cannot find module '@/components/ui/tabs' or its corresponding type declarations.
temp_genesis/src/components/sites/SiteConsumablesAnalytics.tsx(5,29): error TS2307: Cannot find module '@/types/asset' or its corresponding type declarations.
temp_genesis/src/components/sites/SiteConsumablesAnalytics.tsx(6,36): error TS2307: Cannot find module '@/types/consumable' or its corresponding type declarations.
temp_genesis/src/components/sites/SiteConsumablesAnalyticsView.tsx(1,75): error TS2307: Cannot find module '@/components/ui/card' or its corresponding type declarations.
temp_genesis/src/components/sites/SiteConsumablesAnalyticsView.tsx(2,23): error TS2307: Cannot find module '@/components/ui/badge' or its corresponding type declarations.
temp_genesis/src/components/sites/SiteConsumablesAnalyticsView.tsx(3,58): error TS2307: Cannot find module '@/components/ui/tabs' or its corresponding type declarations.
temp_genesis/src/components/sites/SiteConsumablesAnalyticsView.tsx(4,29): error TS2307: Cannot find module '@/types/asset' or its corresponding type declarations.
temp_genesis/src/components/sites/SiteConsumablesAnalyticsView.tsx(5,36): error TS2307: Cannot find module '@/types/consumable' or its corresponding type declarations.
temp_genesis/src/components/sites/SiteForm.tsx(2,22): error TS2307: Cannot find module '@/types/asset' or its corresponding type declarations.
temp_genesis/src/components/sites/SiteForm.tsx(3,58): error TS2307: Cannot find module '@/components/ui/card' or its corresponding type declarations.
temp_genesis/src/components/sites/SiteForm.tsx(4,24): error TS2307: Cannot find module '@/components/ui/button' or its corresponding type declarations.
temp_genesis/src/components/sites/SiteForm.tsx(5,23): error TS2307: Cannot find module '@/components/ui/input' or its corresponding type declarations.
temp_genesis/src/components/sites/SiteForm.tsx(6,23): error TS2307: Cannot find module '@/components/ui/label' or its corresponding type declarations.
temp_genesis/src/components/sites/SiteForm.tsx(7,26): error TS2307: Cannot find module '@/components/ui/textarea' or its corresponding type declarations.
temp_genesis/src/components/sites/SiteForm.tsx(8,79): error TS2307: Cannot find module '@/components/ui/select' or its corresponding type declarations.
temp_genesis/src/components/sites/SiteForm.tsx(9,26): error TS2307: Cannot find module '@/components/ui/checkbox' or its corresponding type declarations.
temp_genesis/src/components/sites/SiteForm.tsx(10,41): error TS2307: Cannot find module '@/components/ui/responsive-form-container' or its corresponding type declarations.
temp_genesis/src/components/sites/SiteForm.tsx(12,29): error TS2307: Cannot find module '@/utils/activityLogger' or its corresponding type declarations.
temp_genesis/src/components/sites/SiteInventoryPage.tsx(2,24): error TS2307: Cannot find module '@/components/ui/button' or its corresponding type declarations.
temp_genesis/src/components/sites/SiteInventoryPage.tsx(3,23): error TS2307: Cannot find module '@/components/ui/badge' or its corresponding type declarations.
temp_genesis/src/components/sites/SiteInventoryPage.tsx(4,74): error TS2307: Cannot find module '@/components/ui/tooltip' or its corresponding type declarations.
temp_genesis/src/components/sites/SiteInventoryPage.tsx(5,65): error TS2307: Cannot find module '@/types/asset' or its corresponding type declarations.
temp_genesis/src/components/sites/SiteInventoryPage.tsx(6,30): error TS2307: Cannot find module '@/types/equipment' or its corresponding type declarations.
temp_genesis/src/components/sites/SiteInventoryPage.tsx(7,36): error TS2307: Cannot find module '@/types/consumable' or its corresponding type declarations.
temp_genesis/src/components/sites/SiteInventoryPage.tsx(8,35): error TS2307: Cannot find module '@/types/inventory' or its corresponding type declarations.
temp_genesis/src/components/sites/SiteInventoryPage.tsx(12,20): error TS2307: Cannot find module '@/lib/utils' or its corresponding type declarations.
temp_genesis/src/components/sites/SiteInventoryPage.tsx(13,29): error TS2307: Cannot find module '@/hooks/use-mobile' or its corresponding type declarations.
temp_genesis/src/components/sites/SiteInventoryPage.tsx(19,8): error TS2307: Cannot find module '@/components/ui/dropdown-menu' or its corresponding type declarations.
temp_genesis/src/components/sites/SiteMachineAnalytics.tsx(2,24): error TS2307: Cannot find module '@/lib/logger' or its corresponding type declarations.
temp_genesis/src/components/sites/SiteMachineAnalytics.tsx(3,58): error TS2307: Cannot find module '@/components/ui/card' or its corresponding type declarations.
temp_genesis/src/components/sites/SiteMachineAnalytics.tsx(4,99): error TS2307: Cannot find module '@/components/ui/dialog' or its corresponding type declarations.
temp_genesis/src/components/sites/SiteMachineAnalytics.tsx(5,24): error TS2307: Cannot find module '@/components/ui/button' or its corresponding type declarations.
temp_genesis/src/components/sites/SiteMachineAnalytics.tsx(6,23): error TS2307: Cannot find module '@/components/ui/badge' or its corresponding type declarations.
temp_genesis/src/components/sites/SiteMachineAnalytics.tsx(7,79): error TS2307: Cannot find module '@/components/ui/select' or its corresponding type declarations.
temp_genesis/src/components/sites/SiteMachineAnalytics.tsx(8,79): error TS2307: Cannot find module '@/components/ui/table' or its corresponding type declarations.
temp_genesis/src/components/sites/SiteMachineAnalytics.tsx(9,26): error TS2307: Cannot find module '@/components/ui/calendar' or its corresponding type declarations.
temp_genesis/src/components/sites/SiteMachineAnalytics.tsx(10,46): error TS2307: Cannot find module '@/types/asset' or its corresponding type declarations.
temp_genesis/src/components/sites/SiteMachineAnalytics.tsx(11,30): error TS2307: Cannot find module '@/types/equipment' or its corresponding type declarations.
temp_genesis/src/components/sites/SiteMachineAnalytics.tsx(14,39): error TS2307: Cannot find module '@/utils/unifiedReportGenerator' or its corresponding type declarations.
temp_genesis/src/components/sites/SiteMachineAnalytics.tsx(15,29): error TS2307: Cannot find module '@/hooks/use-mobile' or its corresponding type declarations.
temp_genesis/src/components/sites/SiteMachineAnalytics.tsx(277,41): error TS2339: Property 'reduce' does not exist on type 'unknown'.
temp_genesis/src/components/sites/SiteMachineAnalytics.tsx(278,39): error TS2339: Property 'reduce' does not exist on type 'unknown'.
temp_genesis/src/components/sites/SiteMachineAnalytics.tsx(281,31): error TS2339: Property 'filter' does not exist on type 'unknown'.
temp_genesis/src/components/sites/SiteMachineAnalytics.tsx(282,36): error TS2339: Property 'length' does not exist on type 'unknown'.
temp_genesis/src/components/sites/SiteMachineAnalytics.tsx(300,9): error TS2740: Type '{}' is missing the following properties from type 'EquipmentLog[]': length, pop, push, concat, and 29 more.
temp_genesis/src/components/sites/SitesPage.tsx(6,24): error TS2307: Cannot find module '@/components/ui/button' or its corresponding type declarations.
temp_genesis/src/components/sites/SitesPage.tsx(7,23): error TS2307: Cannot find module '@/components/ui/badge' or its corresponding type declarations.
temp_genesis/src/components/sites/SitesPage.tsx(8,85): error TS2307: Cannot find module '@/components/ui/dialog' or its corresponding type declarations.
temp_genesis/src/components/sites/SitesPage.tsx(9,62): error TS2307: Cannot find module '@/components/ui/sheet' or its corresponding type declarations.
temp_genesis/src/components/sites/SitesPage.tsx(10,79): error TS2307: Cannot find module '@/components/ui/select' or its corresponding type declarations.
temp_genesis/src/components/sites/SitesPage.tsx(11,167): error TS2307: Cannot find module '@/components/ui/alert-dialog' or its corresponding type declarations.
temp_genesis/src/components/sites/SitesPage.tsx(12,79): error TS2307: Cannot find module '@/components/ui/table' or its corresponding type declarations.
temp_genesis/src/components/sites/SitesPage.tsx(13,104): error TS2307: Cannot find module '@/types/asset' or its corresponding type declarations.
temp_genesis/src/components/sites/SitesPage.tsx(14,30): error TS2307: Cannot find module '@/types/equipment' or its corresponding type declarations.
temp_genesis/src/components/sites/SitesPage.tsx(15,35): error TS2307: Cannot find module '@/types/inventory' or its corresponding type declarations.
temp_genesis/src/components/sites/SitesPage.tsx(18,50): error TS2307: Cannot find module '@/components/ui/mobile-action-menu' or its corresponding type declarations.
temp_genesis/src/components/sites/SitesPage.tsx(19,25): error TS2307: Cannot find module '@/contexts/AuthContext' or its corresponding type declarations.
temp_genesis/src/components/sites/SitesPage.tsx(20,26): error TS2307: Cannot find module '@/hooks/use-toast' or its corresponding type declarations.
temp_genesis/src/components/sites/SitesPage.tsx(21,20): error TS2307: Cannot find module '@/lib/utils' or its corresponding type declarations.
temp_genesis/src/components/sites/SitesPage.tsx(24,39): error TS2307: Cannot find module '@/utils/unifiedReportGenerator' or its corresponding type declarations.
temp_genesis/src/components/sites/SitesPage.tsx(25,74): error TS2307: Cannot find module '@/components/ui/tooltip' or its corresponding type declarations.
temp_genesis/src/components/sites/SitesPage.tsx(26,69): error TS2307: Cannot find module '@/components/ui/collapsible' or its corresponding type declarations.
temp_genesis/src/components/sites/SitesPage.tsx(29,36): error TS2307: Cannot find module '@/types/consumable' or its corresponding type declarations.
temp_genesis/src/components/sites/SitesPage.tsx(30,29): error TS2307: Cannot find module '@/hooks/use-mobile' or its corresponding type declarations.
temp_genesis/src/components/sites/SitesPage.tsx(1061,37): error TS2339: Property 'length' does not exist on type 'unknown'.
temp_genesis/src/components/sites/SitesPage.tsx(1065,35): error TS2339: Property 'map' does not exist on type 'unknown'.
temp_genesis/src/components/sites/SiteWideMachineAnalytics.tsx(1,66): error TS2307: Cannot find module '@/components/ui/dialog' or its corresponding type declarations.
temp_genesis/src/components/sites/SiteWideMachineAnalytics.tsx(2,75): error TS2307: Cannot find module '@/components/ui/card' or its corresponding type declarations.
temp_genesis/src/components/sites/SiteWideMachineAnalytics.tsx(3,23): error TS2307: Cannot find module '@/components/ui/badge' or its corresponding type declarations.
temp_genesis/src/components/sites/SiteWideMachineAnalytics.tsx(4,58): error TS2307: Cannot find module '@/components/ui/tabs' or its corresponding type declarations.
temp_genesis/src/components/sites/SiteWideMachineAnalytics.tsx(5,29): error TS2307: Cannot find module '@/types/asset' or its corresponding type declarations.
temp_genesis/src/components/sites/SiteWideMachineAnalytics.tsx(6,30): error TS2307: Cannot find module '@/types/equipment' or its corresponding type declarations.
temp_genesis/src/components/sites/SiteWideMachineAnalyticsView.tsx(2,75): error TS2307: Cannot find module '@/components/ui/card' or its corresponding type declarations.
temp_genesis/src/components/sites/SiteWideMachineAnalyticsView.tsx(3,23): error TS2307: Cannot find module '@/components/ui/badge' or its corresponding type declarations.
temp_genesis/src/components/sites/SiteWideMachineAnalyticsView.tsx(4,58): error TS2307: Cannot find module '@/components/ui/tabs' or its corresponding type declarations.
temp_genesis/src/components/sites/SiteWideMachineAnalyticsView.tsx(5,29): error TS2307: Cannot find module '@/types/asset' or its corresponding type declarations.
temp_genesis/src/components/sites/SiteWideMachineAnalyticsView.tsx(6,30): error TS2307: Cannot find module '@/types/equipment' or its corresponding type declarations.
temp_genesis/src/components/sites/SiteWideMachineAnalyticsView.tsx(10,29): error TS2307: Cannot find module '@/hooks/use-mobile' or its corresponding type declarations.
temp_genesis/src/components/sites/SiteWideMachineAnalyticsView.tsx(11,79): error TS2307: Cannot find module '@/components/ui/select' or its corresponding type declarations.
temp_genesis/src/components/SplashScreenController.tsx(2,27): error TS2307: Cannot find module '@capacitor/core' or its corresponding type declarations.
temp_genesis/src/components/SplashScreenController.tsx(3,30): error TS2307: Cannot find module '@capacitor/splash-screen' or its corresponding type declarations.
temp_genesis/src/components/SplashScreenController.tsx(4,27): error TS2307: Cannot find module '@/contexts/AssetsContext' or its corresponding type declarations.
temp_genesis/src/components/SplashScreenController.tsx(5,29): error TS2307: Cannot find module '@/contexts/WaybillsContext' or its corresponding type declarations.
temp_genesis/src/components/SplashScreenController.tsx(6,28): error TS2307: Cannot find module '@/contexts/AppDataContext' or its corresponding type declarations.
temp_genesis/src/components/SplashScreenController.tsx(7,37): error TS2307: Cannot find module '@/contexts/DashboardLoadingContext' or its corresponding type declarations.
temp_genesis/src/components/SplashScreenController.tsx(8,24): error TS2307: Cannot find module '@/lib/logger' or its corresponding type declarations.
temp_genesis/src/components/ThemeSelector.tsx(2,40): error TS2307: Cannot find module '@/hooks/use-theme' or its corresponding type declarations.
temp_genesis/src/components/ThemeSelector.tsx(3,105): error TS2307: Cannot find module '@/components/ui/select' or its corresponding type declarations.
temp_genesis/src/components/ui/accordion.tsx(5,20): error TS2307: Cannot find module '@/lib/utils' or its corresponding type declarations.
temp_genesis/src/components/ui/alert-dialog.tsx(4,20): error TS2307: Cannot find module '@/lib/utils' or its corresponding type declarations.
temp_genesis/src/components/ui/alert-dialog.tsx(5,32): error TS2307: Cannot find module '@/components/ui/button' or its corresponding type declarations.
temp_genesis/src/components/ui/alert.tsx(4,20): error TS2307: Cannot find module '@/lib/utils' or its corresponding type declarations.
temp_genesis/src/components/ui/avatar.tsx(4,20): error TS2307: Cannot find module '@/lib/utils' or its corresponding type declarations.
temp_genesis/src/components/ui/badge.tsx(4,20): error TS2307: Cannot find module '@/lib/utils' or its corresponding type declarations.
temp_genesis/src/components/ui/breadcrumb.tsx(5,20): error TS2307: Cannot find module '@/lib/utils' or its corresponding type declarations.
temp_genesis/src/components/ui/button.tsx(5,20): error TS2307: Cannot find module '@/lib/utils' or its corresponding type declarations.
temp_genesis/src/components/ui/calendar.tsx(5,20): error TS2307: Cannot find module '@/lib/utils' or its corresponding type declarations.
temp_genesis/src/components/ui/calendar.tsx(6,32): error TS2307: Cannot find module '@/components/ui/button' or its corresponding type declarations.
temp_genesis/src/components/ui/calendar.tsx(45,9): error TS2353: Object literal may only specify known properties, and 'IconLeft' does not exist in type 'Partial<CustomComponents>'.
temp_genesis/src/components/ui/card.tsx(3,20): error TS2307: Cannot find module '@/lib/utils' or its corresponding type declarations.
temp_genesis/src/components/ui/carousel.tsx(5,20): error TS2307: Cannot find module '@/lib/utils' or its corresponding type declarations.
temp_genesis/src/components/ui/carousel.tsx(6,24): error TS2307: Cannot find module '@/components/ui/button' or its corresponding type declarations.
temp_genesis/src/components/ui/chart.tsx(4,20): error TS2307: Cannot find module '@/lib/utils' or its corresponding type declarations.
temp_genesis/src/components/ui/chart.tsx(106,7): error TS2339: Property 'payload' does not exist on type 'Omit<Omit<Props<ValueType, NameType>, PropertiesReadFromContext> & { active?: boolean; allowEscapeViewBox?: AllowInDimension; ... 24 more ...; wrapperStyle?: CSSProperties; } & ClassAttributes<...> & HTMLAttributes<...> & { ...; }, "ref">'.
temp_genesis/src/components/ui/chart.tsx(111,7): error TS2339: Property 'label' does not exist on type 'Omit<Omit<Props<ValueType, NameType>, PropertiesReadFromContext> & { active?: boolean; allowEscapeViewBox?: AllowInDimension; ... 24 more ...; wrapperStyle?: CSSProperties; } & ClassAttributes<...> & HTMLAttributes<...> & { ...; }, "ref">'.
temp_genesis/src/components/ui/chart.tsx(233,41): error TS2344: Type '"payload" | "verticalAlign"' does not satisfy the constraint '"string" | "filter" | "fill" | "values" | "from" | "to" | "mode" | "transform" | "version" | "className" | "children" | "d" | "x" | "path" | "cx" | "cy" | "r" | "key" | "y" | "z" | ... 429 more ... | "onBBoxUpdate"'.
  Type '"payload"' is not assignable to type '"string" | "filter" | "fill" | "values" | "from" | "to" | "mode" | "transform" | "version" | "className" | "children" | "d" | "x" | "path" | "cx" | "cy" | "r" | "key" | "y" | "z" | ... 429 more ... | "onBBoxUpdate"'.
temp_genesis/src/components/ui/chart.tsx(240,17): error TS2339: Property 'length' does not exist on type 'unknown'.
temp_genesis/src/components/ui/chart.tsx(249,16): error TS2339: Property 'map' does not exist on type 'unknown'.
temp_genesis/src/components/ui/checkbox.tsx(2,36): error TS2307: Cannot find module '@radix-ui/react-checkbox' or its corresponding type declarations.
temp_genesis/src/components/ui/checkbox.tsx(5,20): error TS2307: Cannot find module '@/lib/utils' or its corresponding type declarations.
temp_genesis/src/components/ui/combobox.tsx(4,20): error TS2307: Cannot find module '@/lib/utils' or its corresponding type declarations.
temp_genesis/src/components/ui/combobox.tsx(5,24): error TS2307: Cannot find module '@/components/ui/button' or its corresponding type declarations.
temp_genesis/src/components/ui/combobox.tsx(13,8): error TS2307: Cannot find module '@/components/ui/command' or its corresponding type declarations.
temp_genesis/src/components/ui/combobox.tsx(18,8): error TS2307: Cannot find module '@/components/ui/popover' or its corresponding type declarations.
temp_genesis/src/components/ui/command.tsx(6,20): error TS2307: Cannot find module '@/lib/utils' or its corresponding type declarations.
temp_genesis/src/components/ui/command.tsx(7,39): error TS2307: Cannot find module '@/components/ui/dialog' or its corresponding type declarations.
temp_genesis/src/components/ui/context-menu.tsx(5,20): error TS2307: Cannot find module '@/lib/utils' or its corresponding type declarations.
temp_genesis/src/components/ui/dialog.tsx(5,20): error TS2307: Cannot find module '@/lib/utils' or its corresponding type declarations.
temp_genesis/src/components/ui/drawer.tsx(4,20): error TS2307: Cannot find module '@/lib/utils' or its corresponding type declarations.
temp_genesis/src/components/ui/dropdown-menu.tsx(5,20): error TS2307: Cannot find module '@/lib/utils' or its corresponding type declarations.
temp_genesis/src/components/ui/form.tsx(6,20): error TS2307: Cannot find module '@/lib/utils' or its corresponding type declarations.
temp_genesis/src/components/ui/form.tsx(7,23): error TS2307: Cannot find module '@/components/ui/label' or its corresponding type declarations.
temp_genesis/src/components/ui/hover-card.tsx(2,37): error TS2307: Cannot find module '@radix-ui/react-hover-card' or its corresponding type declarations.
temp_genesis/src/components/ui/hover-card.tsx(4,20): error TS2307: Cannot find module '@/lib/utils' or its corresponding type declarations.
temp_genesis/src/components/ui/input-otp.tsx(5,20): error TS2307: Cannot find module '@/lib/utils' or its corresponding type declarations.
temp_genesis/src/components/ui/input.tsx(3,20): error TS2307: Cannot find module '@/lib/utils' or its corresponding type declarations.
temp_genesis/src/components/ui/label.tsx(5,20): error TS2307: Cannot find module '@/lib/utils' or its corresponding type declarations.
temp_genesis/src/components/ui/menubar.tsx(5,20): error TS2307: Cannot find module '@/lib/utils' or its corresponding type declarations.
temp_genesis/src/components/ui/mobile-action-menu.tsx(2,29): error TS2307: Cannot find module '@/hooks/use-mobile' or its corresponding type declarations.
temp_genesis/src/components/ui/mobile-action-menu.tsx(3,24): error TS2307: Cannot find module '@/components/ui/button' or its corresponding type declarations.
temp_genesis/src/components/ui/mobile-action-menu.tsx(9,8): error TS2307: Cannot find module '@/components/ui/dropdown-menu' or its corresponding type declarations.
temp_genesis/src/components/ui/mobile-action-menu.tsx(16,8): error TS2307: Cannot find module '@/components/ui/drawer' or its corresponding type declarations.
temp_genesis/src/components/ui/mobile-action-menu.tsx(18,20): error TS2307: Cannot find module '@/lib/utils' or its corresponding type declarations.
temp_genesis/src/components/ui/mobile-tabs.tsx(2,20): error TS2307: Cannot find module '@/lib/utils' or its corresponding type declarations.
temp_genesis/src/components/ui/mobile-tabs.tsx(3,29): error TS2307: Cannot find module '@/hooks/use-mobile' or its corresponding type declarations.
temp_genesis/src/components/ui/mobile-tabs.tsx(10,8): error TS2307: Cannot find module '@/components/ui/select' or its corresponding type declarations.
temp_genesis/src/components/ui/navigation-menu.tsx(6,20): error TS2307: Cannot find module '@/lib/utils' or its corresponding type declarations.
temp_genesis/src/components/ui/pagination.tsx(4,20): error TS2307: Cannot find module '@/lib/utils' or its corresponding type declarations.
temp_genesis/src/components/ui/pagination.tsx(5,45): error TS2307: Cannot find module '@/components/ui/button' or its corresponding type declarations.
temp_genesis/src/components/ui/pdf-preview-dialog.tsx(1,66): error TS2307: Cannot find module '@/components/ui/dialog' or its corresponding type declarations.
temp_genesis/src/components/ui/pdf-preview-dialog.tsx(2,24): error TS2307: Cannot find module '@/components/ui/button' or its corresponding type declarations.
temp_genesis/src/components/ui/pdf-preview-dialog.tsx(5,29): error TS2307: Cannot find module '@/hooks/use-mobile' or its corresponding type declarations.
temp_genesis/src/components/ui/pdf-preview-dialog.tsx(6,27): error TS2307: Cannot find module '@capacitor/core' or its corresponding type declarations.
temp_genesis/src/components/ui/pdf-preview-dialog.tsx(7,39): error TS2307: Cannot find module '@capacitor/filesystem' or its corresponding type declarations.
temp_genesis/src/components/ui/pdf-preview-dialog.tsx(8,23): error TS2307: Cannot find module '@capacitor/share' or its corresponding type declarations.
temp_genesis/src/components/ui/pdf-preview-dialog.tsx(9,26): error TS2307: Cannot find module '@/hooks/use-toast' or its corresponding type declarations.
temp_genesis/src/components/ui/pdf-preview-dialog.tsx(10,29): error TS2307: Cannot find module '@/components/ui/PdfJsViewer' or its corresponding type declarations.
temp_genesis/src/components/ui/PdfJsViewer.tsx(2,27): error TS2307: Cannot find module 'pdfjs-dist' or its corresponding type declarations.
temp_genesis/src/components/ui/popover.tsx(4,20): error TS2307: Cannot find module '@/lib/utils' or its corresponding type declarations.
temp_genesis/src/components/ui/progress.tsx(4,20): error TS2307: Cannot find module '@/lib/utils' or its corresponding type declarations.
temp_genesis/src/components/ui/radio-group.tsx(5,20): error TS2307: Cannot find module '@/lib/utils' or its corresponding type declarations.
temp_genesis/src/components/ui/resizable.tsx(4,20): error TS2307: Cannot find module '@/lib/utils' or its corresponding type declarations.
temp_genesis/src/components/ui/resizable.tsx(6,102): error TS2339: Property 'PanelGroup' does not exist on type 'typeof import("C:/Users/USER/Desktop/assign/spark-beginnings/node_modules/react-resizable-panels/dist/react-resizable-panels")'.
temp_genesis/src/components/ui/resizable.tsx(7,23): error TS2339: Property 'PanelGroup' does not exist on type 'typeof import("C:/Users/USER/Desktop/assign/spark-beginnings/node_modules/react-resizable-panels/dist/react-resizable-panels")'.
temp_genesis/src/components/ui/resizable.tsx(19,51): error TS2339: Property 'PanelResizeHandle' does not exist on type 'typeof import("C:/Users/USER/Desktop/assign/spark-beginnings/node_modules/react-resizable-panels/dist/react-resizable-panels")'.
temp_genesis/src/components/ui/resizable.tsx(22,23): error TS2339: Property 'PanelResizeHandle' does not exist on type 'typeof import("C:/Users/USER/Desktop/assign/spark-beginnings/node_modules/react-resizable-panels/dist/react-resizable-panels")'.
temp_genesis/src/components/ui/resizable.tsx(34,24): error TS2339: Property 'PanelResizeHandle' does not exist on type 'typeof import("C:/Users/USER/Desktop/assign/spark-beginnings/node_modules/react-resizable-panels/dist/react-resizable-panels")'.
temp_genesis/src/components/ui/responsive-form-container.tsx(2,66): error TS2307: Cannot find module '@/components/ui/dialog' or its corresponding type declarations.
temp_genesis/src/components/ui/responsive-form-container.tsx(3,24): error TS2307: Cannot find module '@/components/ui/button' or its corresponding type declarations.
temp_genesis/src/components/ui/responsive-form-container.tsx(5,29): error TS2307: Cannot find module '@/hooks/use-mobile' or its corresponding type declarations.
temp_genesis/src/components/ui/responsive-form-container.tsx(6,20): error TS2307: Cannot find module '@/lib/utils' or its corresponding type declarations.
temp_genesis/src/components/ui/scroll-area.tsx(4,20): error TS2307: Cannot find module '@/lib/utils' or its corresponding type declarations.
temp_genesis/src/components/ui/select.tsx(5,20): error TS2307: Cannot find module '@/lib/utils' or its corresponding type declarations.
temp_genesis/src/components/ui/separator.tsx(4,20): error TS2307: Cannot find module '@/lib/utils' or its corresponding type declarations.
temp_genesis/src/components/ui/sheet.tsx(6,20): error TS2307: Cannot find module '@/lib/utils' or its corresponding type declarations.
temp_genesis/src/components/ui/sidebar.tsx(6,29): error TS2307: Cannot find module '@/hooks/use-mobile' or its corresponding type declarations.
temp_genesis/src/components/ui/sidebar.tsx(7,20): error TS2307: Cannot find module '@/lib/utils' or its corresponding type declarations.
temp_genesis/src/components/ui/sidebar.tsx(8,24): error TS2307: Cannot find module '@/components/ui/button' or its corresponding type declarations.
temp_genesis/src/components/ui/sidebar.tsx(9,23): error TS2307: Cannot find module '@/components/ui/input' or its corresponding type declarations.
temp_genesis/src/components/ui/sidebar.tsx(10,27): error TS2307: Cannot find module '@/components/ui/separator' or its corresponding type declarations.
temp_genesis/src/components/ui/sidebar.tsx(11,37): error TS2307: Cannot find module '@/components/ui/sheet' or its corresponding type declarations.
temp_genesis/src/components/ui/sidebar.tsx(12,26): error TS2307: Cannot find module '@/components/ui/skeleton' or its corresponding type declarations.
temp_genesis/src/components/ui/sidebar.tsx(13,74): error TS2307: Cannot find module '@/components/ui/tooltip' or its corresponding type declarations.
temp_genesis/src/components/ui/skeleton.tsx(1,20): error TS2307: Cannot find module '@/lib/utils' or its corresponding type declarations.
temp_genesis/src/components/ui/slider.tsx(4,20): error TS2307: Cannot find module '@/lib/utils' or its corresponding type declarations.
temp_genesis/src/components/ui/sonner.tsx(1,26): error TS2307: Cannot find module 'next-themes' or its corresponding type declarations.
temp_genesis/src/components/ui/switch.tsx(4,20): error TS2307: Cannot find module '@/lib/utils' or its corresponding type declarations.
temp_genesis/src/components/ui/table.tsx(3,20): error TS2307: Cannot find module '@/lib/utils' or its corresponding type declarations.
temp_genesis/src/components/ui/tabs.tsx(4,20): error TS2307: Cannot find module '@/lib/utils' or its corresponding type declarations.
temp_genesis/src/components/ui/textarea.tsx(3,20): error TS2307: Cannot find module '@/lib/utils' or its corresponding type declarations.
temp_genesis/src/components/ui/toast.tsx(6,20): error TS2307: Cannot find module '@/lib/utils' or its corresponding type declarations.
temp_genesis/src/components/ui/toaster.tsx(1,26): error TS2307: Cannot find module '@/hooks/use-toast' or its corresponding type declarations.
temp_genesis/src/components/ui/toaster.tsx(2,95): error TS2307: Cannot find module '@/components/ui/toast' or its corresponding type declarations.
temp_genesis/src/components/ui/toggle-group.tsx(5,20): error TS2307: Cannot find module '@/lib/utils' or its corresponding type declarations.
temp_genesis/src/components/ui/toggle-group.tsx(6,32): error TS2307: Cannot find module '@/components/ui/toggle' or its corresponding type declarations.
temp_genesis/src/components/ui/toggle-group.tsx(17,4): error TS2322: Type '{ children: Element; ref: ForwardedRef<HTMLDivElement>; className: any; } | { children: Element; ref: ForwardedRef<HTMLDivElement>; className: any; }' is not assignable to type 'IntrinsicAttributes & ((ToggleGroupSingleProps | ToggleGroupMultipleProps) & RefAttributes<HTMLDivElement>)'.
  Type '{ children: Element; ref: ForwardedRef<HTMLDivElement>; className: any; }' is not assignable to type 'IntrinsicAttributes & ((ToggleGroupSingleProps | ToggleGroupMultipleProps) & RefAttributes<HTMLDivElement>)'.
    Property 'type' is missing in type '{ children: Element; ref: ForwardedRef<HTMLDivElement>; className: any; }' but required in type 'ToggleGroupMultipleProps'.
temp_genesis/src/components/ui/toggle-group.tsx(31,6): error TS2741: Property 'value' is missing in type '{ children: any; ref: ForwardedRef<HTMLButtonElement>; className: any; }' but required in type 'Omit<ToggleGroupItemImplProps, "pressed">'.
temp_genesis/src/components/ui/toggle.tsx(5,20): error TS2307: Cannot find module '@/lib/utils' or its corresponding type declarations.
temp_genesis/src/components/ui/tooltip.tsx(4,20): error TS2307: Cannot find module '@/lib/utils' or its corresponding type declarations.
temp_genesis/src/components/ui/use-toast.ts(1,33): error TS2307: Cannot find module '@/hooks/use-toast' or its corresponding type declarations.
temp_genesis/src/components/ui/window-controls.tsx(3,20): error TS2307: Cannot find module '@/lib/utils' or its corresponding type declarations.
temp_genesis/src/components/user-management/BulkActionsBar.tsx(2,24): error TS2307: Cannot find module '@/components/ui/button' or its corresponding type declarations.
temp_genesis/src/components/user-management/BulkActionsBar.tsx(3,167): error TS2307: Cannot find module '@/components/ui/alert-dialog' or its corresponding type declarations.
temp_genesis/src/components/user-management/BulkActionsBar.tsx(4,22): error TS2307: Cannot find module '@/contexts/AuthContext' or its corresponding type declarations.
temp_genesis/src/components/user-management/InviteFlow.tsx(2,24): error TS2307: Cannot find module '@/components/ui/button' or its corresponding type declarations.
temp_genesis/src/components/user-management/InviteFlow.tsx(3,23): error TS2307: Cannot find module '@/components/ui/input' or its corresponding type declarations.
temp_genesis/src/components/user-management/InviteFlow.tsx(4,23): error TS2307: Cannot find module '@/components/ui/label' or its corresponding type declarations.
temp_genesis/src/components/user-management/InviteFlow.tsx(5,99): error TS2307: Cannot find module '@/components/ui/dialog' or its corresponding type declarations.
temp_genesis/src/components/user-management/InviteFlow.tsx(6,41): error TS2307: Cannot find module '@/components/ui/alert' or its corresponding type declarations.
temp_genesis/src/components/user-management/InviteFlow.tsx(7,25): error TS2307: Cannot find module '@/contexts/AuthContext' or its corresponding type declarations.
temp_genesis/src/components/user-management/InviteFlow.tsx(8,26): error TS2307: Cannot find module '@/hooks/use-toast' or its corresponding type declarations.
temp_genesis/src/components/user-management/LoginHistoryDrawer.tsx(2,24): error TS2307: Cannot find module '@/components/ui/button' or its corresponding type declarations.
temp_genesis/src/components/user-management/LoginHistoryDrawer.tsx(3,85): error TS2307: Cannot find module '@/components/ui/dialog' or its corresponding type declarations.
temp_genesis/src/components/user-management/LoginHistoryDrawer.tsx(4,30): error TS2307: Cannot find module '@/contexts/AuthContext' or its corresponding type declarations.
temp_genesis/src/components/user-management/LoginHistoryDrawer.tsx(5,25): error TS2307: Cannot find module '@/contexts/AuthContext' or its corresponding type declarations.
temp_genesis/src/components/user-management/PasswordStrengthMeter.tsx(2,26): error TS2307: Cannot find module '@/components/ui/progress' or its corresponding type declarations.
temp_genesis/src/components/user-management/RolePermissionsManager.tsx(2,24): error TS2307: Cannot find module '@/components/ui/button' or its corresponding type declarations.
temp_genesis/src/components/user-management/RolePermissionsManager.tsx(3,26): error TS2307: Cannot find module '@/components/ui/checkbox' or its corresponding type declarations.
temp_genesis/src/components/user-management/RolePermissionsManager.tsx(4,23): error TS2307: Cannot find module '@/components/ui/input' or its corresponding type declarations.
temp_genesis/src/components/user-management/RolePermissionsManager.tsx(5,23): error TS2307: Cannot find module '@/components/ui/label' or its corresponding type declarations.
temp_genesis/src/components/user-management/RolePermissionsManager.tsx(6,99): error TS2307: Cannot find module '@/components/ui/dialog' or its corresponding type declarations.
temp_genesis/src/components/user-management/RolePermissionsManager.tsx(7,26): error TS2307: Cannot find module '@/components/ui/textarea' or its corresponding type declarations.
temp_genesis/src/components/user-management/RolePermissionsManager.tsx(8,75): error TS2307: Cannot find module '@/components/ui/card' or its corresponding type declarations.
temp_genesis/src/components/user-management/RolePermissionsManager.tsx(9,25): error TS2307: Cannot find module '@/contexts/AuthContext' or its corresponding type declarations.
temp_genesis/src/components/user-management/RolePermissionsManager.tsx(10,26): error TS2307: Cannot find module '@/hooks/use-toast' or its corresponding type declarations.
temp_genesis/src/components/user-management/RolePermissionsManager.tsx(11,28): error TS2307: Cannot find module '@/components/ui/scroll-area' or its corresponding type declarations.
temp_genesis/src/components/user-management/RolePermissionsManager.tsx(12,44): error TS2307: Cannot find module '@/contexts/AuthContext' or its corresponding type declarations.
temp_genesis/src/components/user-management/UserCard.tsx(2,24): error TS2307: Cannot find module '@/components/ui/button' or its corresponding type declarations.
temp_genesis/src/components/user-management/UserCard.tsx(3,22): error TS2307: Cannot find module '@/components/ui/card' or its corresponding type declarations.
temp_genesis/src/components/user-management/UserCard.tsx(4,23): error TS2307: Cannot find module '@/components/ui/badge' or its corresponding type declarations.
temp_genesis/src/components/user-management/UserCard.tsx(5,26): error TS2307: Cannot find module '@/components/ui/checkbox' or its corresponding type declarations.
temp_genesis/src/components/user-management/UserCard.tsx(6,22): error TS2307: Cannot find module '@/contexts/AuthContext' or its corresponding type declarations.
temp_genesis/src/components/user-management/UserTimelineDrawer.tsx(2,24): error TS2307: Cannot find module '@/components/ui/button' or its corresponding type declarations.
temp_genesis/src/components/user-management/UserTimelineDrawer.tsx(3,85): error TS2307: Cannot find module '@/components/ui/dialog' or its corresponding type declarations.
temp_genesis/src/components/user-management/UserTimelineDrawer.tsx(4,26): error TS2307: Cannot find module '@/types/asset' or its corresponding type declarations.
temp_genesis/src/components/waybills/EditWaybillForm.tsx(2,58): error TS2307: Cannot find module '@/components/ui/card' or its corresponding type declarations.
temp_genesis/src/components/waybills/EditWaybillForm.tsx(3,24): error TS2307: Cannot find module '@/components/ui/button' or its corresponding type declarations.
temp_genesis/src/components/waybills/EditWaybillForm.tsx(4,23): error TS2307: Cannot find module '@/components/ui/input' or its corresponding type declarations.
temp_genesis/src/components/waybills/EditWaybillForm.tsx(5,23): error TS2307: Cannot find module '@/components/ui/label' or its corresponding type declarations.
temp_genesis/src/components/waybills/EditWaybillForm.tsx(6,26): error TS2307: Cannot find module '@/components/ui/textarea' or its corresponding type declarations.
temp_genesis/src/components/waybills/EditWaybillForm.tsx(7,23): error TS2307: Cannot find module '@/components/ui/badge' or its corresponding type declarations.
temp_genesis/src/components/waybills/EditWaybillForm.tsx(8,79): error TS2307: Cannot find module '@/components/ui/select' or its corresponding type declarations.
temp_genesis/src/components/waybills/EditWaybillForm.tsx(9,70): error TS2307: Cannot find module '@/types/asset' or its corresponding type declarations.
temp_genesis/src/components/waybills/ReturnForm.tsx(2,58): error TS2307: Cannot find module '@/components/ui/card' or its corresponding type declarations.
temp_genesis/src/components/waybills/ReturnForm.tsx(3,24): error TS2307: Cannot find module '@/components/ui/button' or its corresponding type declarations.
temp_genesis/src/components/waybills/ReturnForm.tsx(4,23): error TS2307: Cannot find module '@/components/ui/input' or its corresponding type declarations.
temp_genesis/src/components/waybills/ReturnForm.tsx(5,23): error TS2307: Cannot find module '@/components/ui/label' or its corresponding type declarations.
temp_genesis/src/components/waybills/ReturnForm.tsx(6,79): error TS2307: Cannot find module '@/components/ui/select' or its corresponding type declarations.
temp_genesis/src/components/waybills/ReturnForm.tsx(7,41): error TS2307: Cannot find module '@/components/ui/responsive-form-container' or its corresponding type declarations.
temp_genesis/src/components/waybills/ReturnForm.tsx(8,49): error TS2307: Cannot find module '@/types/asset' or its corresponding type declarations.
temp_genesis/src/components/waybills/ReturnProcessingDialog.tsx(2,37): error TS2307: Cannot find module '@/types/asset' or its corresponding type declarations.
temp_genesis/src/components/waybills/ReturnProcessingDialog.tsx(3,99): error TS2307: Cannot find module '@/components/ui/dialog' or its corresponding type declarations.
temp_genesis/src/components/waybills/ReturnProcessingDialog.tsx(4,24): error TS2307: Cannot find module '@/components/ui/button' or its corresponding type declarations.
temp_genesis/src/components/waybills/ReturnProcessingDialog.tsx(5,23): error TS2307: Cannot find module '@/components/ui/input' or its corresponding type declarations.
temp_genesis/src/components/waybills/ReturnsList.tsx(2,35): error TS2307: Cannot find module '@/components/ui/card' or its corresponding type declarations.
temp_genesis/src/components/waybills/ReturnsList.tsx(3,24): error TS2307: Cannot find module '@/components/ui/button' or its corresponding type declarations.
temp_genesis/src/components/waybills/ReturnsList.tsx(4,23): error TS2307: Cannot find module '@/components/ui/input' or its corresponding type declarations.
temp_genesis/src/components/waybills/ReturnsList.tsx(5,23): error TS2307: Cannot find module '@/components/ui/badge' or its corresponding type declarations.
temp_genesis/src/components/waybills/ReturnsList.tsx(13,8): error TS2307: Cannot find module '@/components/ui/table' or its corresponding type declarations.
temp_genesis/src/components/waybills/ReturnsList.tsx(14,31): error TS2307: Cannot find module '@/types/asset' or its corresponding type declarations.
temp_genesis/src/components/waybills/ReturnsList.tsx(16,25): error TS2307: Cannot find module '@/contexts/AuthContext' or its corresponding type declarations.
temp_genesis/src/components/waybills/ReturnsList.tsx(17,29): error TS2307: Cannot find module '@/hooks/use-mobile' or its corresponding type declarations.
temp_genesis/src/components/waybills/ReturnWaybillDocument.tsx(1,24): error TS2307: Cannot find module '@/components/ui/button' or its corresponding type declarations.
temp_genesis/src/components/waybills/ReturnWaybillDocument.tsx(2,23): error TS2307: Cannot find module '@/components/ui/badge' or its corresponding type declarations.
temp_genesis/src/components/waybills/ReturnWaybillDocument.tsx(3,27): error TS2307: Cannot find module '@/components/ui/separator' or its corresponding type declarations.
temp_genesis/src/components/waybills/ReturnWaybillDocument.tsx(4,48): error TS2307: Cannot find module '@/types/asset' or its corresponding type declarations.
temp_genesis/src/components/waybills/ReturnWaybillDocument.tsx(5,41): error TS2307: Cannot find module '@/utils/professionalPDFGenerator' or its corresponding type declarations.
temp_genesis/src/components/waybills/ReturnWaybillDocument.tsx(7,25): error TS2307: Cannot find module '@/contexts/AuthContext' or its corresponding type declarations.
temp_genesis/src/components/waybills/ReturnWaybillDocument.tsx(8,41): error TS2307: Cannot find module '@/components/ui/responsive-form-container' or its corresponding type declarations.
temp_genesis/src/components/waybills/ReturnWaybillDocument.tsx(9,29): error TS2307: Cannot find module '@/hooks/use-mobile' or its corresponding type declarations.
temp_genesis/src/components/waybills/ReturnWaybillDocument.tsx(10,27): error TS2307: Cannot find module '@capacitor/core' or its corresponding type declarations.
temp_genesis/src/components/waybills/ReturnWaybillDocument.tsx(11,39): error TS2307: Cannot find module '@/utils/mobilePdfUtils' or its corresponding type declarations.
temp_genesis/src/components/waybills/ReturnWaybillDocument.tsx(12,34): error TS2307: Cannot find module '@/components/ui/pdf-preview-dialog' or its corresponding type declarations.
temp_genesis/src/components/waybills/ReturnWaybillForm.tsx(2,66): error TS2307: Cannot find module '@/components/ui/dialog' or its corresponding type declarations.
temp_genesis/src/components/waybills/ReturnWaybillForm.tsx(3,24): error TS2307: Cannot find module '@/components/ui/button' or its corresponding type declarations.
temp_genesis/src/components/waybills/ReturnWaybillForm.tsx(4,23): error TS2307: Cannot find module '@/components/ui/input' or its corresponding type declarations.
temp_genesis/src/components/waybills/ReturnWaybillForm.tsx(5,23): error TS2307: Cannot find module '@/components/ui/label' or its corresponding type declarations.
temp_genesis/src/components/waybills/ReturnWaybillForm.tsx(6,79): error TS2307: Cannot find module '@/components/ui/select' or its corresponding type declarations.
temp_genesis/src/components/waybills/ReturnWaybillForm.tsx(7,26): error TS2307: Cannot find module '@/components/ui/checkbox' or its corresponding type declarations.
temp_genesis/src/components/waybills/ReturnWaybillForm.tsx(8,70): error TS2307: Cannot find module '@/types/asset' or its corresponding type declarations.
temp_genesis/src/components/waybills/ReturnWaybillForm.tsx(9,35): error TS2307: Cannot find module '@/types/inventory' or its corresponding type declarations.
temp_genesis/src/components/waybills/ReturnWaybillForm.tsx(11,26): error TS2307: Cannot find module '@/hooks/use-toast' or its corresponding type declarations.
temp_genesis/src/components/waybills/ReturnWaybillForm.tsx(12,25): error TS2307: Cannot find module '@/contexts/AuthContext' or its corresponding type declarations.
temp_genesis/src/components/waybills/ReturnWaybillForm.tsx(110,48): error TS2307: Cannot find module '@/services/dataService' or its corresponding type declarations.
temp_genesis/src/components/waybills/ReturnWaybillForm.tsx(243,48): error TS2307: Cannot find module '@/services/dataService' or its corresponding type declarations.
temp_genesis/src/components/waybills/SendToSiteDialog.tsx(2,41): error TS2307: Cannot find module '@/components/ui/responsive-form-container' or its corresponding type declarations.
temp_genesis/src/components/waybills/SendToSiteDialog.tsx(3,24): error TS2307: Cannot find module '@/components/ui/button' or its corresponding type declarations.
temp_genesis/src/components/waybills/SendToSiteDialog.tsx(4,26): error TS2307: Cannot find module '@/components/ui/calendar' or its corresponding type declarations.
temp_genesis/src/components/waybills/SendToSiteDialog.tsx(5,23): error TS2307: Cannot find module '@/components/ui/label' or its corresponding type declarations.
temp_genesis/src/components/waybills/SendToSiteDialog.tsx(6,25): error TS2307: Cannot find module '@/types/asset' or its corresponding type declarations.
temp_genesis/src/components/waybills/SiteWaybills.tsx(2,58): error TS2307: Cannot find module '@/components/ui/card' or its corresponding type declarations.
temp_genesis/src/components/waybills/SiteWaybills.tsx(3,24): error TS2307: Cannot find module '@/components/ui/button' or its corresponding type declarations.
temp_genesis/src/components/waybills/SiteWaybills.tsx(4,23): error TS2307: Cannot find module '@/components/ui/badge' or its corresponding type declarations.
temp_genesis/src/components/waybills/SiteWaybills.tsx(5,48): error TS2307: Cannot find module '@/types/asset' or its corresponding type declarations.
temp_genesis/src/components/waybills/WaybillBulkInput.tsx(2,24): error TS2307: Cannot find module '@/components/ui/button' or its corresponding type declarations.
temp_genesis/src/components/waybills/WaybillBulkInput.tsx(3,23): error TS2307: Cannot find module '@/components/ui/input' or its corresponding type declarations.
temp_genesis/src/components/waybills/WaybillBulkInput.tsx(4,23): error TS2307: Cannot find module '@/components/ui/label' or its corresponding type declarations.
temp_genesis/src/components/waybills/WaybillBulkInput.tsx(5,26): error TS2307: Cannot find module '@/components/ui/textarea' or its corresponding type declarations.
temp_genesis/src/components/waybills/WaybillBulkInput.tsx(6,36): error TS2307: Cannot find module '@/types/asset' or its corresponding type declarations.
temp_genesis/src/components/waybills/WaybillDocument.tsx(1,24): error TS2307: Cannot find module '@/components/ui/button' or its corresponding type declarations.
temp_genesis/src/components/waybills/WaybillDocument.tsx(2,23): error TS2307: Cannot find module '@/components/ui/badge' or its corresponding type declarations.
temp_genesis/src/components/waybills/WaybillDocument.tsx(3,27): error TS2307: Cannot find module '@/components/ui/separator' or its corresponding type declarations.
temp_genesis/src/components/waybills/WaybillDocument.tsx(4,57): error TS2307: Cannot find module '@/types/asset' or its corresponding type declarations.
temp_genesis/src/components/waybills/WaybillDocument.tsx(5,41): error TS2307: Cannot find module '@/utils/professionalPDFGenerator' or its corresponding type declarations.
temp_genesis/src/components/waybills/WaybillDocument.tsx(7,25): error TS2307: Cannot find module '@/contexts/AuthContext' or its corresponding type declarations.
temp_genesis/src/components/waybills/WaybillDocument.tsx(8,41): error TS2307: Cannot find module '@/components/ui/responsive-form-container' or its corresponding type declarations.
temp_genesis/src/components/waybills/WaybillDocument.tsx(9,29): error TS2307: Cannot find module '@/hooks/use-mobile' or its corresponding type declarations.
temp_genesis/src/components/waybills/WaybillDocument.tsx(10,27): error TS2307: Cannot find module '@capacitor/core' or its corresponding type declarations.
temp_genesis/src/components/waybills/WaybillDocument.tsx(11,39): error TS2307: Cannot find module '@/utils/mobilePdfUtils' or its corresponding type declarations.
temp_genesis/src/components/waybills/WaybillDocument.tsx(12,26): error TS2307: Cannot find module '@/hooks/use-toast' or its corresponding type declarations.
temp_genesis/src/components/waybills/WaybillDocument.tsx(13,34): error TS2307: Cannot find module '@/components/ui/pdf-preview-dialog' or its corresponding type declarations.
temp_genesis/src/components/waybills/WaybillForm.tsx(1,24): error TS2307: Cannot find module '@/lib/logger' or its corresponding type declarations.
temp_genesis/src/components/waybills/WaybillForm.tsx(3,58): error TS2307: Cannot find module '@/components/ui/card' or its corresponding type declarations.
temp_genesis/src/components/waybills/WaybillForm.tsx(4,24): error TS2307: Cannot find module '@/components/ui/button' or its corresponding type declarations.
temp_genesis/src/components/waybills/WaybillForm.tsx(5,23): error TS2307: Cannot find module '@/components/ui/input' or its corresponding type declarations.
temp_genesis/src/components/waybills/WaybillForm.tsx(6,23): error TS2307: Cannot find module '@/components/ui/label' or its corresponding type declarations.
temp_genesis/src/components/waybills/WaybillForm.tsx(7,26): error TS2307: Cannot find module '@/components/ui/textarea' or its corresponding type declarations.
temp_genesis/src/components/waybills/WaybillForm.tsx(8,23): error TS2307: Cannot find module '@/components/ui/badge' or its corresponding type declarations.
temp_genesis/src/components/waybills/WaybillForm.tsx(9,79): error TS2307: Cannot find module '@/components/ui/select' or its corresponding type declarations.
temp_genesis/src/components/waybills/WaybillForm.tsx(10,70): error TS2307: Cannot find module '@/types/asset' or its corresponding type declarations.
temp_genesis/src/components/waybills/WaybillForm.tsx(13,29): error TS2307: Cannot find module '@/utils/activityLogger' or its corresponding type declarations.
temp_genesis/src/components/waybills/WaybillForm.tsx(14,25): error TS2307: Cannot find module '@/contexts/AuthContext' or its corresponding type declarations.
temp_genesis/src/components/waybills/WaybillForm.tsx(15,26): error TS2307: Cannot find module '@/hooks/use-toast' or its corresponding type declarations.
temp_genesis/src/components/waybills/WaybillForm.tsx(16,40): error TS2307: Cannot find module '@/components/requests/PendingRequestSelector' or its corresponding type declarations.
temp_genesis/src/components/waybills/WaybillForm.tsx(17,29): error TS2307: Cannot find module '@/types/request' or its corresponding type declarations.
temp_genesis/src/components/waybills/WaybillList.tsx(2,58): error TS2307: Cannot find module '@/components/ui/card' or its corresponding type declarations.
temp_genesis/src/components/waybills/WaybillList.tsx(3,24): error TS2307: Cannot find module '@/components/ui/button' or its corresponding type declarations.
temp_genesis/src/components/waybills/WaybillList.tsx(4,23): error TS2307: Cannot find module '@/components/ui/input' or its corresponding type declarations.
temp_genesis/src/components/waybills/WaybillList.tsx(5,23): error TS2307: Cannot find module '@/components/ui/badge' or its corresponding type declarations.
temp_genesis/src/components/waybills/WaybillList.tsx(13,8): error TS2307: Cannot find module '@/components/ui/table' or its corresponding type declarations.
temp_genesis/src/components/waybills/WaybillList.tsx(14,31): error TS2307: Cannot find module '@/types/asset' or its corresponding type declarations.
temp_genesis/src/components/waybills/WaybillList.tsx(16,25): error TS2307: Cannot find module '@/contexts/AuthContext' or its corresponding type declarations.
temp_genesis/src/components/waybills/WaybillList.tsx(18,29): error TS2307: Cannot find module '@/hooks/use-mobile' or its corresponding type declarations.
temp_genesis/src/contexts/AIAssistantContext.tsx(2,58): error TS2307: Cannot find module '@/services/aiAssistant' or its corresponding type declarations.
temp_genesis/src/contexts/AIAssistantContext.tsx(5,48): error TS2307: Cannot find module '@/types/asset' or its corresponding type declarations.
temp_genesis/src/contexts/AIAssistantContext.tsx(6,26): error TS2307: Cannot find module '@/hooks/use-toast' or its corresponding type declarations.
temp_genesis/src/contexts/AIAssistantContext.tsx(7,24): error TS2307: Cannot find module '@/lib/logger' or its corresponding type declarations.
temp_genesis/src/contexts/AppDataContext.tsx(2,113): error TS2307: Cannot find module '@/types/asset' or its corresponding type declarations.
temp_genesis/src/contexts/AppDataContext.tsx(3,30): error TS2307: Cannot find module '@/types/equipment' or its corresponding type declarations.
temp_genesis/src/contexts/AppDataContext.tsx(4,24): error TS2307: Cannot find module '@/lib/logger' or its corresponding type declarations.
temp_genesis/src/contexts/AppDataContext.tsx(5,29): error TS2307: Cannot find module '@/services/dataService' or its corresponding type declarations.
temp_genesis/src/contexts/AppDataContext.tsx(6,36): error TS2307: Cannot find module '@/utils/performanceMonitor' or its corresponding type declarations.
temp_genesis/src/contexts/AssetsContext.tsx(2,23): error TS2307: Cannot find module '@/types/asset' or its corresponding type declarations.
temp_genesis/src/contexts/AssetsContext.tsx(3,26): error TS2307: Cannot find module '@/hooks/use-toast' or its corresponding type declarations.
temp_genesis/src/contexts/AssetsContext.tsx(4,24): error TS2307: Cannot find module '@/lib/logger' or its corresponding type declarations.
temp_genesis/src/contexts/AssetsContext.tsx(5,29): error TS2307: Cannot find module '@/services/dataService' or its corresponding type declarations.
temp_genesis/src/contexts/AssetsContext.tsx(6,36): error TS2307: Cannot find module '@/utils/performanceMonitor' or its corresponding type declarations.
temp_genesis/src/contexts/AuthContext.new.tsx(2,24): error TS2307: Cannot find module '@/lib/logger' or its corresponding type declarations.
temp_genesis/src/contexts/AuthContext.new.tsx(3,29): error TS2307: Cannot find module '@/utils/activityLogger' or its corresponding type declarations.
temp_genesis/src/contexts/AuthContext.new.tsx(4,26): error TS2307: Cannot find module '@/integrations/supabase/client' or its corresponding type declarations.
temp_genesis/src/contexts/AuthContext.new.tsx(5,35): error TS2307: Cannot find module '@/hooks/useSessionTimeout' or its corresponding type declarations.
temp_genesis/src/contexts/AuthContext.tsx(2,24): error TS2307: Cannot find module '@/lib/logger' or its corresponding type declarations.
temp_genesis/src/contexts/AuthContext.tsx(3,29): error TS2307: Cannot find module '@/utils/activityLogger' or its corresponding type declarations.
temp_genesis/src/contexts/AuthContext.tsx(4,29): error TS2307: Cannot find module '@/services/dataService' or its corresponding type declarations.
temp_genesis/src/contexts/AuthContext.tsx(5,35): error TS2307: Cannot find module '@/hooks/useSessionTimeout' or its corresponding type declarations.
temp_genesis/src/contexts/WaybillsContext.tsx(2,25): error TS2307: Cannot find module '@/types/asset' or its corresponding type declarations.
temp_genesis/src/contexts/WaybillsContext.tsx(3,26): error TS2307: Cannot find module '@/hooks/use-toast' or its corresponding type declarations.
temp_genesis/src/contexts/WaybillsContext.tsx(4,24): error TS2307: Cannot find module '@/lib/logger' or its corresponding type declarations.
temp_genesis/src/contexts/WaybillsContext.tsx(5,29): error TS2307: Cannot find module '@/services/dataService' or its corresponding type declarations.
temp_genesis/src/contexts/WaybillsContext.tsx(6,36): error TS2307: Cannot find module '@/utils/performanceMonitor' or its corresponding type declarations.
temp_genesis/src/hooks/use-theme.ts(1,42): error TS2307: Cannot find module 'next-themes' or its corresponding type declarations.
temp_genesis/src/hooks/use-toast.ts(3,53): error TS2307: Cannot find module '@/components/ui/toast' or its corresponding type declarations.
temp_genesis/src/hooks/useActivityTracking.ts(2,25): error TS2307: Cannot find module '@/contexts/AuthContext' or its corresponding type declarations.
temp_genesis/src/hooks/useAppUpdate.ts(2,24): error TS2307: Cannot find module '@/lib/logger' or its corresponding type declarations.
temp_genesis/src/hooks/useAppUpdate.ts(93,39): error TS2307: Cannot find module '@capawesome/capacitor-live-update' or its corresponding type declarations.
temp_genesis/src/hooks/useAppUpdate.ts(134,50): error TS2307: Cannot find module '@capacitor/filesystem' or its corresponding type declarations.
temp_genesis/src/hooks/useAppUpdate.ts(268,45): error TS2307: Cannot find module '@capawesome/capacitor-live-update' or its corresponding type declarations.
temp_genesis/src/hooks/useMetricsSnapshots.ts(3,29): error TS2307: Cannot find module '@/services/dataService' or its corresponding type declarations.
temp_genesis/src/hooks/useNotificationMonitoring.ts(2,61): error TS2307: Cannot find module '@/utils/notificationTriggers' or its corresponding type declarations.
temp_genesis/src/hooks/useNotificationMonitoring.ts(3,25): error TS2307: Cannot find module '@/contexts/AuthContext' or its corresponding type declarations.
temp_genesis/src/hooks/useSiteInventory.ts(2,32): error TS2307: Cannot find module '@/types/asset' or its corresponding type declarations.
temp_genesis/src/hooks/useSiteInventory.ts(3,35): error TS2307: Cannot find module '@/types/inventory' or its corresponding type declarations.
temp_genesis/src/lib/query-persister.ts(1,31): error TS2307: Cannot find module 'idb-keyval' or its corresponding type declarations.
temp_genesis/src/lib/query-persister.ts(2,44): error TS2307: Cannot find module '@tanstack/react-query-persist-client' or its corresponding type declarations.
temp_genesis/src/pages/AssetAnalyticsPage.tsx(2,24): error TS2307: Cannot find module '@/lib/logger' or its corresponding type declarations.
temp_genesis/src/pages/AssetAnalyticsPage.tsx(3,24): error TS2307: Cannot find module '@/components/ui/button' or its corresponding type declarations.
temp_genesis/src/pages/AssetAnalyticsPage.tsx(4,23): error TS2307: Cannot find module '@/components/ui/badge' or its corresponding type declarations.
temp_genesis/src/pages/AssetAnalyticsPage.tsx(5,75): error TS2307: Cannot find module '@/components/ui/card' or its corresponding type declarations.
temp_genesis/src/pages/AssetAnalyticsPage.tsx(6,53): error TS2307: Cannot find module '@/types/asset' or its corresponding type declarations.
temp_genesis/src/pages/AssetAnalyticsPage.tsx(7,30): error TS2307: Cannot find module '@/types/equipment' or its corresponding type declarations.
temp_genesis/src/pages/AssetAnalyticsPage.tsx(8,32): error TS2307: Cannot find module '@/types/maintenance' or its corresponding type declarations.
temp_genesis/src/pages/AssetAnalyticsPage.tsx(13,58): error TS2307: Cannot find module '@/components/ui/tabs' or its corresponding type declarations.
temp_genesis/src/pages/AssetAnalyticsPage.tsx(14,79): error TS2307: Cannot find module '@/components/ui/select' or its corresponding type declarations.
temp_genesis/src/pages/AssetAnalyticsPage.tsx(15,57): error TS2307: Cannot find module '@/components/ui/popover' or its corresponding type declarations.
temp_genesis/src/pages/AssetAnalyticsPage.tsx(16,26): error TS2307: Cannot find module '@/components/ui/calendar' or its corresponding type declarations.
temp_genesis/src/pages/AssetAnalyticsPage.tsx(17,28): error TS2307: Cannot find module '@/contexts/AppDataContext' or its corresponding type declarations.
temp_genesis/src/pages/AssetAnalyticsPage.tsx(18,29): error TS2307: Cannot find module '@/services/dataService' or its corresponding type declarations.
temp_genesis/src/pages/AssetAnalyticsPage.tsx(20,20): error TS2307: Cannot find module '@/lib/utils' or its corresponding type declarations.
temp_genesis/src/pages/AssetAnalyticsPage.tsx(25,29): error TS2307: Cannot find module '@/hooks/use-mobile' or its corresponding type declarations.
temp_genesis/src/pages/AssetDescriptionPage.tsx(3,24): error TS2307: Cannot find module '@/lib/logger' or its corresponding type declarations.
temp_genesis/src/pages/AssetDescriptionPage.tsx(4,35): error TS2307: Cannot find module '@/components/ui/card' or its corresponding type declarations.
temp_genesis/src/pages/AssetDescriptionPage.tsx(5,24): error TS2307: Cannot find module '@/components/ui/button' or its corresponding type declarations.
temp_genesis/src/pages/AssetDescriptionPage.tsx(7,29): error TS2307: Cannot find module '@/services/dataService' or its corresponding type declarations.
temp_genesis/src/pages/AssetDescriptionPage.tsx(8,23): error TS2307: Cannot find module '@/types/asset' or its corresponding type declarations.
temp_genesis/src/pages/AssetDescriptionPage.tsx(9,23): error TS2307: Cannot find module '@/components/ui/badge' or its corresponding type declarations.
temp_genesis/src/pages/EmployeeAnalyticsPage.tsx(1,24): error TS2307: Cannot find module '@/components/ui/button' or its corresponding type declarations.
temp_genesis/src/pages/EmployeeAnalyticsPage.tsx(2,58): error TS2307: Cannot find module '@/components/ui/card' or its corresponding type declarations.
temp_genesis/src/pages/EmployeeAnalyticsPage.tsx(3,48): error TS2307: Cannot find module '@/types/asset' or its corresponding type declarations.
temp_genesis/src/pages/EmployeeAnalyticsPage.tsx(6,28): error TS2307: Cannot find module '@/components/ui/scroll-area' or its corresponding type declarations.
temp_genesis/src/pages/EmployeeAnalyticsPage.tsx(7,20): error TS2307: Cannot find module '@/lib/utils' or its corresponding type declarations.
temp_genesis/src/pages/EmployeeAnalyticsPage.tsx(8,29): error TS2307: Cannot find module '@/hooks/use-mobile' or its corresponding type declarations.
temp_genesis/src/pages/ForgotPassword.tsx(2,24): error TS2307: Cannot find module '@/lib/logger' or its corresponding type declarations.
temp_genesis/src/pages/ForgotPassword.tsx(4,24): error TS2307: Cannot find module '@/components/ui/button' or its corresponding type declarations.
temp_genesis/src/pages/ForgotPassword.tsx(5,23): error TS2307: Cannot find module '@/components/ui/input' or its corresponding type declarations.
temp_genesis/src/pages/ForgotPassword.tsx(6,23): error TS2307: Cannot find module '@/components/ui/label' or its corresponding type declarations.
temp_genesis/src/pages/ForgotPassword.tsx(7,58): error TS2307: Cannot find module '@/components/ui/card' or its corresponding type declarations.
temp_genesis/src/pages/ForgotPassword.tsx(8,41): error TS2307: Cannot find module '@/components/ui/alert' or its corresponding type declarations.
temp_genesis/src/pages/ForgotPassword.tsx(9,29): error TS2307: Cannot find module '@/services/dataService' or its corresponding type declarations.
temp_genesis/src/pages/Index.tsx(2,24): error TS2307: Cannot find module '@/lib/logger' or its corresponding type declarations.
temp_genesis/src/pages/Index.tsx(4,25): error TS2307: Cannot find module '@/components/layout/Sidebar' or its corresponding type declarations.
temp_genesis/src/pages/Index.tsx(5,27): error TS2307: Cannot find module '@/components/dashboard/Dashboard' or its corresponding type declarations.
temp_genesis/src/pages/Index.tsx(6,29): error TS2307: Cannot find module '@/hooks/use-mobile' or its corresponding type declarations.
temp_genesis/src/pages/Index.tsx(7,51): error TS2307: Cannot find module '@/components/ui/sheet' or its corresponding type declarations.
temp_genesis/src/pages/Index.tsx(8,69): error TS2307: Cannot find module '@/components/ui/collapsible' or its corresponding type declarations.
temp_genesis/src/pages/Index.tsx(10,28): error TS2307: Cannot find module '@/components/layout/AppMenuBar' or its corresponding type declarations.
temp_genesis/src/pages/Index.tsx(11,33): error TS2307: Cannot find module '@/components/layout/MobileBottomNav' or its corresponding type declarations.
temp_genesis/src/pages/Index.tsx(12,20): error TS2307: Cannot find module '@/lib/utils' or its corresponding type declarations.
temp_genesis/src/pages/Index.tsx(13,28): error TS2307: Cannot find module '@/components/assets/AssetTable' or its corresponding type declarations.
temp_genesis/src/pages/Index.tsx(14,30): error TS2307: Cannot find module '@/components/assets/AddAssetForm' or its corresponding type declarations.
temp_genesis/src/pages/Index.tsx(15,29): error TS2307: Cannot find module '@/components/waybills/WaybillList' or its corresponding type declarations.
temp_genesis/src/pages/Index.tsx(16,29): error TS2307: Cannot find module '@/components/waybills/WaybillForm' or its corresponding type declarations.
temp_genesis/src/pages/Index.tsx(17,33): error TS2307: Cannot find module '@/components/waybills/EditWaybillForm' or its corresponding type declarations.
temp_genesis/src/pages/Index.tsx(18,33): error TS2307: Cannot find module '@/components/waybills/WaybillDocument' or its corresponding type declarations.
temp_genesis/src/pages/Index.tsx(19,28): error TS2307: Cannot find module '@/components/waybills/ReturnForm' or its corresponding type declarations.
temp_genesis/src/pages/Index.tsx(20,30): error TS2307: Cannot find module '@/components/waybills/SiteWaybills' or its corresponding type declarations.
temp_genesis/src/pages/Index.tsx(21,35): error TS2307: Cannot find module '@/components/waybills/ReturnWaybillForm' or its corresponding type declarations.
temp_genesis/src/pages/Index.tsx(22,39): error TS2307: Cannot find module '@/components/waybills/ReturnWaybillDocument' or its corresponding type declarations.
temp_genesis/src/pages/Index.tsx(23,40): error TS2307: Cannot find module '@/components/waybills/ReturnProcessingDialog' or its corresponding type declarations.
temp_genesis/src/pages/Index.tsx(24,35): error TS2307: Cannot find module '@/components/checkout/QuickCheckoutForm' or its corresponding type declarations.
temp_genesis/src/pages/Index.tsx(25,44): error TS2307: Cannot find module '@/components/checkout/RecentCheckoutActivityPage' or its corresponding type declarations.
temp_genesis/src/pages/Index.tsx(26,39): error TS2307: Cannot find module '@/pages/EmployeeAnalyticsPage' or its corresponding type declarations.
temp_genesis/src/pages/Index.tsx(27,38): error TS2307: Cannot find module '@/pages/RecentActivitiesPage' or its corresponding type declarations.
temp_genesis/src/pages/Index.tsx(29,33): error TS2307: Cannot find module '@/components/settings/CompanySettings' or its corresponding type declarations.
temp_genesis/src/pages/Index.tsx(30,166): error TS2307: Cannot find module '@/types/asset' or its corresponding type declarations.
temp_genesis/src/pages/Index.tsx(31,30): error TS2307: Cannot find module '@/types/equipment' or its corresponding type declarations.
temp_genesis/src/pages/Index.tsx(32,36): error TS2307: Cannot find module '@/types/consumable' or its corresponding type declarations.
temp_genesis/src/pages/Index.tsx(34,29): error TS2307: Cannot find module '@/components/waybills/ReturnsList' or its corresponding type declarations.
temp_genesis/src/pages/Index.tsx(35,26): error TS2307: Cannot find module '@/hooks/use-toast' or its corresponding type declarations.
temp_genesis/src/pages/Index.tsx(36,34): error TS2307: Cannot find module '@/components/assets/BulkImportAssets' or its corresponding type declarations.
temp_genesis/src/pages/Index.tsx(37,33): error TS2307: Cannot find module '@/components/assets/InventoryReport' or its corresponding type declarations.
temp_genesis/src/pages/Index.tsx(38,24): error TS2307: Cannot find module '@/components/ui/button' or its corresponding type declarations.
temp_genesis/src/pages/Index.tsx(39,23): error TS2307: Cannot find module '@/components/ui/input' or its corresponding type declarations.
temp_genesis/src/pages/Index.tsx(40,23): error TS2307: Cannot find module '@/components/ui/label' or its corresponding type declarations.
temp_genesis/src/pages/Index.tsx(41,99): error TS2307: Cannot find module '@/components/ui/dialog' or its corresponding type declarations.
temp_genesis/src/pages/Index.tsx(42,41): error TS2307: Cannot find module '@/components/ui/responsive-form-container' or its corresponding type declarations.
temp_genesis/src/pages/Index.tsx(43,58): error TS2307: Cannot find module '@/components/ui/card' or its corresponding type declarations.
temp_genesis/src/pages/Index.tsx(44,79): error TS2307: Cannot find module '@/components/ui/table' or its corresponding type declarations.
temp_genesis/src/pages/Index.tsx(45,23): error TS2307: Cannot find module '@/components/ui/badge' or its corresponding type declarations.
temp_genesis/src/pages/Index.tsx(46,79): error TS2307: Cannot find module '@/components/ui/select' or its corresponding type declarations.
temp_genesis/src/pages/Index.tsx(47,27): error TS2307: Cannot find module '@/components/sites/SitesPage' or its corresponding type declarations.
temp_genesis/src/pages/Index.tsx(48,35): error TS2307: Cannot find module '@/components/sites/SiteInventoryPage' or its corresponding type declarations.
temp_genesis/src/pages/Index.tsx(50,33): error TS2307: Cannot find module '@/components/sites/MachinesSection' or its corresponding type declarations.
temp_genesis/src/pages/Index.tsx(51,36): error TS2307: Cannot find module '@/components/sites/ConsumablesSection' or its corresponding type declarations.
temp_genesis/src/pages/Index.tsx(52,35): error TS2307: Cannot find module '@/pages/SiteAnalyticsPage' or its corresponding type declarations.
temp_genesis/src/pages/Index.tsx(53,38): error TS2307: Cannot find module '@/pages/SiteAssetDetailsPage' or its corresponding type declarations.
temp_genesis/src/pages/Index.tsx(54,36): error TS2307: Cannot find module '@/pages/AssetAnalyticsPage' or its corresponding type declarations.
temp_genesis/src/pages/Index.tsx(55,37): error TS2307: Cannot find module '@/pages/WaybillDocumentPage' or its corresponding type declarations.
temp_genesis/src/pages/Index.tsx(56,25): error TS2307: Cannot find module '@/contexts/AuthContext' or its corresponding type declarations.
temp_genesis/src/pages/Index.tsx(57,34): error TS2307: Cannot find module '@/hooks/useSiteInventory' or its corresponding type declarations.
temp_genesis/src/pages/Index.tsx(58,35): error TS2307: Cannot find module '@/types/inventory' or its corresponding type declarations.
temp_genesis/src/pages/Index.tsx(59,37): error TS2307: Cannot find module '@/components/layout/PullToRefreshLayout' or its corresponding type declarations.
temp_genesis/src/pages/Index.tsx(60,34): error TS2307: Cannot find module '@/hooks/use-network-status' or its corresponding type declarations.
temp_genesis/src/pages/Index.tsx(61,37): error TS2307: Cannot find module '@/hooks/useActivityTracking' or its corresponding type declarations.
temp_genesis/src/pages/Index.tsx(63,29): error TS2307: Cannot find module '@/utils/activityLogger' or its corresponding type declarations.
temp_genesis/src/pages/Index.tsx(64,37): error TS2307: Cannot find module '@/pages/SiteWorkerDashboard' or its corresponding type declarations.
temp_genesis/src/pages/Index.tsx(65,30): error TS2307: Cannot find module '@/pages/RequestsPage' or its corresponding type declarations.
temp_genesis/src/pages/Index.tsx(66,44): error TS2307: Cannot find module '@/utils/assetCalculations' or its corresponding type declarations.
temp_genesis/src/pages/Index.tsx(67,29): error TS2307: Cannot find module '@/components/reporting/AuditCharts' or its corresponding type declarations.
temp_genesis/src/pages/Index.tsx(68,40): error TS2307: Cannot find module '@/components/maintenance/MachineMaintenancePage' or its corresponding type declarations.
temp_genesis/src/pages/Index.tsx(69,41): error TS2307: Cannot find module '@/types/maintenance' or its corresponding type declarations.
temp_genesis/src/pages/Index.tsx(70,39): error TS2307: Cannot find module '@/utils/unifiedReportGenerator' or its corresponding type declarations.
temp_genesis/src/pages/Index.tsx(71,41): error TS2307: Cannot find module '@/utils/professionalPDFGenerator' or its corresponding type declarations.
temp_genesis/src/pages/Index.tsx(72,27): error TS2307: Cannot find module '@capacitor/core' or its corresponding type declarations.
temp_genesis/src/pages/Index.tsx(73,39): error TS2307: Cannot find module '@/utils/mobilePdfUtils' or its corresponding type declarations.
temp_genesis/src/pages/Index.tsx(74,37): error TS2307: Cannot find module '@/utils/exportUtils' or its corresponding type declarations.
temp_genesis/src/pages/Index.tsx(75,28): error TS2307: Cannot find module '@/contexts/AppDataContext' or its corresponding type declarations.
temp_genesis/src/pages/Index.tsx(76,29): error TS2307: Cannot find module '@/services/dataService' or its corresponding type declarations.
temp_genesis/src/pages/Index.tsx(77,31): error TS2307: Cannot find module '@/components/NetworkStatus' or its corresponding type declarations.
temp_genesis/src/pages/Index.tsx(78,42): error TS2307: Cannot find module '@/contexts/DashboardLoadingContext' or its corresponding type declarations.
temp_genesis/src/pages/Index.tsx(271,14): error TS2307: Cannot find module '@/components/assets/InventoryReport' or its corresponding type declarations.
temp_genesis/src/pages/Index.tsx(347,56): error TS2307: Cannot find module '@/utils/auditReportGenerator' or its corresponding type declarations.
temp_genesis/src/pages/Index.tsx(2903,39): error TS2339: Property 'length' does not exist on type 'unknown'.
temp_genesis/src/pages/Index.tsx(2907,37): error TS2339: Property 'map' does not exist on type 'unknown'.
temp_genesis/src/pages/Login.tsx(2,24): error TS2307: Cannot find module '@/lib/logger' or its corresponding type declarations.
temp_genesis/src/pages/Login.tsx(3,25): error TS2307: Cannot find module '@/contexts/AuthContext' or its corresponding type declarations.
temp_genesis/src/pages/Login.tsx(5,24): error TS2307: Cannot find module '@/components/ui/button' or its corresponding type declarations.
temp_genesis/src/pages/Login.tsx(6,23): error TS2307: Cannot find module '@/components/ui/input' or its corresponding type declarations.
temp_genesis/src/pages/Login.tsx(7,23): error TS2307: Cannot find module '@/components/ui/label' or its corresponding type declarations.
temp_genesis/src/pages/Login.tsx(8,58): error TS2307: Cannot find module '@/components/ui/card' or its corresponding type declarations.
temp_genesis/src/pages/Login.tsx(9,41): error TS2307: Cannot find module '@/components/ui/alert' or its corresponding type declarations.
temp_genesis/src/pages/MachineDetailsPage.tsx(2,58): error TS2307: Cannot find module '@/components/ui/card' or its corresponding type declarations.
temp_genesis/src/pages/MachineDetailsPage.tsx(3,23): error TS2307: Cannot find module '@/components/ui/badge' or its corresponding type declarations.
temp_genesis/src/pages/MachineDetailsPage.tsx(4,24): error TS2307: Cannot find module '@/components/ui/button' or its corresponding type declarations.
temp_genesis/src/pages/MachineDetailsPage.tsx(5,58): error TS2307: Cannot find module '@/components/ui/tabs' or its corresponding type declarations.
temp_genesis/src/pages/MachineDetailsPage.tsx(6,78): error TS2307: Cannot find module '@/components/ui/accordion' or its corresponding type declarations.
temp_genesis/src/pages/MachineDetailsPage.tsx(7,41): error TS2307: Cannot find module '@/types/maintenance' or its corresponding type declarations.
temp_genesis/src/pages/MachineDetailsPage.tsx(10,20): error TS2307: Cannot find module '@/lib/utils' or its corresponding type declarations.
temp_genesis/src/pages/MachineDetailsPage.tsx(11,29): error TS2307: Cannot find module '@/hooks/use-mobile' or its corresponding type declarations.
temp_genesis/src/pages/MachineDetailsPage.tsx(12,79): error TS2307: Cannot find module '@/components/ui/select' or its corresponding type declarations.
temp_genesis/src/pages/PerformanceTestPage.tsx(2,46): error TS2307: Cannot find module '@/components/PerformanceAnalysisDashboard' or its corresponding type declarations.
temp_genesis/src/pages/PerformanceTestPage.tsx(3,24): error TS2307: Cannot find module '@/components/ui/button' or its corresponding type declarations.
temp_genesis/src/pages/PerformanceTestPage.tsx(4,75): error TS2307: Cannot find module '@/components/ui/card' or its corresponding type declarations.
temp_genesis/src/pages/PerformanceTestPage.tsx(5,36): error TS2307: Cannot find module '@/utils/performanceMonitor' or its corresponding type declarations.
temp_genesis/src/pages/ProfilePage.tsx(2,37): error TS2307: Cannot find module '@/components/ui/sheet' or its corresponding type declarations.
temp_genesis/src/pages/ProfilePage.tsx(3,25): error TS2307: Cannot find module '@/components/layout/Sidebar' or its corresponding type declarations.
temp_genesis/src/pages/ProfilePage.tsx(4,25): error TS2307: Cannot find module '@/contexts/AuthContext' or its corresponding type declarations.
temp_genesis/src/pages/ProfilePage.tsx(6,29): error TS2307: Cannot find module '@/hooks/use-mobile' or its corresponding type declarations.
temp_genesis/src/pages/ProfilePage.tsx(7,28): error TS2307: Cannot find module '@/components/layout/AppMenuBar' or its corresponding type declarations.
temp_genesis/src/pages/ProfilePage.tsx(9,24): error TS2307: Cannot find module '@/components/ui/button' or its corresponding type declarations.
temp_genesis/src/pages/ProfilePage.tsx(10,20): error TS2307: Cannot find module '@/lib/utils' or its corresponding type declarations.
temp_genesis/src/pages/ProfilePage.tsx(11,144): error TS2307: Cannot find module '@/components/profile' or its corresponding type declarations.
temp_genesis/src/pages/ProfilePage.tsx(12,29): error TS2307: Cannot find module '@/services/dataService' or its corresponding type declarations.
temp_genesis/src/pages/RecentActivitiesPage.tsx(3,75): error TS2307: Cannot find module '@/components/ui/card' or its corresponding type declarations.
temp_genesis/src/pages/RecentActivitiesPage.tsx(4,24): error TS2307: Cannot find module '@/components/ui/button' or its corresponding type declarations.
temp_genesis/src/pages/RecentActivitiesPage.tsx(5,57): error TS2307: Cannot find module '@/components/ui/popover' or its corresponding type declarations.
temp_genesis/src/pages/RecentActivitiesPage.tsx(6,26): error TS2307: Cannot find module '@/components/ui/calendar' or its corresponding type declarations.
temp_genesis/src/pages/RecentActivitiesPage.tsx(9,31): error TS2307: Cannot find module '@/utils/activityLogger' or its corresponding type declarations.
temp_genesis/src/pages/RecentActivitiesPage.tsx(10,26): error TS2307: Cannot find module '@/types/asset' or its corresponding type declarations.
temp_genesis/src/pages/RecentActivitiesPage.tsx(11,28): error TS2307: Cannot find module '@/contexts/AppDataContext' or its corresponding type declarations.
temp_genesis/src/pages/RequestsPage.tsx(2,58): error TS2307: Cannot find module '@/components/ui/card' or its corresponding type declarations.
temp_genesis/src/pages/RequestsPage.tsx(3,23): error TS2307: Cannot find module '@/components/ui/badge' or its corresponding type declarations.
temp_genesis/src/pages/RequestsPage.tsx(4,24): error TS2307: Cannot find module '@/components/ui/button' or its corresponding type declarations.
temp_genesis/src/pages/RequestsPage.tsx(5,79): error TS2307: Cannot find module '@/components/ui/select' or its corresponding type declarations.
temp_genesis/src/pages/RequestsPage.tsx(6,29): error TS2307: Cannot find module '@/services/dataService' or its corresponding type declarations.
temp_genesis/src/pages/RequestsPage.tsx(7,29): error TS2307: Cannot find module '@/types/request' or its corresponding type declarations.
temp_genesis/src/pages/RequestsPage.tsx(10,26): error TS2307: Cannot find module '@/hooks/use-toast' or its corresponding type declarations.
temp_genesis/src/pages/RequestsPage.tsx(11,25): error TS2307: Cannot find module '@/contexts/AuthContext' or its corresponding type declarations.
temp_genesis/src/pages/ResetPassword.tsx(2,24): error TS2307: Cannot find module '@/lib/logger' or its corresponding type declarations.
temp_genesis/src/pages/ResetPassword.tsx(4,24): error TS2307: Cannot find module '@/components/ui/button' or its corresponding type declarations.
temp_genesis/src/pages/ResetPassword.tsx(5,23): error TS2307: Cannot find module '@/components/ui/input' or its corresponding type declarations.
temp_genesis/src/pages/ResetPassword.tsx(6,23): error TS2307: Cannot find module '@/components/ui/label' or its corresponding type declarations.
temp_genesis/src/pages/ResetPassword.tsx(7,58): error TS2307: Cannot find module '@/components/ui/card' or its corresponding type declarations.
temp_genesis/src/pages/ResetPassword.tsx(8,41): error TS2307: Cannot find module '@/components/ui/alert' or its corresponding type declarations.
temp_genesis/src/pages/ResetPassword.tsx(9,29): error TS2307: Cannot find module '@/services/dataService' or its corresponding type declarations.
temp_genesis/src/pages/ResetPassword.tsx(10,25): error TS2307: Cannot find module '@/contexts/AuthContext' or its corresponding type declarations.
temp_genesis/src/pages/RestockHistoryPage.tsx(3,24): error TS2307: Cannot find module '@/lib/logger' or its corresponding type declarations.
temp_genesis/src/pages/RestockHistoryPage.tsx(4,23): error TS2307: Cannot find module '@/components/ui/badge' or its corresponding type declarations.
temp_genesis/src/pages/RestockHistoryPage.tsx(5,35): error TS2307: Cannot find module '@/components/ui/card' or its corresponding type declarations.
temp_genesis/src/pages/RestockHistoryPage.tsx(6,24): error TS2307: Cannot find module '@/components/ui/button' or its corresponding type declarations.
temp_genesis/src/pages/RestockHistoryPage.tsx(8,29): error TS2307: Cannot find module '@/services/dataService' or its corresponding type declarations.
temp_genesis/src/pages/RestockHistoryPage.tsx(9,23): error TS2307: Cannot find module '@/types/asset' or its corresponding type declarations.
temp_genesis/src/pages/ReturnProcessingPage.tsx(2,37): error TS2307: Cannot find module '@/types/asset' or its corresponding type declarations.
temp_genesis/src/pages/ReturnProcessingPage.tsx(3,24): error TS2307: Cannot find module '@/components/ui/button' or its corresponding type declarations.
temp_genesis/src/pages/ReturnProcessingPage.tsx(4,23): error TS2307: Cannot find module '@/components/ui/input' or its corresponding type declarations.
temp_genesis/src/pages/ReturnProcessingPage.tsx(5,75): error TS2307: Cannot find module '@/components/ui/card' or its corresponding type declarations.
temp_genesis/src/pages/ReturnWaybillDocumentPage.tsx(1,24): error TS2307: Cannot find module '@/components/ui/button' or its corresponding type declarations.
temp_genesis/src/pages/ReturnWaybillDocumentPage.tsx(2,23): error TS2307: Cannot find module '@/components/ui/badge' or its corresponding type declarations.
temp_genesis/src/pages/ReturnWaybillDocumentPage.tsx(3,27): error TS2307: Cannot find module '@/components/ui/separator' or its corresponding type declarations.
temp_genesis/src/pages/ReturnWaybillDocumentPage.tsx(4,48): error TS2307: Cannot find module '@/types/asset' or its corresponding type declarations.
temp_genesis/src/pages/ReturnWaybillDocumentPage.tsx(5,41): error TS2307: Cannot find module '@/utils/professionalPDFGenerator' or its corresponding type declarations.
temp_genesis/src/pages/ReturnWaybillDocumentPage.tsx(7,27): error TS2307: Cannot find module '@capacitor/core' or its corresponding type declarations.
temp_genesis/src/pages/ReturnWaybillDocumentPage.tsx(8,39): error TS2307: Cannot find module '@/utils/mobilePdfUtils' or its corresponding type declarations.
temp_genesis/src/pages/ReturnWaybillDocumentPage.tsx(9,25): error TS2307: Cannot find module '@/contexts/AuthContext' or its corresponding type declarations.
temp_genesis/src/pages/ReturnWaybillDocumentPage.tsx(10,29): error TS2307: Cannot find module '@/hooks/use-mobile' or its corresponding type declarations.
temp_genesis/src/pages/SignUp.tsx(2,24): error TS2307: Cannot find module '@/lib/logger' or its corresponding type declarations.
temp_genesis/src/pages/SignUp.tsx(3,25): error TS2307: Cannot find module '@/contexts/AuthContext' or its corresponding type declarations.
temp_genesis/src/pages/SignUp.tsx(5,24): error TS2307: Cannot find module '@/components/ui/button' or its corresponding type declarations.
temp_genesis/src/pages/SignUp.tsx(6,23): error TS2307: Cannot find module '@/components/ui/input' or its corresponding type declarations.
temp_genesis/src/pages/SignUp.tsx(7,23): error TS2307: Cannot find module '@/components/ui/label' or its corresponding type declarations.
temp_genesis/src/pages/SignUp.tsx(8,58): error TS2307: Cannot find module '@/components/ui/card' or its corresponding type declarations.
temp_genesis/src/pages/SignUp.tsx(9,41): error TS2307: Cannot find module '@/components/ui/alert' or its corresponding type declarations.
temp_genesis/src/pages/SiteAnalyticsPage.tsx(3,24): error TS2307: Cannot find module '@/components/ui/button' or its corresponding type declarations.
temp_genesis/src/pages/SiteAnalyticsPage.tsx(4,58): error TS2307: Cannot find module '@/components/ui/tabs' or its corresponding type declarations.
temp_genesis/src/pages/SiteAnalyticsPage.tsx(5,29): error TS2307: Cannot find module '@/types/asset' or its corresponding type declarations.
temp_genesis/src/pages/SiteAnalyticsPage.tsx(6,30): error TS2307: Cannot find module '@/types/equipment' or its corresponding type declarations.
temp_genesis/src/pages/SiteAnalyticsPage.tsx(7,36): error TS2307: Cannot find module '@/types/consumable' or its corresponding type declarations.
temp_genesis/src/pages/SiteAnalyticsPage.tsx(8,46): error TS2307: Cannot find module '@/components/sites/SiteWideMachineAnalyticsView' or its corresponding type declarations.
temp_genesis/src/pages/SiteAnalyticsPage.tsx(9,46): error TS2307: Cannot find module '@/components/sites/SiteConsumablesAnalyticsView' or its corresponding type declarations.
temp_genesis/src/pages/SiteAnalyticsPage.tsx(10,29): error TS2307: Cannot find module '@/hooks/use-mobile' or its corresponding type declarations.
temp_genesis/src/pages/SiteAnalyticsPage.tsx(11,79): error TS2307: Cannot find module '@/components/ui/select' or its corresponding type declarations.
temp_genesis/src/pages/SiteAssetDetailsPage.tsx(2,65): error TS2307: Cannot find module '@/types/asset' or its corresponding type declarations.
temp_genesis/src/pages/SiteAssetDetailsPage.tsx(3,45): error TS2307: Cannot find module '@/types/equipment' or its corresponding type declarations.
temp_genesis/src/pages/SiteAssetDetailsPage.tsx(4,36): error TS2307: Cannot find module '@/types/consumable' or its corresponding type declarations.
temp_genesis/src/pages/SiteAssetDetailsPage.tsx(5,24): error TS2307: Cannot find module '@/components/ui/button' or its corresponding type declarations.
temp_genesis/src/pages/SiteAssetDetailsPage.tsx(6,58): error TS2307: Cannot find module '@/components/ui/tabs' or its corresponding type declarations.
temp_genesis/src/pages/SiteAssetDetailsPage.tsx(7,75): error TS2307: Cannot find module '@/components/ui/card' or its corresponding type declarations.
temp_genesis/src/pages/SiteAssetDetailsPage.tsx(8,23): error TS2307: Cannot find module '@/components/ui/input' or its corresponding type declarations.
temp_genesis/src/pages/SiteAssetDetailsPage.tsx(9,23): error TS2307: Cannot find module '@/components/ui/label' or its corresponding type declarations.
temp_genesis/src/pages/SiteAssetDetailsPage.tsx(10,26): error TS2307: Cannot find module '@/components/ui/textarea' or its corresponding type declarations.
temp_genesis/src/pages/SiteAssetDetailsPage.tsx(11,26): error TS2307: Cannot find module '@/components/ui/checkbox' or its corresponding type declarations.
temp_genesis/src/pages/SiteAssetDetailsPage.tsx(12,79): error TS2307: Cannot find module '@/components/ui/select' or its corresponding type declarations.
temp_genesis/src/pages/SiteAssetDetailsPage.tsx(13,26): error TS2307: Cannot find module '@/components/ui/calendar' or its corresponding type declarations.
temp_genesis/src/pages/SiteAssetDetailsPage.tsx(14,80): error TS2307: Cannot find module '@/components/ui/dialog' or its corresponding type declarations.
temp_genesis/src/pages/SiteAssetDetailsPage.tsx(15,38): error TS2307: Cannot find module '@/components/sites/SiteMachineAnalytics' or its corresponding type declarations.
temp_genesis/src/pages/SiteAssetDetailsPage.tsx(16,41): error TS2307: Cannot find module '@/components/sites/ConsumableAnalyticsView' or its corresponding type declarations.
temp_genesis/src/pages/SiteAssetDetailsPage.tsx(19,112): error TS2307: Cannot find module '@/utils/defaultLogTemplate' or its corresponding type declarations.
temp_genesis/src/pages/SiteAssetDetailsPage.tsx(20,26): error TS2307: Cannot find module '@/hooks/use-toast' or its corresponding type declarations.
temp_genesis/src/pages/SiteAssetDetailsPage.tsx(21,24): error TS2307: Cannot find module '@/lib/logger' or its corresponding type declarations.
temp_genesis/src/pages/SiteAssetDetailsPage.tsx(22,29): error TS2307: Cannot find module '@/hooks/use-mobile' or its corresponding type declarations.
temp_genesis/src/pages/SiteWorkerDashboard.tsx(2,25): error TS2307: Cannot find module '@/contexts/AuthContext' or its corresponding type declarations.
temp_genesis/src/pages/SiteWorkerDashboard.tsx(3,28): error TS2307: Cannot find module '@/contexts/AppDataContext' or its corresponding type declarations.
temp_genesis/src/pages/SiteWorkerDashboard.tsx(4,58): error TS2307: Cannot find module '@/components/ui/tabs' or its corresponding type declarations.
temp_genesis/src/pages/SiteWorkerDashboard.tsx(5,58): error TS2307: Cannot find module '@/components/ui/card' or its corresponding type declarations.
temp_genesis/src/pages/SiteWorkerDashboard.tsx(6,23): error TS2307: Cannot find module '@/components/ui/badge' or its corresponding type declarations.
temp_genesis/src/pages/SiteWorkerDashboard.tsx(7,29): error TS2307: Cannot find module '@/components/requests/RequestForm' or its corresponding type declarations.
temp_genesis/src/pages/SiteWorkerDashboard.tsx(8,29): error TS2307: Cannot find module '@/components/requests/RequestList' or its corresponding type declarations.
temp_genesis/src/pages/SiteWorkerDashboard.tsx(9,33): error TS2307: Cannot find module '@/components/sites/MachinesSection' or its corresponding type declarations.
temp_genesis/src/pages/SiteWorkerDashboard.tsx(10,36): error TS2307: Cannot find module '@/components/sites/ConsumablesSection' or its corresponding type declarations.
temp_genesis/src/pages/SiteWorkerDashboard.tsx(11,38): error TS2307: Cannot find module '@/pages/SiteAssetDetailsPage' or its corresponding type declarations.
temp_genesis/src/pages/SiteWorkerDashboard.tsx(12,36): error TS2307: Cannot find module '@/pages/AssetAnalyticsPage' or its corresponding type declarations.
temp_genesis/src/pages/SiteWorkerDashboard.tsx(13,46): error TS2307: Cannot find module '@/components/sites/SiteWideMachineAnalyticsView' or its corresponding type declarations.
temp_genesis/src/pages/SiteWorkerDashboard.tsx(14,46): error TS2307: Cannot find module '@/components/sites/SiteConsumablesAnalyticsView' or its corresponding type declarations.
temp_genesis/src/pages/SiteWorkerDashboard.tsx(15,31): error TS2307: Cannot find module '@/components/sites/BulkLogDialog' or its corresponding type declarations.
temp_genesis/src/pages/SiteWorkerDashboard.tsx(16,29): error TS2307: Cannot find module '@/types/asset' or its corresponding type declarations.
temp_genesis/src/pages/SiteWorkerDashboard.tsx(17,30): error TS2307: Cannot find module '@/types/equipment' or its corresponding type declarations.
temp_genesis/src/pages/SiteWorkerDashboard.tsx(18,36): error TS2307: Cannot find module '@/types/consumable' or its corresponding type declarations.
temp_genesis/src/pages/SiteWorkerDashboard.tsx(19,29): error TS2307: Cannot find module '@/services/dataService' or its corresponding type declarations.
temp_genesis/src/pages/SiteWorkerDashboard.tsx(24,24): error TS2307: Cannot find module '@/components/ui/button' or its corresponding type declarations.
temp_genesis/src/pages/SiteWorkerDashboard.tsx(25,27): error TS2307: Cannot find module '@/components/ui/separator' or its corresponding type declarations.
temp_genesis/src/pages/VehicleAnalyticsPage.tsx(1,24): error TS2307: Cannot find module '@/components/ui/button' or its corresponding type declarations.
temp_genesis/src/pages/VehicleAnalyticsPage.tsx(2,58): error TS2307: Cannot find module '@/components/ui/card' or its corresponding type declarations.
temp_genesis/src/pages/VehicleAnalyticsPage.tsx(3,34): error TS2307: Cannot find module '@/types/asset' or its corresponding type declarations.
temp_genesis/src/pages/VehicleAnalyticsPage.tsx(4,23): error TS2307: Cannot find module '@/components/ui/badge' or its corresponding type declarations.
temp_genesis/src/pages/VehicleAnalyticsPage.tsx(7,29): error TS2307: Cannot find module '@/hooks/use-mobile' or its corresponding type declarations.
temp_genesis/src/pages/VehicleAnalyticsPage.tsx(8,20): error TS2307: Cannot find module '@/lib/utils' or its corresponding type declarations.
temp_genesis/src/pages/VehicleAnalyticsPage.tsx(9,27): error TS2307: Cannot find module '@/components/ui/separator' or its corresponding type declarations.
temp_genesis/src/pages/WaybillDocumentPage.tsx(1,24): error TS2307: Cannot find module '@/components/ui/button' or its corresponding type declarations.
temp_genesis/src/pages/WaybillDocumentPage.tsx(2,23): error TS2307: Cannot find module '@/components/ui/badge' or its corresponding type declarations.
temp_genesis/src/pages/WaybillDocumentPage.tsx(3,27): error TS2307: Cannot find module '@/components/ui/separator' or its corresponding type declarations.
temp_genesis/src/pages/WaybillDocumentPage.tsx(4,48): error TS2307: Cannot find module '@/types/asset' or its corresponding type declarations.
temp_genesis/src/pages/WaybillDocumentPage.tsx(5,41): error TS2307: Cannot find module '@/utils/professionalPDFGenerator' or its corresponding type declarations.
temp_genesis/src/pages/WaybillDocumentPage.tsx(7,27): error TS2307: Cannot find module '@capacitor/core' or its corresponding type declarations.
temp_genesis/src/pages/WaybillDocumentPage.tsx(8,39): error TS2307: Cannot find module '@/utils/mobilePdfUtils' or its corresponding type declarations.
temp_genesis/src/pages/WaybillDocumentPage.tsx(9,25): error TS2307: Cannot find module '@/contexts/AuthContext' or its corresponding type declarations.
temp_genesis/src/pages/WaybillDocumentPage.tsx(10,29): error TS2307: Cannot find module '@/hooks/use-mobile' or its corresponding type declarations.
temp_genesis/src/pages/WaybillDocumentPage.tsx(11,26): error TS2307: Cannot find module '@/hooks/use-toast' or its corresponding type declarations.
temp_genesis/src/services/aiAssistant/actionExecutor.ts(2,23): error TS2307: Cannot find module '@/types/asset' or its corresponding type declarations.
temp_genesis/src/services/aiAssistant/entityExtraction.ts(1,18): error TS2307: Cannot find module 'fuse.js' or its corresponding type declarations.
temp_genesis/src/services/aiAssistant/entityExtraction.ts(2,48): error TS2307: Cannot find module '@/types/asset' or its corresponding type declarations.
temp_genesis/src/services/aiAssistant/index.ts(1,26): error TS2307: Cannot find module '@/contexts/AuthContext' or its corresponding type declarations.
temp_genesis/src/services/aiAssistant/index.ts(2,48): error TS2307: Cannot find module '@/types/asset' or its corresponding type declarations.
temp_genesis/src/services/aiAssistant/index.ts(10,26): error TS2307: Cannot find module '@/config/aiConfig' or its corresponding type declarations.
temp_genesis/src/services/aiAssistant/index.ts(11,24): error TS2307: Cannot find module '@/lib/logger' or its corresponding type declarations.
temp_genesis/src/services/aiAssistant/permissionChecker.ts(1,26): error TS2307: Cannot find module '@/contexts/AuthContext' or its corresponding type declarations.
temp_genesis/src/services/aiAssistant/types.ts(1,26): error TS2307: Cannot find module '@/contexts/AuthContext' or its corresponding type declarations.
temp_genesis/src/services/aiAssistant/types.ts(2,48): error TS2307: Cannot find module '@/types/asset' or its corresponding type declarations.
temp_genesis/src/services/dataService.ts(8,44): error TS2307: Cannot find module '@/integrations/supabase/client' or its corresponding type declarations.
temp_genesis/src/services/dataService.ts(11,20): error TS2307: Cannot find module 'bcryptjs' or its corresponding type declarations.
temp_genesis/src/services/dataService.ts(12,37): error TS2307: Cannot find module '@/contexts/AuthContext' or its corresponding type declarations.
temp_genesis/src/services/dataService.ts(23,8): error TS2307: Cannot find module '@/types/asset' or its corresponding type declarations.
temp_genesis/src/services/dataService.ts(24,29): error TS2307: Cannot find module '@/lib/totp' or its corresponding type declarations.
temp_genesis/src/services/dataService.ts(25,35): error TS2307: Cannot find module '@/types/equipment' or its corresponding type declarations.
temp_genesis/src/services/dataService.ts(26,41): error TS2307: Cannot find module '@/types/consumable' or its corresponding type declarations.
temp_genesis/src/services/dataService.ts(27,37): error TS2307: Cannot find module '@/types/maintenance' or its corresponding type declarations.
temp_genesis/src/services/dataService.ts(53,8): error TS2307: Cannot find module '@/utils/dataTransform' or its corresponding type declarations.
temp_genesis/src/services/dataService.ts(57,8): error TS2307: Cannot find module '@/utils/requestTransform' or its corresponding type declarations.
temp_genesis/src/services/dataService.ts(58,34): error TS2307: Cannot find module '@/types/request' or its corresponding type declarations.
temp_genesis/src/utils/activityLogger.ts(1,26): error TS2307: Cannot find module '@/types/asset' or its corresponding type declarations.
temp_genesis/src/utils/activityLogger.ts(2,24): error TS2307: Cannot find module '@/lib/logger' or its corresponding type declarations.
temp_genesis/src/utils/activityLogger.ts(3,29): error TS2307: Cannot find module '@/services/dataService' or its corresponding type declarations.
temp_genesis/src/utils/auditReportGenerator.ts(3,80): error TS2307: Cannot find module '@/types/asset' or its corresponding type declarations.
temp_genesis/src/utils/auditReportGenerator.ts(4,30): error TS2307: Cannot find module '@/types/equipment' or its corresponding type declarations.
temp_genesis/src/utils/auditReportGenerator.ts(5,36): error TS2307: Cannot find module '@/types/consumable' or its corresponding type declarations.
temp_genesis/src/utils/auditReportGenerator.ts(6,24): error TS2307: Cannot find module '@/lib/logger' or its corresponding type declarations.
temp_genesis/src/utils/dataValidation.ts(6,57): error TS2307: Cannot find module '@/types/asset' or its corresponding type declarations.
temp_genesis/src/utils/dataValidation.ts(390,74): error TS2365: Operator '+' cannot be applied to types 'unknown' and 'unknown'.
temp_genesis/src/utils/dataValidation.ts(391,61): error TS2363: The right-hand side of an arithmetic operation must be of type 'any', 'number', 'bigint' or an enum type.
temp_genesis/src/utils/defaultLogTemplate.ts(1,45): error TS2307: Cannot find module '@/types/equipment' or its corresponding type declarations.
temp_genesis/src/utils/excelParser.ts(2,23): error TS2307: Cannot find module '@/types/asset' or its corresponding type declarations.
temp_genesis/src/utils/exportUtils.ts(2,40): error TS2307: Cannot find module '@/types/asset' or its corresponding type declarations.
temp_genesis/src/utils/exportUtils.ts(3,41): error TS2307: Cannot find module '@/types/maintenance' or its corresponding type declarations.
temp_genesis/src/utils/exportUtils.ts(5,27): error TS2307: Cannot find module '@capacitor/core' or its corresponding type declarations.
temp_genesis/src/utils/mobilePdfUtils.ts(1,39): error TS2307: Cannot find module '@capacitor/filesystem' or its corresponding type declarations.
temp_genesis/src/utils/mobilePdfUtils.ts(2,23): error TS2307: Cannot find module '@capacitor/share' or its corresponding type declarations.
temp_genesis/src/utils/mobilePdfUtils.ts(3,27): error TS2307: Cannot find module '@capacitor/core' or its corresponding type declarations.
temp_genesis/src/utils/mobilePdfUtils.ts(4,23): error TS2307: Cannot find module '@/hooks/use-toast' or its corresponding type declarations.
temp_genesis/src/utils/orphanedRecordsHandler.ts(6,38): error TS2307: Cannot find module '@/types/asset' or its corresponding type declarations.
temp_genesis/src/utils/orphanedRecordsHandler.ts(7,24): error TS2307: Cannot find module '@/lib/logger' or its corresponding type declarations.
temp_genesis/src/utils/pdfGenerator.ts(4,23): error TS2307: Cannot find module '@/types/asset' or its corresponding type declarations.
temp_genesis/src/utils/pdfGenerator.ts(5,33): error TS2307: Cannot find module '@/types/asset' or its corresponding type declarations.
temp_genesis/src/utils/pdfGenerator.ts(6,24): error TS2307: Cannot find module '@/lib/logger' or its corresponding type declarations.
temp_genesis/src/utils/pdfGenerator.ts(7,27): error TS2307: Cannot find module '@capacitor/core' or its corresponding type declarations.
temp_genesis/src/utils/professionalPDFGenerator.ts(3,57): error TS2307: Cannot find module '@/types/asset' or its corresponding type declarations.
temp_genesis/src/utils/professionalPDFGenerator.ts(4,24): error TS2307: Cannot find module '@/lib/logger' or its corresponding type declarations.
temp_genesis/src/utils/transactionManager.ts(6,23): error TS2307: Cannot find module '@/types/asset' or its corresponding type declarations.
temp_genesis/src/utils/transactionManager.ts(7,24): error TS2307: Cannot find module '@/lib/logger' or its corresponding type declarations.
temp_genesis/src/utils/unifiedReportGenerator.ts(3,33): error TS2307: Cannot find module '@/types/asset' or its corresponding type declarations.
temp_genesis/src/utils/unifiedReportGenerator.ts(4,24): error TS2307: Cannot find module '@/lib/logger' or its corresponding type declarations.
temp_genesis/src/utils/unifiedReportGenerator.ts(5,27): error TS2307: Cannot find module '@capacitor/core' or its corresponding type declarations.
temp_genesis/src/utils/unifiedReportGenerator.ts(6,39): error TS2307: Cannot find module '@/utils/mobilePdfUtils' or its corresponding type declarations.
temp_genesis/supabase/functions/auth/index.ts(1,23): error TS2307: Cannot find module 'https://deno.land/std@0.168.0/http/server.ts' or its corresponding type declarations.
temp_genesis/supabase/functions/auth/index.ts(2,30): error TS2307: Cannot find module 'https://esm.sh/@supabase/supabase-js@2' or its corresponding type declarations.
temp_genesis/supabase/functions/auth/index.ts(3,25): error TS2307: Cannot find module 'https://deno.land/x/bcrypt@v0.4.1/mod.ts' or its corresponding type declarations.
temp_genesis/supabase/functions/auth/index.ts(14,15): error TS2304: Cannot find name 'Deno'.
temp_genesis/supabase/functions/auth/index.ts(15,22): error TS2304: Cannot find name 'Deno'.
temp_genesis/supabase/functions/remove-bg-proxy/index.ts(1,23): error TS2307: Cannot find module 'https://deno.land/std@0.168.0/http/server.ts' or its corresponding type declarations.
temp_genesis/supabase/functions/remove-bg-proxy/index.ts(14,20): error TS2304: Cannot find name 'Deno'.
temp_genesis/tailwind.config.ts(4,3): error TS2322: Type '["class"]' is not assignable to type 'DarkModeStrategy'.
  Type '["class"]' is not assignable to type '["class", string]'.
    Source has 1 element(s) but target requires 2.
temp_genesis/vite.config.ts(2,19): error TS2307: Cannot find module '@vitejs/plugin-react-swc' or its corresponding type declarations.
temp_genesis/vite.config.ts(4,33): error TS2307: Cannot find module 'lovable-tagger' or its corresponding type declarations.
