
> dcel-hr-app@1.1.2 build:dev
> vite build

[36mvite v6.4.1 [32mbuilding for production...[36m[39m
transforming...
[32mΓ£ô[39m 23 modules transformed.
node.exe : [31mΓ£ù[39m Build failed in 1.46s
At C:\Program Files\nodejs\npm.ps1:29 char:3
+   & $NODE_EXE $NPM_CLI_JS $args
+   ~~~~~~~~~~~~~~~~~~~~~~~~~~~~~
    + CategoryInfo          : NotSpecified: ([31mΓ£ù[39m Build failed in 1.46s:String) [], RemoteException
    + FullyQualifiedErrorId : NativeCommandError
 
[31merror during build:
[31m[vite:esbuild] Transform failed with 5 errors:
C:/Users/USER/Desktop/assign/spark-beginnings/src/pages/Attendance.tsx:1292:10: ERROR: Unexpected closing 
"TabsContent" tag does not match opening "div" tag
C:/Users/USER/Desktop/assign/spark-beginnings/src/pages/Attendance.tsx:1499:8: ERROR: Unexpected closing "Tabs" tag 
does not match opening "TabsContent" tag
C:/Users/USER/Desktop/assign/spark-beginnings/src/pages/Attendance.tsx:1655:6: ERROR: Unexpected closing "div" tag 
does not match opening "Tabs" tag
C:/Users/USER/Desktop/assign/spark-beginnings/src/pages/Attendance.tsx:1657:0: ERROR: The character "}" is not valid 
inside a JSX element
C:/Users/USER/Desktop/assign/spark-beginnings/src/pages/Attendance.tsx:1659:0: ERROR: Unexpected end of file before a 
closing "div" tag[31m
file: [36mC:/Users/USER/Desktop/assign/spark-beginnings/src/pages/Attendance.tsx:1292:10[31m
[33m
[33mUnexpected closing "TabsContent" tag does not match opening "div" tag[33m
1290|              </div>
1291|            </div>
1292|          </TabsContent>
   |            ^
1293|  
1294|          <TabsContent active={activeTab === 'database'} className="flex-1 flex flex-col min-h-0 mt-0">

[33mUnexpected closing "Tabs" tag does not match opening "TabsContent" tag[33m
1497|            </div>
1498|          </TabsContent>
1499|        </Tabs>
   |          ^
1500|  
1501|  

[33mUnexpected closing "div" tag does not match opening "Tabs" tag[33m
1653|          </div>
1654|        )}
1655|      </div>
   |        ^
1656|    );
1657|  }

[33mThe character "}" is not valid inside a JSX element[33m
1655|      </div>
1656|    );
1657|  }
   |  ^
1658|  
1659|  

[33mUnexpected end of file before a closing "div" tag[33m
1657|  }
1658|  
1659|  
   |  ^
[31m
    at failureErrorWithLog 
(C:\Users\USER\Desktop\assign\spark-beginnings\node_modules\vite\node_modules\esbuild\lib\main.js:1467:15)
    at C:\Users\USER\Desktop\assign\spark-beginnings\node_modules\vite\node_modules\esbuild\lib\main.js:736:50
    at responseCallbacks.<computed> 
(C:\Users\USER\Desktop\assign\spark-beginnings\node_modules\vite\node_modules\esbuild\lib\main.js:603:9)
    at handleIncomingPacket 
(C:\Users\USER\Desktop\assign\spark-beginnings\node_modules\vite\node_modules\esbuild\lib\main.js:658:12)
    at Socket.readFromStdout 
(C:\Users\USER\Desktop\assign\spark-beginnings\node_modules\vite\node_modules\esbuild\lib\main.js:581:7)
    at Socket.emit (node:events:518:28)
    at addChunk (node:internal/streams/readable:561:12)
    at readableAddChunkPushByteMode (node:internal/streams/readable:512:3)
    at Readable.push (node:internal/streams/readable:392:5)
    at Pipe.onStreamRead (node:internal/stream_base_commons:189:23)[39m
