src/pages/Payroll.tsx(1114,98): error TS2304: Cannot find name 'AVAILABLE_COLUMNS'.
src/pages/Payroll.tsx(1114,130): error TS2304: Cannot find name 'AVAILABLE_COLUMNS'.
src/pages/Payroll.tsx(1116,60): error TS2304: Cannot find name 'AVAILABLE_COLUMNS'.
src/pages/Payroll.tsx(1120,26): error TS2304: Cannot find name 'AVAILABLE_COLUMNS'.
