src/pages/Beneficiaries.tsx(3,24): error TS2307: Cannot find module '@/src/components/ui/button' or its corresponding type declarations.
src/pages/Beneficiaries.tsx(4,23): error TS2307: Cannot find module '@/src/components/ui/input' or its corresponding type declarations.
src/pages/Beneficiaries.tsx(5,79): error TS2307: Cannot find module '@/src/components/ui/table' or its corresponding type declarations.
src/pages/Beneficiaries.tsx(6,23): error TS2307: Cannot find module '@/src/components/ui/badge' or its corresponding type declarations.
src/pages/Beneficiaries.tsx(7,53): error TS2307: Cannot find module '@/src/components/ui/avatar' or its corresponding type declarations.
src/pages/Beneficiaries.tsx(9,54): error TS2307: Cannot find module '@/src/store/appStore' or its corresponding type declarations.
src/pages/Beneficiaries.tsx(10,75): error TS2307: Cannot find module '@/src/components/ui/card' or its corresponding type declarations.
src/pages/Beneficiaries.tsx(11,36): error TS2307: Cannot find module '@/src/components/ui/toast' or its corresponding type declarations.
src/pages/Beneficiaries.tsx(12,25): error TS2307: Cannot find module '@/src/hooks/usePriv' or its corresponding type declarations.
src/pages/Beneficiaries.tsx(13,30): error TS2307: Cannot find module '@/src/hooks/useRedaction' or its corresponding type declarations.
src/pages/Beneficiaries.tsx(14,24): error TS2307: Cannot find module '@/src/components/ui/dialog' or its corresponding type declarations.
src/pages/Beneficiaries.tsx(15,28): error TS2307: Cannot find module '@/src/contexts/AppDataContext' or its corresponding type declarations.
